Cloning into '/var/folders/0n/49qgdd8x7kgcvh719fw743mh0000gn/T/wpscomposer-semantic-matrix05-o0mm28h9/checkout'...
done.
Note: switching to '415c9d04f38e5d4a744baadce75a39bf76dc8cca'.

You are in 'detached HEAD' state. You can look around, make experimental
changes and commit them, and you can discard any commits you make in this
state without impacting any branches by switching back to a branch.

If you want to create a new branch to retain commits you create, you may
do so (now or later) by using -c with the switch command. Example:

  git switch -c <new-branch-name>

Or undo this operation with:

  git switch -

Turn off this advice by setting config variable advice.detachedHead to false

Updating files:  19% (2893/14684)
Updating files:  20% (2937/14684)
Updating files:  21% (3084/14684)
Updating files:  22% (3231/14684)
Updating files:  23% (3378/14684)
Updating files:  24% (3525/14684)
Updating files:  25% (3671/14684)
Updating files:  26% (3818/14684)
Updating files:  27% (3965/14684)
Updating files:  28% (4112/14684)
Updating files:  29% (4259/14684)
Updating files:  30% (4406/14684)
Updating files:  31% (4553/14684)
Updating files:  32% (4699/14684)
Updating files:  33% (4846/14684)
Updating files:  34% (4993/14684)
Updating files:  35% (5140/14684)
Updating files:  36% (5287/14684)
Updating files:  37% (5434/14684)
Updating files:  38% (5580/14684)
Updating files:  38% (5693/14684)
Updating files:  39% (5727/14684)
Updating files:  40% (5874/14684)
Updating files:  41% (6021/14684)
Updating files:  42% (6168/14684)
Updating files:  43% (6315/14684)
Updating files:  44% (6461/14684)
Updating files:  45% (6608/14684)
Updating files:  46% (6755/14684)
Updating files:  47% (6902/14684)
Updating files:  48% (7049/14684)
Updating files:  49% (7196/14684)
Updating files:  50% (7342/14684)
Updating files:  51% (7489/14684)
Updating files:  52% (7636/14684)
Updating files:  53% (7783/14684)
Updating files:  54% (7930/14684)
Updating files:  55% (8077/14684)
Updating files:  56% (8224/14684)
Updating files:  57% (8370/14684)
Updating files:  58% (8517/14684)
Updating files:  59% (8664/14684)
Updating files:  59% (8806/14684)
Updating files:  60% (8811/14684)
Updating files:  61% (8958/14684)
Updating files:  62% (9105/14684)
Updating files:  63% (9251/14684)
Updating files:  64% (9398/14684)
Updating files:  65% (9545/14684)
Updating files:  66% (9692/14684)
Updating files:  67% (9839/14684)
Updating files:  68% (9986/14684)
Updating files:  69% (10132/14684)
Updating files:  70% (10279/14684)
Updating files:  71% (10426/14684)
Updating files:  72% (10573/14684)
Updating files:  73% (10720/14684)
Updating files:  74% (10867/14684)
Updating files:  75% (11013/14684)
Updating files:  76% (11160/14684)
Updating files:  77% (11307/14684)
Updating files:  77% (11446/14684)
Updating files:  78% (11454/14684)
Updating files:  79% (11601/14684)
Updating files:  80% (11748/14684)
Updating files:  81% (11895/14684)
Updating files:  82% (12041/14684)
Updating files:  83% (12188/14684)
Updating files:  84% (12335/14684)
Updating files:  85% (12482/14684)
Updating files:  86% (12629/14684)
Updating files:  87% (12776/14684)
Updating files:  88% (12922/14684)
Updating files:  89% (13069/14684)
Updating files:  90% (13216/14684)
Updating files:  91% (13363/14684)
Updating files:  92% (13510/14684)
Updating files:  93% (13657/14684)
Updating files:  94% (13803/14684)
Updating files:  94% (13931/14684)
Updating files:  95% (13950/14684)
Updating files:  96% (14097/14684)
Updating files:  97% (14244/14684)
Updating files:  98% (14391/14684)
Updating files:  99% (14538/14684)
Updating files: 100% (14684/14684)
Updating files: 100% (14684/14684), done.
