* Creating isolated environment: venv+pip...
* Installing packages in isolated environment:
  - setuptools>=68
* Getting build dependencies for sdist...
running egg_info
writing wps_composer.egg-info/PKG-INFO
writing dependency_links to wps_composer.egg-info/dependency_links.txt
writing requirements to wps_composer.egg-info/requires.txt
writing top-level names to wps_composer.egg-info/top_level.txt
reading manifest file 'wps_composer.egg-info/SOURCES.txt'
writing manifest file 'wps_composer.egg-info/SOURCES.txt'
* Building sdist...
running sdist
running egg_info
writing wps_composer.egg-info/PKG-INFO
writing dependency_links to wps_composer.egg-info/dependency_links.txt
writing requirements to wps_composer.egg-info/requires.txt
writing top-level names to wps_composer.egg-info/top_level.txt
reading manifest file 'wps_composer.egg-info/SOURCES.txt'
writing manifest file 'wps_composer.egg-info/SOURCES.txt'
running check
creating wps_composer-0.9.0
creating wps_composer-0.9.0/skills
creating wps_composer-0.9.0/skills/WPSComposer
creating wps_composer-0.9.0/skills/WPSComposer/scripts
creating wps_composer-0.9.0/skills/WPSComposer/scripts/longform
creating wps_composer-0.9.0/skills/WPSComposer/scripts/longform_m0
creating wps_composer-0.9.0/skills/WPSComposer/scripts/macos_probe
creating wps_composer-0.9.0/skills/WPSComposer/scripts/msoffice
creating wps_composer-0.9.0/skills/WPSComposer/scripts/plugins
creating wps_composer-0.9.0/skills/WPSComposer/scripts/renderers
creating wps_composer-0.9.0/tests
creating wps_composer-0.9.0/wps_composer.egg-info
copying files to wps_composer-0.9.0...
copying README.md -> wps_composer-0.9.0
copying pyproject.toml -> wps_composer-0.9.0
copying skills/__init__.py -> wps_composer-0.9.0/skills
copying skills/WPSComposer/__init__.py -> wps_composer-0.9.0/skills/WPSComposer
copying skills/WPSComposer/scripts/__init__.py -> wps_composer-0.9.0/skills/WPSComposer/scripts
copying skills/WPSComposer/scripts/_base.py -> wps_composer-0.9.0/skills/WPSComposer/scripts
copying skills/WPSComposer/scripts/_colors.py -> wps_composer-0.9.0/skills/WPSComposer/scripts
copying skills/WPSComposer/scripts/_dispatch.py -> wps_composer-0.9.0/skills/WPSComposer/scripts
copying skills/WPSComposer/scripts/_spawn_bootstrap.py -> wps_composer-0.9.0/skills/WPSComposer/scripts
copying skills/WPSComposer/scripts/artifact_transport.py -> wps_composer-0.9.0/skills/WPSComposer/scripts
copying skills/WPSComposer/scripts/conversion.py -> wps_composer-0.9.0/skills/WPSComposer/scripts
copying skills/WPSComposer/scripts/design_presets.py -> wps_composer-0.9.0/skills/WPSComposer/scripts
copying skills/WPSComposer/scripts/document_api.py -> wps_composer-0.9.0/skills/WPSComposer/scripts
copying skills/WPSComposer/scripts/document_model.py -> wps_composer-0.9.0/skills/WPSComposer/scripts
copying skills/WPSComposer/scripts/formatting.py -> wps_composer-0.9.0/skills/WPSComposer/scripts
copying skills/WPSComposer/scripts/generation_plan.py -> wps_composer-0.9.0/skills/WPSComposer/scripts
copying skills/WPSComposer/scripts/heading_numbering.py -> wps_composer-0.9.0/skills/WPSComposer/scripts
copying skills/WPSComposer/scripts/layout_templates.py -> wps_composer-0.9.0/skills/WPSComposer/scripts
copying skills/WPSComposer/scripts/longform_m3_evidence.py -> wps_composer-0.9.0/skills/WPSComposer/scripts
copying skills/WPSComposer/scripts/longform_m4_evidence.py -> wps_composer-0.9.0/skills/WPSComposer/scripts
copying skills/WPSComposer/scripts/longform_m5_evidence.py -> wps_composer-0.9.0/skills/WPSComposer/scripts
copying skills/WPSComposer/scripts/math_render.py -> wps_composer-0.9.0/skills/WPSComposer/scripts
copying skills/WPSComposer/scripts/md_parser.py -> wps_composer-0.9.0/skills/WPSComposer/scripts
copying skills/WPSComposer/scripts/numbering_native.py -> wps_composer-0.9.0/skills/WPSComposer/scripts
copying skills/WPSComposer/scripts/office_engines.py -> wps_composer-0.9.0/skills/WPSComposer/scripts
copying skills/WPSComposer/scripts/orchestrator.py -> wps_composer-0.9.0/skills/WPSComposer/scripts
copying skills/WPSComposer/scripts/pdf.py -> wps_composer-0.9.0/skills/WPSComposer/scripts
copying skills/WPSComposer/scripts/presentation.py -> wps_composer-0.9.0/skills/WPSComposer/scripts
copying skills/WPSComposer/scripts/quality_checks.py -> wps_composer-0.9.0/skills/WPSComposer/scripts
copying skills/WPSComposer/scripts/recording_composers.py -> wps_composer-0.9.0/skills/WPSComposer/scripts
copying skills/WPSComposer/scripts/reference_styles.py -> wps_composer-0.9.0/skills/WPSComposer/scripts
copying skills/WPSComposer/scripts/sheet.py -> wps_composer-0.9.0/skills/WPSComposer/scripts
copying skills/WPSComposer/scripts/slide.py -> wps_composer-0.9.0/skills/WPSComposer/scripts
copying skills/WPSComposer/scripts/update_longform_recovery_matrix.py -> wps_composer-0.9.0/skills/WPSComposer/scripts
copying skills/WPSComposer/scripts/windows_conversion.py -> wps_composer-0.9.0/skills/WPSComposer/scripts
copying skills/WPSComposer/scripts/wps_engine.py -> wps_composer-0.9.0/skills/WPSComposer/scripts
copying skills/WPSComposer/scripts/writer.py -> wps_composer-0.9.0/skills/WPSComposer/scripts
copying skills/WPSComposer/scripts/longform/__init__.py -> wps_composer-0.9.0/skills/WPSComposer/scripts/longform
copying skills/WPSComposer/scripts/longform/bookmark_ids.py -> wps_composer-0.9.0/skills/WPSComposer/scripts/longform
copying skills/WPSComposer/scripts/longform/citation_ids.py -> wps_composer-0.9.0/skills/WPSComposer/scripts/longform
copying skills/WPSComposer/scripts/longform/degradation.py -> wps_composer-0.9.0/skills/WPSComposer/scripts/longform
copying skills/WPSComposer/scripts/longform/directives.py -> wps_composer-0.9.0/skills/WPSComposer/scripts/longform
copying skills/WPSComposer/scripts/longform/executor.py -> wps_composer-0.9.0/skills/WPSComposer/scripts/longform
copying skills/WPSComposer/scripts/longform/field_contract.py -> wps_composer-0.9.0/skills/WPSComposer/scripts/longform
copying skills/WPSComposer/scripts/longform/formula.py -> wps_composer-0.9.0/skills/WPSComposer/scripts/longform
copying skills/WPSComposer/scripts/longform/frontmatter_parser.py -> wps_composer-0.9.0/skills/WPSComposer/scripts/longform
copying skills/WPSComposer/scripts/longform/image_policy.py -> wps_composer-0.9.0/skills/WPSComposer/scripts/longform
copying skills/WPSComposer/scripts/longform/lifecycle.py -> wps_composer-0.9.0/skills/WPSComposer/scripts/longform
copying skills/WPSComposer/scripts/longform/macos_executor.py -> wps_composer-0.9.0/skills/WPSComposer/scripts/longform
copying skills/WPSComposer/scripts/longform/md_parser_longform.py -> wps_composer-0.9.0/skills/WPSComposer/scripts/longform
copying skills/WPSComposer/scripts/longform/native_fields.py -> wps_composer-0.9.0/skills/WPSComposer/scripts/longform
copying skills/WPSComposer/scripts/longform/native_math.py -> wps_composer-0.9.0/skills/WPSComposer/scripts/longform
copying skills/WPSComposer/scripts/longform/page_policy.py -> wps_composer-0.9.0/skills/WPSComposer/scripts/longform
copying skills/WPSComposer/scripts/longform/pdf_quality.py -> wps_composer-0.9.0/skills/WPSComposer/scripts/longform
copying skills/WPSComposer/scripts/longform/pipeline.py -> wps_composer-0.9.0/skills/WPSComposer/scripts/longform
copying skills/WPSComposer/scripts/longform/plan.py -> wps_composer-0.9.0/skills/WPSComposer/scripts/longform
copying skills/WPSComposer/scripts/longform/platform_runtime.py -> wps_composer-0.9.0/skills/WPSComposer/scripts/longform
copying skills/WPSComposer/scripts/longform/policy.py -> wps_composer-0.9.0/skills/WPSComposer/scripts/longform
copying skills/WPSComposer/scripts/longform/privacy.py -> wps_composer-0.9.0/skills/WPSComposer/scripts/longform
copying skills/WPSComposer/scripts/longform/quality.py -> wps_composer-0.9.0/skills/WPSComposer/scripts/longform
copying skills/WPSComposer/scripts/longform/relayout.py -> wps_composer-0.9.0/skills/WPSComposer/scripts/longform
copying skills/WPSComposer/scripts/longform/resources.py -> wps_composer-0.9.0/skills/WPSComposer/scripts/longform
copying skills/WPSComposer/scripts/longform/semantic.py -> wps_composer-0.9.0/skills/WPSComposer/scripts/longform
copying skills/WPSComposer/scripts/longform/table_policy.py -> wps_composer-0.9.0/skills/WPSComposer/scripts/longform
copying skills/WPSComposer/scripts/longform/unicode_text.py -> wps_composer-0.9.0/skills/WPSComposer/scripts/longform
copying skills/WPSComposer/scripts/longform/windows_executor.py -> wps_composer-0.9.0/skills/WPSComposer/scripts/longform
copying skills/WPSComposer/scripts/longform_m0/__init__.py -> wps_composer-0.9.0/skills/WPSComposer/scripts/longform_m0
copying skills/WPSComposer/scripts/longform_m0/__main__.py -> wps_composer-0.9.0/skills/WPSComposer/scripts/longform_m0
copying skills/WPSComposer/scripts/longform_m0/contracts.py -> wps_composer-0.9.0/skills/WPSComposer/scripts/longform_m0
copying skills/WPSComposer/scripts/longform_m0/host_checks.py -> wps_composer-0.9.0/skills/WPSComposer/scripts/longform_m0
copying skills/WPSComposer/scripts/longform_m0/macos.py -> wps_composer-0.9.0/skills/WPSComposer/scripts/longform_m0
copying skills/WPSComposer/scripts/longform_m0/windows.py -> wps_composer-0.9.0/skills/WPSComposer/scripts/longform_m0
copying skills/WPSComposer/scripts/macos_probe/__init__.py -> wps_composer-0.9.0/skills/WPSComposer/scripts/macos_probe
copying skills/WPSComposer/scripts/macos_probe/__main__.py -> wps_composer-0.9.0/skills/WPSComposer/scripts/macos_probe
copying skills/WPSComposer/scripts/macos_probe/bridge.py -> wps_composer-0.9.0/skills/WPSComposer/scripts/macos_probe
copying skills/WPSComposer/scripts/macos_probe/conversion.py -> wps_composer-0.9.0/skills/WPSComposer/scripts/macos_probe
copying skills/WPSComposer/scripts/macos_probe/generation.py -> wps_composer-0.9.0/skills/WPSComposer/scripts/macos_probe
copying skills/WPSComposer/scripts/macos_probe/inspection.py -> wps_composer-0.9.0/skills/WPSComposer/scripts/macos_probe
copying skills/WPSComposer/scripts/macos_probe/longform_evidence.py -> wps_composer-0.9.0/skills/WPSComposer/scripts/macos_probe
copying skills/WPSComposer/scripts/macos_probe/models.py -> wps_composer-0.9.0/skills/WPSComposer/scripts/macos_probe
copying skills/WPSComposer/scripts/macos_probe/profile_server.py -> wps_composer-0.9.0/skills/WPSComposer/scripts/macos_probe
copying skills/WPSComposer/scripts/macos_probe/runner.py -> wps_composer-0.9.0/skills/WPSComposer/scripts/macos_probe
copying skills/WPSComposer/scripts/macos_probe/runtime.py -> wps_composer-0.9.0/skills/WPSComposer/scripts/macos_probe
copying skills/WPSComposer/scripts/macos_probe/templates.py -> wps_composer-0.9.0/skills/WPSComposer/scripts/macos_probe
copying skills/WPSComposer/scripts/msoffice/__init__.py -> wps_composer-0.9.0/skills/WPSComposer/scripts/msoffice
copying skills/WPSComposer/scripts/msoffice/errors.py -> wps_composer-0.9.0/skills/WPSComposer/scripts/msoffice
copying skills/WPSComposer/scripts/msoffice/macos_runtime.py -> wps_composer-0.9.0/skills/WPSComposer/scripts/msoffice
copying skills/WPSComposer/scripts/msoffice/macos_script.py -> wps_composer-0.9.0/skills/WPSComposer/scripts/msoffice
copying skills/WPSComposer/scripts/msoffice/windows_host.py -> wps_composer-0.9.0/skills/WPSComposer/scripts/msoffice
copying skills/WPSComposer/scripts/msoffice/windows_runtime.py -> wps_composer-0.9.0/skills/WPSComposer/scripts/msoffice
copying skills/WPSComposer/scripts/plugins/__init__.py -> wps_composer-0.9.0/skills/WPSComposer/scripts/plugins
copying skills/WPSComposer/scripts/plugins/excalidraw.py -> wps_composer-0.9.0/skills/WPSComposer/scripts/plugins
copying skills/WPSComposer/scripts/renderers/__init__.py -> wps_composer-0.9.0/skills/WPSComposer/scripts/renderers
copying skills/WPSComposer/scripts/renderers/sheet_renderer.py -> wps_composer-0.9.0/skills/WPSComposer/scripts/renderers
copying skills/WPSComposer/scripts/renderers/slide_renderer.py -> wps_composer-0.9.0/skills/WPSComposer/scripts/renderers
copying skills/WPSComposer/scripts/renderers/writer_renderer.py -> wps_composer-0.9.0/skills/WPSComposer/scripts/renderers
copying tests/test_artifact_transport.py -> wps_composer-0.9.0/tests
copying tests/test_com_lifecycle.py -> wps_composer-0.9.0/tests
copying tests/test_conversion.py -> wps_composer-0.9.0/tests
copying tests/test_document_api.py -> wps_composer-0.9.0/tests
copying tests/test_documentation.py -> wps_composer-0.9.0/tests
copying tests/test_generation.py -> wps_composer-0.9.0/tests
copying tests/test_generation_plan.py -> wps_composer-0.9.0/tests
copying tests/test_installer.py -> wps_composer-0.9.0/tests
copying tests/test_markdown_parser.py -> wps_composer-0.9.0/tests
copying tests/test_msoffice_artifact_validation.py -> wps_composer-0.9.0/tests
copying tests/test_msoffice_sentinel_failures.py -> wps_composer-0.9.0/tests
copying tests/test_msoffice_spike_ownership.py -> wps_composer-0.9.0/tests
copying tests/test_numbering_native.py -> wps_composer-0.9.0/tests
copying tests/test_pdf_composer.py -> wps_composer-0.9.0/tests
copying tests/test_plugin_manifest.py -> wps_composer-0.9.0/tests
copying tests/test_plugins.py -> wps_composer-0.9.0/tests
copying tests/test_presentation.py -> wps_composer-0.9.0/tests
copying tests/test_public_api.py -> wps_composer-0.9.0/tests
copying tests/test_recording_composers.py -> wps_composer-0.9.0/tests
copying tests/test_renderer_correctness.py -> wps_composer-0.9.0/tests
copying tests/test_sheet_renderer.py -> wps_composer-0.9.0/tests
copying tests/test_slide_renderer.py -> wps_composer-0.9.0/tests
copying tests/test_windows_conversion.py -> wps_composer-0.9.0/tests
copying tests/test_writer_renderer.py -> wps_composer-0.9.0/tests
copying tests/test_writer_sections.py -> wps_composer-0.9.0/tests
copying wps_composer.egg-info/PKG-INFO -> wps_composer-0.9.0/wps_composer.egg-info
copying wps_composer.egg-info/SOURCES.txt -> wps_composer-0.9.0/wps_composer.egg-info
copying wps_composer.egg-info/dependency_links.txt -> wps_composer-0.9.0/wps_composer.egg-info
copying wps_composer.egg-info/requires.txt -> wps_composer-0.9.0/wps_composer.egg-info
copying wps_composer.egg-info/top_level.txt -> wps_composer-0.9.0/wps_composer.egg-info
copying wps_composer.egg-info/SOURCES.txt -> wps_composer-0.9.0/wps_composer.egg-info
Writing wps_composer-0.9.0/setup.cfg
Creating tar archive
removing 'wps_composer-0.9.0' (and everything under it)
* Building wheel from sdist
* Creating isolated environment: venv+pip...
* Installing packages in isolated environment:
  - setuptools>=68
* Getting build dependencies for wheel...
running egg_info
writing wps_composer.egg-info/PKG-INFO
writing dependency_links to wps_composer.egg-info/dependency_links.txt
writing requirements to wps_composer.egg-info/requires.txt
writing top-level names to wps_composer.egg-info/top_level.txt
reading manifest file 'wps_composer.egg-info/SOURCES.txt'
writing manifest file 'wps_composer.egg-info/SOURCES.txt'
* Building wheel...
running bdist_wheel
running build
running build_py
creating build/lib/skills
copying skills/__init__.py -> build/lib/skills
creating build/lib/skills/WPSComposer
copying skills/WPSComposer/__init__.py -> build/lib/skills/WPSComposer
creating build/lib/skills/WPSComposer/scripts
copying skills/WPSComposer/scripts/document_model.py -> build/lib/skills/WPSComposer/scripts
copying skills/WPSComposer/scripts/_colors.py -> build/lib/skills/WPSComposer/scripts
copying skills/WPSComposer/scripts/reference_styles.py -> build/lib/skills/WPSComposer/scripts
copying skills/WPSComposer/scripts/_base.py -> build/lib/skills/WPSComposer/scripts
copying skills/WPSComposer/scripts/artifact_transport.py -> build/lib/skills/WPSComposer/scripts
copying skills/WPSComposer/scripts/office_engines.py -> build/lib/skills/WPSComposer/scripts
copying skills/WPSComposer/scripts/slide.py -> build/lib/skills/WPSComposer/scripts
copying skills/WPSComposer/scripts/numbering_native.py -> build/lib/skills/WPSComposer/scripts
copying skills/WPSComposer/scripts/generation_plan.py -> build/lib/skills/WPSComposer/scripts
copying skills/WPSComposer/scripts/longform_m4_evidence.py -> build/lib/skills/WPSComposer/scripts
copying skills/WPSComposer/scripts/conversion.py -> build/lib/skills/WPSComposer/scripts
copying skills/WPSComposer/scripts/__init__.py -> build/lib/skills/WPSComposer/scripts
copying skills/WPSComposer/scripts/pdf.py -> build/lib/skills/WPSComposer/scripts
copying skills/WPSComposer/scripts/formatting.py -> build/lib/skills/WPSComposer/scripts
copying skills/WPSComposer/scripts/_dispatch.py -> build/lib/skills/WPSComposer/scripts
copying skills/WPSComposer/scripts/_spawn_bootstrap.py -> build/lib/skills/WPSComposer/scripts
copying skills/WPSComposer/scripts/design_presets.py -> build/lib/skills/WPSComposer/scripts
copying skills/WPSComposer/scripts/quality_checks.py -> build/lib/skills/WPSComposer/scripts
copying skills/WPSComposer/scripts/presentation.py -> build/lib/skills/WPSComposer/scripts
copying skills/WPSComposer/scripts/wps_engine.py -> build/lib/skills/WPSComposer/scripts
copying skills/WPSComposer/scripts/sheet.py -> build/lib/skills/WPSComposer/scripts
copying skills/WPSComposer/scripts/orchestrator.py -> build/lib/skills/WPSComposer/scripts
copying skills/WPSComposer/scripts/update_longform_recovery_matrix.py -> build/lib/skills/WPSComposer/scripts
copying skills/WPSComposer/scripts/windows_conversion.py -> build/lib/skills/WPSComposer/scripts
copying skills/WPSComposer/scripts/md_parser.py -> build/lib/skills/WPSComposer/scripts
copying skills/WPSComposer/scripts/longform_m3_evidence.py -> build/lib/skills/WPSComposer/scripts
copying skills/WPSComposer/scripts/writer.py -> build/lib/skills/WPSComposer/scripts
copying skills/WPSComposer/scripts/layout_templates.py -> build/lib/skills/WPSComposer/scripts
copying skills/WPSComposer/scripts/math_render.py -> build/lib/skills/WPSComposer/scripts
copying skills/WPSComposer/scripts/heading_numbering.py -> build/lib/skills/WPSComposer/scripts
copying skills/WPSComposer/scripts/recording_composers.py -> build/lib/skills/WPSComposer/scripts
copying skills/WPSComposer/scripts/document_api.py -> build/lib/skills/WPSComposer/scripts
copying skills/WPSComposer/scripts/longform_m5_evidence.py -> build/lib/skills/WPSComposer/scripts
creating build/lib/skills/WPSComposer/scripts/renderers
copying skills/WPSComposer/scripts/renderers/slide_renderer.py -> build/lib/skills/WPSComposer/scripts/renderers
copying skills/WPSComposer/scripts/renderers/writer_renderer.py -> build/lib/skills/WPSComposer/scripts/renderers
copying skills/WPSComposer/scripts/renderers/sheet_renderer.py -> build/lib/skills/WPSComposer/scripts/renderers
copying skills/WPSComposer/scripts/renderers/__init__.py -> build/lib/skills/WPSComposer/scripts/renderers
creating build/lib/skills/WPSComposer/scripts/plugins
copying skills/WPSComposer/scripts/plugins/excalidraw.py -> build/lib/skills/WPSComposer/scripts/plugins
copying skills/WPSComposer/scripts/plugins/__init__.py -> build/lib/skills/WPSComposer/scripts/plugins
creating build/lib/skills/WPSComposer/scripts/longform_m0
copying skills/WPSComposer/scripts/longform_m0/macos.py -> build/lib/skills/WPSComposer/scripts/longform_m0
copying skills/WPSComposer/scripts/longform_m0/host_checks.py -> build/lib/skills/WPSComposer/scripts/longform_m0
copying skills/WPSComposer/scripts/longform_m0/__init__.py -> build/lib/skills/WPSComposer/scripts/longform_m0
copying skills/WPSComposer/scripts/longform_m0/contracts.py -> build/lib/skills/WPSComposer/scripts/longform_m0
copying skills/WPSComposer/scripts/longform_m0/windows.py -> build/lib/skills/WPSComposer/scripts/longform_m0
copying skills/WPSComposer/scripts/longform_m0/__main__.py -> build/lib/skills/WPSComposer/scripts/longform_m0
creating build/lib/skills/WPSComposer/scripts/longform
copying skills/WPSComposer/scripts/longform/table_policy.py -> build/lib/skills/WPSComposer/scripts/longform
copying skills/WPSComposer/scripts/longform/plan.py -> build/lib/skills/WPSComposer/scripts/longform
copying skills/WPSComposer/scripts/longform/platform_runtime.py -> build/lib/skills/WPSComposer/scripts/longform
copying skills/WPSComposer/scripts/longform/native_fields.py -> build/lib/skills/WPSComposer/scripts/longform
copying skills/WPSComposer/scripts/longform/windows_executor.py -> build/lib/skills/WPSComposer/scripts/longform
copying skills/WPSComposer/scripts/longform/unicode_text.py -> build/lib/skills/WPSComposer/scripts/longform
copying skills/WPSComposer/scripts/longform/semantic.py -> build/lib/skills/WPSComposer/scripts/longform
copying skills/WPSComposer/scripts/longform/md_parser_longform.py -> build/lib/skills/WPSComposer/scripts/longform
copying skills/WPSComposer/scripts/longform/field_contract.py -> build/lib/skills/WPSComposer/scripts/longform
copying skills/WPSComposer/scripts/longform/formula.py -> build/lib/skills/WPSComposer/scripts/longform
copying skills/WPSComposer/scripts/longform/macos_executor.py -> build/lib/skills/WPSComposer/scripts/longform
copying skills/WPSComposer/scripts/longform/citation_ids.py -> build/lib/skills/WPSComposer/scripts/longform
copying skills/WPSComposer/scripts/longform/bookmark_ids.py -> build/lib/skills/WPSComposer/scripts/longform
copying skills/WPSComposer/scripts/longform/image_policy.py -> build/lib/skills/WPSComposer/scripts/longform
copying skills/WPSComposer/scripts/longform/policy.py -> build/lib/skills/WPSComposer/scripts/longform
copying skills/WPSComposer/scripts/longform/__init__.py -> build/lib/skills/WPSComposer/scripts/longform
copying skills/WPSComposer/scripts/longform/page_policy.py -> build/lib/skills/WPSComposer/scripts/longform
copying skills/WPSComposer/scripts/longform/frontmatter_parser.py -> build/lib/skills/WPSComposer/scripts/longform
copying skills/WPSComposer/scripts/longform/degradation.py -> build/lib/skills/WPSComposer/scripts/longform
copying skills/WPSComposer/scripts/longform/directives.py -> build/lib/skills/WPSComposer/scripts/longform
copying skills/WPSComposer/scripts/longform/native_math.py -> build/lib/skills/WPSComposer/scripts/longform
copying skills/WPSComposer/scripts/longform/lifecycle.py -> build/lib/skills/WPSComposer/scripts/longform
copying skills/WPSComposer/scripts/longform/pipeline.py -> build/lib/skills/WPSComposer/scripts/longform
copying skills/WPSComposer/scripts/longform/resources.py -> build/lib/skills/WPSComposer/scripts/longform
copying skills/WPSComposer/scripts/longform/relayout.py -> build/lib/skills/WPSComposer/scripts/longform
copying skills/WPSComposer/scripts/longform/quality.py -> build/lib/skills/WPSComposer/scripts/longform
copying skills/WPSComposer/scripts/longform/privacy.py -> build/lib/skills/WPSComposer/scripts/longform
copying skills/WPSComposer/scripts/longform/executor.py -> build/lib/skills/WPSComposer/scripts/longform
copying skills/WPSComposer/scripts/longform/pdf_quality.py -> build/lib/skills/WPSComposer/scripts/longform
creating build/lib/skills/WPSComposer/scripts/msoffice
copying skills/WPSComposer/scripts/msoffice/windows_runtime.py -> build/lib/skills/WPSComposer/scripts/msoffice
copying skills/WPSComposer/scripts/msoffice/macos_runtime.py -> build/lib/skills/WPSComposer/scripts/msoffice
copying skills/WPSComposer/scripts/msoffice/__init__.py -> build/lib/skills/WPSComposer/scripts/msoffice
copying skills/WPSComposer/scripts/msoffice/windows_host.py -> build/lib/skills/WPSComposer/scripts/msoffice
copying skills/WPSComposer/scripts/msoffice/macos_script.py -> build/lib/skills/WPSComposer/scripts/msoffice
copying skills/WPSComposer/scripts/msoffice/errors.py -> build/lib/skills/WPSComposer/scripts/msoffice
creating build/lib/skills/WPSComposer/scripts/macos_probe
copying skills/WPSComposer/scripts/macos_probe/runner.py -> build/lib/skills/WPSComposer/scripts/macos_probe
copying skills/WPSComposer/scripts/macos_probe/generation.py -> build/lib/skills/WPSComposer/scripts/macos_probe
copying skills/WPSComposer/scripts/macos_probe/models.py -> build/lib/skills/WPSComposer/scripts/macos_probe
copying skills/WPSComposer/scripts/macos_probe/conversion.py -> build/lib/skills/WPSComposer/scripts/macos_probe
copying skills/WPSComposer/scripts/macos_probe/bridge.py -> build/lib/skills/WPSComposer/scripts/macos_probe
copying skills/WPSComposer/scripts/macos_probe/__init__.py -> build/lib/skills/WPSComposer/scripts/macos_probe
copying skills/WPSComposer/scripts/macos_probe/runtime.py -> build/lib/skills/WPSComposer/scripts/macos_probe
copying skills/WPSComposer/scripts/macos_probe/inspection.py -> build/lib/skills/WPSComposer/scripts/macos_probe
copying skills/WPSComposer/scripts/macos_probe/templates.py -> build/lib/skills/WPSComposer/scripts/macos_probe
copying skills/WPSComposer/scripts/macos_probe/longform_evidence.py -> build/lib/skills/WPSComposer/scripts/macos_probe
copying skills/WPSComposer/scripts/macos_probe/profile_server.py -> build/lib/skills/WPSComposer/scripts/macos_probe
copying skills/WPSComposer/scripts/macos_probe/__main__.py -> build/lib/skills/WPSComposer/scripts/macos_probe
running egg_info
writing wps_composer.egg-info/PKG-INFO
writing dependency_links to wps_composer.egg-info/dependency_links.txt
writing requirements to wps_composer.egg-info/requires.txt
writing top-level names to wps_composer.egg-info/top_level.txt
reading manifest file 'wps_composer.egg-info/SOURCES.txt'
writing manifest file 'wps_composer.egg-info/SOURCES.txt'
installing to build/bdist.macosx-10.9-universal2/wheel
running install
running install_lib
creating build/bdist.macosx-10.9-universal2/wheel
creating build/bdist.macosx-10.9-universal2/wheel/skills
creating build/bdist.macosx-10.9-universal2/wheel/skills/WPSComposer
copying build/lib/skills/WPSComposer/__init__.py -> build/bdist.macosx-10.9-universal2/wheel/./skills/WPSComposer
creating build/bdist.macosx-10.9-universal2/wheel/skills/WPSComposer/scripts
copying build/lib/skills/WPSComposer/scripts/document_model.py -> build/bdist.macosx-10.9-universal2/wheel/./skills/WPSComposer/scripts
copying build/lib/skills/WPSComposer/scripts/_colors.py -> build/bdist.macosx-10.9-universal2/wheel/./skills/WPSComposer/scripts
copying build/lib/skills/WPSComposer/scripts/reference_styles.py -> build/bdist.macosx-10.9-universal2/wheel/./skills/WPSComposer/scripts
copying build/lib/skills/WPSComposer/scripts/_base.py -> build/bdist.macosx-10.9-universal2/wheel/./skills/WPSComposer/scripts
creating build/bdist.macosx-10.9-universal2/wheel/skills/WPSComposer/scripts/renderers
copying build/lib/skills/WPSComposer/scripts/renderers/slide_renderer.py -> build/bdist.macosx-10.9-universal2/wheel/./skills/WPSComposer/scripts/renderers
copying build/lib/skills/WPSComposer/scripts/renderers/writer_renderer.py -> build/bdist.macosx-10.9-universal2/wheel/./skills/WPSComposer/scripts/renderers
copying build/lib/skills/WPSComposer/scripts/renderers/sheet_renderer.py -> build/bdist.macosx-10.9-universal2/wheel/./skills/WPSComposer/scripts/renderers
copying build/lib/skills/WPSComposer/scripts/renderers/__init__.py -> build/bdist.macosx-10.9-universal2/wheel/./skills/WPSComposer/scripts/renderers
copying build/lib/skills/WPSComposer/scripts/artifact_transport.py -> build/bdist.macosx-10.9-universal2/wheel/./skills/WPSComposer/scripts
copying build/lib/skills/WPSComposer/scripts/office_engines.py -> build/bdist.macosx-10.9-universal2/wheel/./skills/WPSComposer/scripts
copying build/lib/skills/WPSComposer/scripts/slide.py -> build/bdist.macosx-10.9-universal2/wheel/./skills/WPSComposer/scripts
copying build/lib/skills/WPSComposer/scripts/numbering_native.py -> build/bdist.macosx-10.9-universal2/wheel/./skills/WPSComposer/scripts
copying build/lib/skills/WPSComposer/scripts/generation_plan.py -> build/bdist.macosx-10.9-universal2/wheel/./skills/WPSComposer/scripts
creating build/bdist.macosx-10.9-universal2/wheel/skills/WPSComposer/scripts/plugins
copying build/lib/skills/WPSComposer/scripts/plugins/excalidraw.py -> build/bdist.macosx-10.9-universal2/wheel/./skills/WPSComposer/scripts/plugins
copying build/lib/skills/WPSComposer/scripts/plugins/__init__.py -> build/bdist.macosx-10.9-universal2/wheel/./skills/WPSComposer/scripts/plugins
copying build/lib/skills/WPSComposer/scripts/longform_m4_evidence.py -> build/bdist.macosx-10.9-universal2/wheel/./skills/WPSComposer/scripts
copying build/lib/skills/WPSComposer/scripts/conversion.py -> build/bdist.macosx-10.9-universal2/wheel/./skills/WPSComposer/scripts
creating build/bdist.macosx-10.9-universal2/wheel/skills/WPSComposer/scripts/longform_m0
copying build/lib/skills/WPSComposer/scripts/longform_m0/macos.py -> build/bdist.macosx-10.9-universal2/wheel/./skills/WPSComposer/scripts/longform_m0
copying build/lib/skills/WPSComposer/scripts/longform_m0/host_checks.py -> build/bdist.macosx-10.9-universal2/wheel/./skills/WPSComposer/scripts/longform_m0
copying build/lib/skills/WPSComposer/scripts/longform_m0/__init__.py -> build/bdist.macosx-10.9-universal2/wheel/./skills/WPSComposer/scripts/longform_m0
copying build/lib/skills/WPSComposer/scripts/longform_m0/contracts.py -> build/bdist.macosx-10.9-universal2/wheel/./skills/WPSComposer/scripts/longform_m0
copying build/lib/skills/WPSComposer/scripts/longform_m0/windows.py -> build/bdist.macosx-10.9-universal2/wheel/./skills/WPSComposer/scripts/longform_m0
copying build/lib/skills/WPSComposer/scripts/longform_m0/__main__.py -> build/bdist.macosx-10.9-universal2/wheel/./skills/WPSComposer/scripts/longform_m0
copying build/lib/skills/WPSComposer/scripts/__init__.py -> build/bdist.macosx-10.9-universal2/wheel/./skills/WPSComposer/scripts
copying build/lib/skills/WPSComposer/scripts/pdf.py -> build/bdist.macosx-10.9-universal2/wheel/./skills/WPSComposer/scripts
copying build/lib/skills/WPSComposer/scripts/formatting.py -> build/bdist.macosx-10.9-universal2/wheel/./skills/WPSComposer/scripts
copying build/lib/skills/WPSComposer/scripts/_dispatch.py -> build/bdist.macosx-10.9-universal2/wheel/./skills/WPSComposer/scripts
copying build/lib/skills/WPSComposer/scripts/_spawn_bootstrap.py -> build/bdist.macosx-10.9-universal2/wheel/./skills/WPSComposer/scripts
copying build/lib/skills/WPSComposer/scripts/design_presets.py -> build/bdist.macosx-10.9-universal2/wheel/./skills/WPSComposer/scripts
copying build/lib/skills/WPSComposer/scripts/quality_checks.py -> build/bdist.macosx-10.9-universal2/wheel/./skills/WPSComposer/scripts
copying build/lib/skills/WPSComposer/scripts/presentation.py -> build/bdist.macosx-10.9-universal2/wheel/./skills/WPSComposer/scripts
copying build/lib/skills/WPSComposer/scripts/wps_engine.py -> build/bdist.macosx-10.9-universal2/wheel/./skills/WPSComposer/scripts
copying build/lib/skills/WPSComposer/scripts/sheet.py -> build/bdist.macosx-10.9-universal2/wheel/./skills/WPSComposer/scripts
creating build/bdist.macosx-10.9-universal2/wheel/skills/WPSComposer/scripts/longform
copying build/lib/skills/WPSComposer/scripts/longform/table_policy.py -> build/bdist.macosx-10.9-universal2/wheel/./skills/WPSComposer/scripts/longform
copying build/lib/skills/WPSComposer/scripts/longform/plan.py -> build/bdist.macosx-10.9-universal2/wheel/./skills/WPSComposer/scripts/longform
copying build/lib/skills/WPSComposer/scripts/longform/platform_runtime.py -> build/bdist.macosx-10.9-universal2/wheel/./skills/WPSComposer/scripts/longform
copying build/lib/skills/WPSComposer/scripts/longform/native_fields.py -> build/bdist.macosx-10.9-universal2/wheel/./skills/WPSComposer/scripts/longform
copying build/lib/skills/WPSComposer/scripts/longform/windows_executor.py -> build/bdist.macosx-10.9-universal2/wheel/./skills/WPSComposer/scripts/longform
copying build/lib/skills/WPSComposer/scripts/longform/unicode_text.py -> build/bdist.macosx-10.9-universal2/wheel/./skills/WPSComposer/scripts/longform
copying build/lib/skills/WPSComposer/scripts/longform/semantic.py -> build/bdist.macosx-10.9-universal2/wheel/./skills/WPSComposer/scripts/longform
copying build/lib/skills/WPSComposer/scripts/longform/md_parser_longform.py -> build/bdist.macosx-10.9-universal2/wheel/./skills/WPSComposer/scripts/longform
copying build/lib/skills/WPSComposer/scripts/longform/field_contract.py -> build/bdist.macosx-10.9-universal2/wheel/./skills/WPSComposer/scripts/longform
copying build/lib/skills/WPSComposer/scripts/longform/formula.py -> build/bdist.macosx-10.9-universal2/wheel/./skills/WPSComposer/scripts/longform
copying build/lib/skills/WPSComposer/scripts/longform/macos_executor.py -> build/bdist.macosx-10.9-universal2/wheel/./skills/WPSComposer/scripts/longform
copying build/lib/skills/WPSComposer/scripts/longform/citation_ids.py -> build/bdist.macosx-10.9-universal2/wheel/./skills/WPSComposer/scripts/longform
copying build/lib/skills/WPSComposer/scripts/longform/bookmark_ids.py -> build/bdist.macosx-10.9-universal2/wheel/./skills/WPSComposer/scripts/longform
copying build/lib/skills/WPSComposer/scripts/longform/image_policy.py -> build/bdist.macosx-10.9-universal2/wheel/./skills/WPSComposer/scripts/longform
copying build/lib/skills/WPSComposer/scripts/longform/policy.py -> build/bdist.macosx-10.9-universal2/wheel/./skills/WPSComposer/scripts/longform
copying build/lib/skills/WPSComposer/scripts/longform/__init__.py -> build/bdist.macosx-10.9-universal2/wheel/./skills/WPSComposer/scripts/longform
copying build/lib/skills/WPSComposer/scripts/longform/page_policy.py -> build/bdist.macosx-10.9-universal2/wheel/./skills/WPSComposer/scripts/longform
copying build/lib/skills/WPSComposer/scripts/longform/frontmatter_parser.py -> build/bdist.macosx-10.9-universal2/wheel/./skills/WPSComposer/scripts/longform
copying build/lib/skills/WPSComposer/scripts/longform/degradation.py -> build/bdist.macosx-10.9-universal2/wheel/./skills/WPSComposer/scripts/longform
copying build/lib/skills/WPSComposer/scripts/longform/directives.py -> build/bdist.macosx-10.9-universal2/wheel/./skills/WPSComposer/scripts/longform
copying build/lib/skills/WPSComposer/scripts/longform/native_math.py -> build/bdist.macosx-10.9-universal2/wheel/./skills/WPSComposer/scripts/longform
copying build/lib/skills/WPSComposer/scripts/longform/lifecycle.py -> build/bdist.macosx-10.9-universal2/wheel/./skills/WPSComposer/scripts/longform
copying build/lib/skills/WPSComposer/scripts/longform/pipeline.py -> build/bdist.macosx-10.9-universal2/wheel/./skills/WPSComposer/scripts/longform
copying build/lib/skills/WPSComposer/scripts/longform/resources.py -> build/bdist.macosx-10.9-universal2/wheel/./skills/WPSComposer/scripts/longform
copying build/lib/skills/WPSComposer/scripts/longform/relayout.py -> build/bdist.macosx-10.9-universal2/wheel/./skills/WPSComposer/scripts/longform
copying build/lib/skills/WPSComposer/scripts/longform/quality.py -> build/bdist.macosx-10.9-universal2/wheel/./skills/WPSComposer/scripts/longform
copying build/lib/skills/WPSComposer/scripts/longform/privacy.py -> build/bdist.macosx-10.9-universal2/wheel/./skills/WPSComposer/scripts/longform
copying build/lib/skills/WPSComposer/scripts/longform/executor.py -> build/bdist.macosx-10.9-universal2/wheel/./skills/WPSComposer/scripts/longform
copying build/lib/skills/WPSComposer/scripts/longform/pdf_quality.py -> build/bdist.macosx-10.9-universal2/wheel/./skills/WPSComposer/scripts/longform
copying build/lib/skills/WPSComposer/scripts/orchestrator.py -> build/bdist.macosx-10.9-universal2/wheel/./skills/WPSComposer/scripts
copying build/lib/skills/WPSComposer/scripts/update_longform_recovery_matrix.py -> build/bdist.macosx-10.9-universal2/wheel/./skills/WPSComposer/scripts
copying build/lib/skills/WPSComposer/scripts/windows_conversion.py -> build/bdist.macosx-10.9-universal2/wheel/./skills/WPSComposer/scripts
copying build/lib/skills/WPSComposer/scripts/md_parser.py -> build/bdist.macosx-10.9-universal2/wheel/./skills/WPSComposer/scripts
copying build/lib/skills/WPSComposer/scripts/longform_m3_evidence.py -> build/bdist.macosx-10.9-universal2/wheel/./skills/WPSComposer/scripts
copying build/lib/skills/WPSComposer/scripts/writer.py -> build/bdist.macosx-10.9-universal2/wheel/./skills/WPSComposer/scripts
copying build/lib/skills/WPSComposer/scripts/layout_templates.py -> build/bdist.macosx-10.9-universal2/wheel/./skills/WPSComposer/scripts
copying build/lib/skills/WPSComposer/scripts/math_render.py -> build/bdist.macosx-10.9-universal2/wheel/./skills/WPSComposer/scripts
creating build/bdist.macosx-10.9-universal2/wheel/skills/WPSComposer/scripts/msoffice
copying build/lib/skills/WPSComposer/scripts/msoffice/windows_runtime.py -> build/bdist.macosx-10.9-universal2/wheel/./skills/WPSComposer/scripts/msoffice
copying build/lib/skills/WPSComposer/scripts/msoffice/macos_runtime.py -> build/bdist.macosx-10.9-universal2/wheel/./skills/WPSComposer/scripts/msoffice
copying build/lib/skills/WPSComposer/scripts/msoffice/__init__.py -> build/bdist.macosx-10.9-universal2/wheel/./skills/WPSComposer/scripts/msoffice
copying build/lib/skills/WPSComposer/scripts/msoffice/windows_host.py -> build/bdist.macosx-10.9-universal2/wheel/./skills/WPSComposer/scripts/msoffice
copying build/lib/skills/WPSComposer/scripts/msoffice/macos_script.py -> build/bdist.macosx-10.9-universal2/wheel/./skills/WPSComposer/scripts/msoffice
copying build/lib/skills/WPSComposer/scripts/msoffice/errors.py -> build/bdist.macosx-10.9-universal2/wheel/./skills/WPSComposer/scripts/msoffice
copying build/lib/skills/WPSComposer/scripts/heading_numbering.py -> build/bdist.macosx-10.9-universal2/wheel/./skills/WPSComposer/scripts
creating build/bdist.macosx-10.9-universal2/wheel/skills/WPSComposer/scripts/macos_probe
copying build/lib/skills/WPSComposer/scripts/macos_probe/runner.py -> build/bdist.macosx-10.9-universal2/wheel/./skills/WPSComposer/scripts/macos_probe
copying build/lib/skills/WPSComposer/scripts/macos_probe/generation.py -> build/bdist.macosx-10.9-universal2/wheel/./skills/WPSComposer/scripts/macos_probe
copying build/lib/skills/WPSComposer/scripts/macos_probe/models.py -> build/bdist.macosx-10.9-universal2/wheel/./skills/WPSComposer/scripts/macos_probe
copying build/lib/skills/WPSComposer/scripts/macos_probe/conversion.py -> build/bdist.macosx-10.9-universal2/wheel/./skills/WPSComposer/scripts/macos_probe
copying build/lib/skills/WPSComposer/scripts/macos_probe/bridge.py -> build/bdist.macosx-10.9-universal2/wheel/./skills/WPSComposer/scripts/macos_probe
copying build/lib/skills/WPSComposer/scripts/macos_probe/__init__.py -> build/bdist.macosx-10.9-universal2/wheel/./skills/WPSComposer/scripts/macos_probe
copying build/lib/skills/WPSComposer/scripts/macos_probe/runtime.py -> build/bdist.macosx-10.9-universal2/wheel/./skills/WPSComposer/scripts/macos_probe
copying build/lib/skills/WPSComposer/scripts/macos_probe/inspection.py -> build/bdist.macosx-10.9-universal2/wheel/./skills/WPSComposer/scripts/macos_probe
copying build/lib/skills/WPSComposer/scripts/macos_probe/templates.py -> build/bdist.macosx-10.9-universal2/wheel/./skills/WPSComposer/scripts/macos_probe
copying build/lib/skills/WPSComposer/scripts/macos_probe/longform_evidence.py -> build/bdist.macosx-10.9-universal2/wheel/./skills/WPSComposer/scripts/macos_probe
copying build/lib/skills/WPSComposer/scripts/macos_probe/profile_server.py -> build/bdist.macosx-10.9-universal2/wheel/./skills/WPSComposer/scripts/macos_probe
copying build/lib/skills/WPSComposer/scripts/macos_probe/__main__.py -> build/bdist.macosx-10.9-universal2/wheel/./skills/WPSComposer/scripts/macos_probe
copying build/lib/skills/WPSComposer/scripts/recording_composers.py -> build/bdist.macosx-10.9-universal2/wheel/./skills/WPSComposer/scripts
copying build/lib/skills/WPSComposer/scripts/document_api.py -> build/bdist.macosx-10.9-universal2/wheel/./skills/WPSComposer/scripts
copying build/lib/skills/WPSComposer/scripts/longform_m5_evidence.py -> build/bdist.macosx-10.9-universal2/wheel/./skills/WPSComposer/scripts
copying build/lib/skills/__init__.py -> build/bdist.macosx-10.9-universal2/wheel/./skills
running install_egg_info
Copying wps_composer.egg-info to build/bdist.macosx-10.9-universal2/wheel/./wps_composer-0.9.0-py3.9.egg-info
running install_scripts
creating build/bdist.macosx-10.9-universal2/wheel/wps_composer-0.9.0.dist-info/WHEEL
creating '/tmp/wpscomposer-090-package/.tmp-vz8q011m/wps_composer-0.9.0-py3-none-any.whl' and adding 'build/bdist.macosx-10.9-universal2/wheel' to it
adding 'skills/__init__.py'
adding 'skills/WPSComposer/__init__.py'
adding 'skills/WPSComposer/scripts/__init__.py'
adding 'skills/WPSComposer/scripts/_base.py'
adding 'skills/WPSComposer/scripts/_colors.py'
adding 'skills/WPSComposer/scripts/_dispatch.py'
adding 'skills/WPSComposer/scripts/_spawn_bootstrap.py'
adding 'skills/WPSComposer/scripts/artifact_transport.py'
adding 'skills/WPSComposer/scripts/conversion.py'
adding 'skills/WPSComposer/scripts/design_presets.py'
adding 'skills/WPSComposer/scripts/document_api.py'
adding 'skills/WPSComposer/scripts/document_model.py'
adding 'skills/WPSComposer/scripts/formatting.py'
adding 'skills/WPSComposer/scripts/generation_plan.py'
adding 'skills/WPSComposer/scripts/heading_numbering.py'
adding 'skills/WPSComposer/scripts/layout_templates.py'
adding 'skills/WPSComposer/scripts/longform_m3_evidence.py'
adding 'skills/WPSComposer/scripts/longform_m4_evidence.py'
adding 'skills/WPSComposer/scripts/longform_m5_evidence.py'
adding 'skills/WPSComposer/scripts/math_render.py'
adding 'skills/WPSComposer/scripts/md_parser.py'
adding 'skills/WPSComposer/scripts/numbering_native.py'
adding 'skills/WPSComposer/scripts/office_engines.py'
adding 'skills/WPSComposer/scripts/orchestrator.py'
adding 'skills/WPSComposer/scripts/pdf.py'
adding 'skills/WPSComposer/scripts/presentation.py'
adding 'skills/WPSComposer/scripts/quality_checks.py'
adding 'skills/WPSComposer/scripts/recording_composers.py'
adding 'skills/WPSComposer/scripts/reference_styles.py'
adding 'skills/WPSComposer/scripts/sheet.py'
adding 'skills/WPSComposer/scripts/slide.py'
adding 'skills/WPSComposer/scripts/update_longform_recovery_matrix.py'
adding 'skills/WPSComposer/scripts/windows_conversion.py'
adding 'skills/WPSComposer/scripts/wps_engine.py'
adding 'skills/WPSComposer/scripts/writer.py'
adding 'skills/WPSComposer/scripts/longform/__init__.py'
adding 'skills/WPSComposer/scripts/longform/bookmark_ids.py'
adding 'skills/WPSComposer/scripts/longform/citation_ids.py'
adding 'skills/WPSComposer/scripts/longform/degradation.py'
adding 'skills/WPSComposer/scripts/longform/directives.py'
adding 'skills/WPSComposer/scripts/longform/executor.py'
adding 'skills/WPSComposer/scripts/longform/field_contract.py'
adding 'skills/WPSComposer/scripts/longform/formula.py'
adding 'skills/WPSComposer/scripts/longform/frontmatter_parser.py'
adding 'skills/WPSComposer/scripts/longform/image_policy.py'
adding 'skills/WPSComposer/scripts/longform/lifecycle.py'
adding 'skills/WPSComposer/scripts/longform/macos_executor.py'
adding 'skills/WPSComposer/scripts/longform/md_parser_longform.py'
adding 'skills/WPSComposer/scripts/longform/native_fields.py'
adding 'skills/WPSComposer/scripts/longform/native_math.py'
adding 'skills/WPSComposer/scripts/longform/page_policy.py'
adding 'skills/WPSComposer/scripts/longform/pdf_quality.py'
adding 'skills/WPSComposer/scripts/longform/pipeline.py'
adding 'skills/WPSComposer/scripts/longform/plan.py'
adding 'skills/WPSComposer/scripts/longform/platform_runtime.py'
adding 'skills/WPSComposer/scripts/longform/policy.py'
adding 'skills/WPSComposer/scripts/longform/privacy.py'
adding 'skills/WPSComposer/scripts/longform/quality.py'
adding 'skills/WPSComposer/scripts/longform/relayout.py'
adding 'skills/WPSComposer/scripts/longform/resources.py'
adding 'skills/WPSComposer/scripts/longform/semantic.py'
adding 'skills/WPSComposer/scripts/longform/table_policy.py'
adding 'skills/WPSComposer/scripts/longform/unicode_text.py'
adding 'skills/WPSComposer/scripts/longform/windows_executor.py'
adding 'skills/WPSComposer/scripts/longform_m0/__init__.py'
adding 'skills/WPSComposer/scripts/longform_m0/__main__.py'
adding 'skills/WPSComposer/scripts/longform_m0/contracts.py'
adding 'skills/WPSComposer/scripts/longform_m0/host_checks.py'
adding 'skills/WPSComposer/scripts/longform_m0/macos.py'
adding 'skills/WPSComposer/scripts/longform_m0/windows.py'
adding 'skills/WPSComposer/scripts/macos_probe/__init__.py'
adding 'skills/WPSComposer/scripts/macos_probe/__main__.py'
adding 'skills/WPSComposer/scripts/macos_probe/bridge.py'
adding 'skills/WPSComposer/scripts/macos_probe/conversion.py'
adding 'skills/WPSComposer/scripts/macos_probe/generation.py'
adding 'skills/WPSComposer/scripts/macos_probe/inspection.py'
adding 'skills/WPSComposer/scripts/macos_probe/longform_evidence.py'
adding 'skills/WPSComposer/scripts/macos_probe/models.py'
adding 'skills/WPSComposer/scripts/macos_probe/profile_server.py'
adding 'skills/WPSComposer/scripts/macos_probe/runner.py'
adding 'skills/WPSComposer/scripts/macos_probe/runtime.py'
adding 'skills/WPSComposer/scripts/macos_probe/templates.py'
adding 'skills/WPSComposer/scripts/msoffice/__init__.py'
adding 'skills/WPSComposer/scripts/msoffice/errors.py'
adding 'skills/WPSComposer/scripts/msoffice/macos_runtime.py'
adding 'skills/WPSComposer/scripts/msoffice/macos_script.py'
adding 'skills/WPSComposer/scripts/msoffice/windows_host.py'
adding 'skills/WPSComposer/scripts/msoffice/windows_runtime.py'
adding 'skills/WPSComposer/scripts/plugins/__init__.py'
adding 'skills/WPSComposer/scripts/plugins/excalidraw.py'
adding 'skills/WPSComposer/scripts/renderers/__init__.py'
adding 'skills/WPSComposer/scripts/renderers/sheet_renderer.py'
adding 'skills/WPSComposer/scripts/renderers/slide_renderer.py'
adding 'skills/WPSComposer/scripts/renderers/writer_renderer.py'
adding 'wps_composer-0.9.0.dist-info/METADATA'
adding 'wps_composer-0.9.0.dist-info/WHEEL'
adding 'wps_composer-0.9.0.dist-info/top_level.txt'
adding 'wps_composer-0.9.0.dist-info/RECORD'
removing build/bdist.macosx-10.9-universal2/wheel
Successfully built wps_composer-0.9.0.tar.gz and wps_composer-0.9.0-py3-none-any.whl
