{"label": "story-count", "row_kind": "ordinary-read-error", "saved": [true, true], "seconds": 0.448, "list_templates": [0, 0]}
{"label": "story-types", "row_kind": "ordinary-read-error", "saved": [true, true], "seconds": 0.462, "list_templates": [0, 0]}
{"label": "primary-header-get-object", "row_kind": "read-ok", "saved": [true, true], "seconds": 0.482, "list_templates": [0, 0]}
{"label": "primary-header-count-shapes", "row_kind": "read-ok", "saved": [true, true], "seconds": 0.5, "list_templates": [0, 0]}
{"label": "primary-header-index", "row_kind": "read-ok", "saved": [true, true], "seconds": 0.499, "list_templates": [0, 0]}
{"label": "primary-header-is-header", "row_kind": "read-ok", "saved": [true, true], "seconds": 0.497, "list_templates": [0, 0]}
{"label": "primary-header-link-to-previous", "row_kind": "read-ok", "saved": [true, true], "seconds": 0.515, "list_templates": [0, 0]}
{"label": "primary-footer-get-object", "row_kind": "read-ok", "saved": [true, true], "seconds": 0.549, "list_templates": [0, 0]}
{"label": "primary-footer-count-shapes", "row_kind": "read-ok", "saved": [true, true], "seconds": 0.503, "list_templates": [0, 0]}
{"label": "primary-footer-index", "row_kind": "read-ok", "saved": [true, true], "seconds": 0.494, "list_templates": [0, 0]}
{"label": "primary-footer-is-header", "row_kind": "read-ok", "saved": [true, true], "seconds": 0.485, "list_templates": [0, 0]}
{"label": "primary-footer-link-to-previous", "row_kind": "read-ok", "saved": [true, true], "seconds": 0.548, "list_templates": [0, 0]}
{"label": "first-page-header-get-object", "row_kind": "read-ok", "saved": [true, true], "seconds": 0.463, "list_templates": [0, 0]}
{"label": "first-page-header-count-shapes", "row_kind": "read-ok", "saved": [true, true], "seconds": 0.497, "list_templates": [0, 0]}
{"label": "first-page-header-index", "row_kind": "read-ok", "saved": [true, true], "seconds": 0.515, "list_templates": [0, 0]}
{"label": "first-page-header-is-header", "row_kind": "read-ok", "saved": [true, true], "seconds": 0.498, "list_templates": [0, 0]}
{"label": "first-page-header-link-to-previous", "row_kind": "read-ok", "saved": [true, true], "seconds": 0.502, "list_templates": [0, 0]}
{"label": "first-page-footer-get-object", "row_kind": "read-ok", "saved": [true, true], "seconds": 0.493, "list_templates": [0, 0]}
{"label": "first-page-footer-count-shapes", "row_kind": "read-ok", "saved": [true, true], "seconds": 0.498, "list_templates": [0, 0]}
{"label": "first-page-footer-index", "row_kind": "read-ok", "saved": [true, true], "seconds": 0.504, "list_templates": [0, 0]}
{"label": "first-page-footer-is-header", "row_kind": "read-ok", "saved": [true, true], "seconds": 0.532, "list_templates": [0, 0]}
{"label": "first-page-footer-link-to-previous", "row_kind": "read-ok", "saved": [true, true], "seconds": 0.513, "list_templates": [0, 0]}
{"label": "even-pages-header-get-object", "row_kind": "read-ok", "saved": [true, true], "seconds": 0.499, "list_templates": [0, 0]}
{"label": "even-pages-header-count-shapes", "row_kind": "read-ok", "saved": [true, true], "seconds": 0.543, "list_templates": [0, 0]}
{"label": "even-pages-header-index", "row_kind": "read-ok", "saved": [true, true], "seconds": 0.498, "list_templates": [0, 0]}
{"label": "even-pages-header-is-header", "row_kind": "read-ok", "saved": [true, true], "seconds": 0.498, "list_templates": [0, 0]}
{"label": "even-pages-header-link-to-previous", "row_kind": "read-ok", "saved": [true, true], "seconds": 0.51, "list_templates": [0, 0]}
{"label": "even-pages-footer-get-object", "row_kind": "read-ok", "saved": [true, true], "seconds": 0.496, "list_templates": [0, 0]}
{"label": "even-pages-footer-count-shapes", "row_kind": "read-ok", "saved": [true, true], "seconds": 0.513, "list_templates": [0, 0]}
{"label": "even-pages-footer-index", "row_kind": "read-ok", "saved": [true, true], "seconds": 0.498, "list_templates": [0, 0]}
{"label": "even-pages-footer-is-header", "row_kind": "read-ok", "saved": [true, true], "seconds": 0.547, "list_templates": [0, 0]}
{"label": "even-pages-footer-link-to-previous", "row_kind": "read-ok", "saved": [true, true], "seconds": 0.497, "list_templates": [0, 0]}
{"label": "primary-header-get-story", "row_kind": "read-ok", "saved": [true, true], "seconds": 0.448, "list_templates": [0, 0]}
{"label": "primary-header-story-hash", "row_kind": "read-ok", "saved": [true, true], "seconds": 0.804, "list_templates": [0, 0]}
{"label": "primary-footer-get-story", "row_kind": "read-ok", "saved": [true, true], "seconds": 0.446, "list_templates": [0, 0]}
{"label": "primary-footer-story-hash", "row_kind": "read-ok", "saved": [true, true], "seconds": 0.813, "list_templates": [0, 0]}
{"label": "first-page-header-get-story", "row_kind": "read-ok", "saved": [true, true], "seconds": 0.469, "list_templates": [0, 0]}
{"label": "first-page-header-story-hash", "row_kind": "read-ok", "saved": [true, true], "seconds": 0.802, "list_templates": [0, 0]}
{"label": "first-page-footer-get-story", "row_kind": "read-ok", "saved": [true, true], "seconds": 0.482, "list_templates": [0, 0]}
{"label": "first-page-footer-story-hash", "row_kind": "read-ok", "saved": [true, true], "seconds": 0.833, "list_templates": [0, 0]}
{"label": "even-pages-header-get-story", "row_kind": "read-ok", "saved": [true, true], "seconds": 0.461, "list_templates": [0, 0]}
{"label": "even-pages-header-story-hash", "row_kind": "read-ok", "saved": [true, true], "seconds": 0.815, "list_templates": [0, 0]}
{"label": "even-pages-footer-get-story", "row_kind": "read-ok", "saved": [true, true], "seconds": 0.56, "list_templates": [0, 0]}
{"label": "even-pages-footer-story-hash", "row_kind": "read-ok", "saved": [true, true], "seconds": 0.805, "list_templates": [0, 0]}
{"status": "DIAGNOSED", "checks": {"body_unchanged": true, "private_file_unchanged": true, "inventory_empty": true, "sources_unchanged": true}, "blocker": null, "error": null, "remaining_owned_path": null}
