WPSC_OP:writer.reset
WPSC_OP:writer.configure_page
WPSC_OP:writer.ensure_styles
WPSC_OP:writer.configure_front_matter
WPSC_OP:writer.configure_toc_styles
WPSC_OP:writer.reserve_document_quality_anchor
WPSC_OP:writer.configure_section
WPSC_OP:writer.add_paragraph
WPSC_OP:writer.add_heading
WPSC_OP:writer.add_equation
WPSC_OP:writer.add_paragraph
WPSC_OP:writer.add_heading
WPSC_OP:writer.add_semantic_table
WPSC_OP:writer.add_paragraph
WPSC_PICTURE_STEP:357
WPSC_OP:writer.add_captioned_figure
WPSC_PICTURE_STEP:358
WPSC_PICTURE_STEP:359
WPSC_PICTURE_STEP:360
WPSC_PICTURE_STEP:361
WPSC_PICTURE_STEP:362
WPSC_PICTURE_STEP:363
WPSC_PICTURE_STEP:364
WPSC_PICTURE_STEP:365
WPSC_PICTURE_STEP:366
WPSC_PICTURE_STEP:367
WPSC_PICTURE_STEP:368
WPSC_PICTURE_STEP:369
WPSC_PICTURE_STEP:370
WPSC_PICTURE_STEP:371
WPSC_PICTURE_STEP:372
WPSC_PICTURE_STEP:373
WPSC_PICTURE_STEP:374
WPSC_PICTURE_STEP:375
WPSC_PICTURE_STEP:376
WPSC_PICTURE_STEP:377
WPSC_PICTURE_STEP:378
WPSC_PICTURE_STEP:379
WPSC_PICTURE_STEP:380
WPSC_PICTURE_STEP:381
WPSC_PICTURE_STEP:382
WPSC_PICTURE_STEP:383
WPSC_PICTURE_STEP:384
WPSC_PICTURE_STEP:385
WPSC_PICTURE_STEP:386
WPSC_PICTURE_STEP:387
WPSC_PICTURE_STEP:388
WPSC_PICTURE_STEP:389
WPSC_PICTURE_STEP:390
WPSC_PICTURE_STEP:391
WPSC_PICTURE_STEP:392
WPSC_PICTURE_STEP:393
WPSC_PICTURE_STEP:394
WPSC_PICTURE_STEP:395
WPSC_PICTURE_STEP:396
WPSC_PICTURE_STEP:397
WPSC_PICTURE_STEP:398
WPSC_PICTURE_STEP:399
WPSC_PICTURE_STEP:400
WPSC_PICTURE_STEP:401
WPSC_PICTURE_STEP:402
WPSC_PICTURE_STEP:403
WPSC_PICTURE_STEP:404
WPSC_PICTURE_STEP:405
WPSC_PICTURE_STEP:406
WPSC_PICTURE_STEP:407
WPSC_PICTURE_STEP:408
WPSC_PICTURE_STEP:409
WPSC_PICTURE_STEP:410
WPSC_PICTURE_STEP:411
WPSC_PICTURE_STEP:412
WPSC_PICTURE_STEP:413
WPSC_PICTURE_STEP:414
WPSC_PICTURE_STEP:415
WPSC_OP:writer.add_paragraph
WPSC_OP:writer.add_paragraph
WPSC_OP:writer.add_list
WPSC_ERROR	-10006	“Microsoft Word”遇到一个错误：不能将“number style of list level 1 of list template 2 of document "advanced.docx"”设置为“list number style bullet”。
WPSC_CLEAN
/Users/neomei/Library/Containers/com.microsoft.Word/Data/tmp/wpscomposer-native-cfx6e21l/operation-933918dadab44893a802a313c2a4cf8e.applescript:40583:40594: execution error: Native Word operation failed (-10006): “Microsoft Word”遇到一个错误：不能将“number style of list level 1 of list template 2 of document "advanced.docx"”设置为“list number style bullet”。 (-2700)

