WPSC_OP:writer.reset
WPSC_OP:writer.configure_page
WPSC_OP:writer.ensure_styles
WPSC_OP:writer.configure_front_matter
WPSC_OP:writer.configure_toc_styles
WPSC_OP:writer.reserve_document_quality_anchor
WPSC_OP:writer.configure_section
WPSC_OP:writer.add_heading
WPSC_OP:writer.add_heading
WPSC_OP:writer.add_equation
WPSC_OP:writer.add_paragraph
WPSC_OP:writer.add_heading
WPSC_OP:writer.add_semantic_table
WPSC_OP:writer.add_paragraph
WPSC_PICTURE_STEP:335
WPSC_OP:writer.add_captioned_figure
WPSC_PICTURE_STEP:336
WPSC_PICTURE_STEP:337
WPSC_PICTURE_STEP:338
WPSC_PICTURE_STEP:339
WPSC_PICTURE_STEP:340
WPSC_PICTURE_STEP:341
WPSC_PICTURE_STEP:342
WPSC_PICTURE_STEP:343
WPSC_PICTURE_STEP:344
WPSC_PICTURE_STEP:345
WPSC_PICTURE_STEP:346
WPSC_PICTURE_STEP:347
WPSC_PICTURE_STEP:348
WPSC_PICTURE_STEP:349
WPSC_PICTURE_STEP:350
WPSC_PICTURE_STEP:351
WPSC_PICTURE_STEP:352
WPSC_PICTURE_STEP:353
WPSC_PICTURE_STEP:354
WPSC_PICTURE_STEP:355
WPSC_PICTURE_STEP:356
WPSC_PICTURE_STEP:357
WPSC_PICTURE_STEP:358
WPSC_PICTURE_STEP:359
WPSC_PICTURE_STEP:360
WPSC_PICTURE_STEP:361
WPSC_PICTURE_STEP:362
WPSC_PICTURE_STEP:363
WPSC_PICTURE_STEP:364
WPSC_PICTURE_STEP:365
WPSC_PICTURE_STEP:366
WPSC_PICTURE_STEP:367
WPSC_PICTURE_STEP:368
WPSC_PICTURE_STEP:369
WPSC_PICTURE_STEP:370
WPSC_PICTURE_STEP:371
WPSC_PICTURE_STEP:372
WPSC_PICTURE_STEP:373
WPSC_PICTURE_STEP:374
WPSC_PICTURE_STEP:375
WPSC_PICTURE_STEP:376
WPSC_PICTURE_STEP:377
WPSC_PICTURE_STEP:378
WPSC_PICTURE_STEP:379
WPSC_PICTURE_STEP:380
WPSC_PICTURE_STEP:381
WPSC_PICTURE_STEP:382
WPSC_PICTURE_STEP:383
WPSC_PICTURE_STEP:384
WPSC_PICTURE_STEP:385
WPSC_PICTURE_STEP:386
WPSC_PICTURE_STEP:387
WPSC_PICTURE_STEP:388
WPSC_PICTURE_STEP:389
WPSC_PICTURE_STEP:390
WPSC_PICTURE_STEP:391
WPSC_OP:writer.add_paragraph
WPSC_OP:writer.add_paragraph
WPSC_OP:writer.finalize_fields
WPSC_SECTION_COMMAND:0
WPSC_SECTION_COMMAND:1
WPSC_SECTION_COMMAND:2
WPSC_SECTION_COMMAND:3
WPSC_SECTION_COMMAND:4
WPSC_SECTION_COMMAND:5
WPSC_SECTION_COMMAND:6
WPSC_SECTION_COMMAND:7
WPSC_SECTION_COMMAND:8
WPSC_SECTION_COMMAND:9
WPSC_SECTION_COMMAND:10
WPSC_SECTION_COMMAND:11
WPSC_SECTION_COMMAND:12
WPSC_SECTION_COMMAND:13
WPSC_SECTION_COMMAND:14
WPSC_SECTION_COMMAND:15
WPSC_SECTION_COMMAND:16
WPSC_SECTION_COMMAND:17
WPSC_SECTION_COMMAND:18
WPSC_SECTION_COMMAND:19
WPSC_SECTION_COMMAND:20
WPSC_SECTION_COMMAND:21
WPSC_SECTION_COMMAND:22
WPSC_SECTION_COMMAND:23
WPSC_NODE	doc:front-matter	1	1	0	0
WPSC_NODE	doc:quality	1	1	0	108
WPSC_NODE	wpsc-eq:1	1	1	156	219
WPSC_NODE	wpsc-tab:1	2	2	251	319
WPSC_NODE	wpsc-fig:1	3	3	336	406
WPSC_CLEAN

WPSC_OK	1
