story-availability-and-chain:0: set probeStoryRange to missing value
story-availability-and-chain:1: set probeStoryAvailable to false
story-availability-and-chain:2: try
story-availability-and-chain:3: set probeStoryRange to get story range boundDoc story type primary header story
story-availability-and-chain:7: try
story-availability-and-chain:8: set probeStoryAvailable to (probeStoryRange is not missing value)
story-availability-and-chain:12: set end of qualityLayout to {"page-story-available","primary header",probeStoryAvailable as boolean}
story-availability-and-chain:13: set probeStoryOrdinal to 0
story-availability-and-chain:14: repeat while probeStoryAvailable
story-availability-and-chain:15: set probeStoryOrdinal to probeStoryOrdinal + 1
story-availability-and-chain:16: if probeStoryOrdinal > 10000 then error "WPSC_STORY_CHAIN_INVALID"
story-availability-and-chain:17: set end of qualityLayout to {"page-story","primary header",probeStoryOrdinal as integer,content of probeStoryRange as text}
story-availability-and-chain:18: repeat with probePageFieldOrdinal from 1 to count fields of probeStoryRange
story-availability-and-chain:22: set probeStoryAvailable to false
story-availability-and-chain:23: try
story-availability-and-chain:24: set probeStoryRange to next story range of probeStoryRange
story-availability-and-chain:28: try
story-availability-and-chain:29: set probeStoryAvailable to (probeStoryRange is not missing value)
story-availability-and-chain:31: if probeStoryNumber is not -2753 then error probeStoryError number probeStoryNumber
story-availability-and-chain:34: set probeStoryRange to missing value
story-availability-and-chain:35: set probeStoryAvailable to false
story-availability-and-chain:36: try
story-availability-and-chain:37: set probeStoryRange to get story range boundDoc story type primary footer story
story-availability-and-chain:41: try
story-availability-and-chain:42: set probeStoryAvailable to (probeStoryRange is not missing value)
story-availability-and-chain:46: set end of qualityLayout to {"page-story-available","primary footer",probeStoryAvailable as boolean}
story-availability-and-chain:47: set probeStoryOrdinal to 0
story-availability-and-chain:48: repeat while probeStoryAvailable
story-availability-and-chain:49: set probeStoryOrdinal to probeStoryOrdinal + 1
story-availability-and-chain:50: if probeStoryOrdinal > 10000 then error "WPSC_STORY_CHAIN_INVALID"
story-availability-and-chain:51: set end of qualityLayout to {"page-story","primary footer",probeStoryOrdinal as integer,content of probeStoryRange as text}
story-availability-and-chain:52: repeat with probePageFieldOrdinal from 1 to count fields of probeStoryRange
story-availability-and-chain:56: set probeStoryAvailable to false
story-availability-and-chain:57: try
story-availability-and-chain:58: set probeStoryRange to next story range of probeStoryRange
story-availability-and-chain:62: try
story-availability-and-chain:63: set probeStoryAvailable to (probeStoryRange is not missing value)
story-availability-and-chain:65: if probeStoryNumber is not -2753 then error probeStoryError number probeStoryNumber
story-availability-and-chain:68: set probeStoryRange to missing value
story-availability-and-chain:69: set probeStoryAvailable to false
story-availability-and-chain:70: try
story-availability-and-chain:71: set probeStoryRange to get story range boundDoc story type first page header story
story-availability-and-chain:75: try
story-availability-and-chain:76: set probeStoryAvailable to (probeStoryRange is not missing value)
story-availability-and-chain:80: set end of qualityLayout to {"page-story-available","first page header",probeStoryAvailable as boolean}
story-availability-and-chain:81: set probeStoryOrdinal to 0
story-availability-and-chain:82: repeat while probeStoryAvailable
story-availability-and-chain:83: set probeStoryOrdinal to probeStoryOrdinal + 1
story-availability-and-chain:84: if probeStoryOrdinal > 10000 then error "WPSC_STORY_CHAIN_INVALID"
story-availability-and-chain:85: set end of qualityLayout to {"page-story","first page header",probeStoryOrdinal as integer,content of probeStoryRange as text}
story-availability-and-chain:86: repeat with probePageFieldOrdinal from 1 to count fields of probeStoryRange
story-availability-and-chain:90: set probeStoryAvailable to false
story-availability-and-chain:91: try
story-availability-and-chain:92: set probeStoryRange to next story range of probeStoryRange
story-availability-and-chain:96: try
story-availability-and-chain:97: set probeStoryAvailable to (probeStoryRange is not missing value)
story-availability-and-chain:99: if probeStoryNumber is not -2753 then error probeStoryError number probeStoryNumber
story-availability-and-chain:102: set probeStoryRange to missing value
story-availability-and-chain:103: set probeStoryAvailable to false
story-availability-and-chain:104: try
story-availability-and-chain:105: set probeStoryRange to get story range boundDoc story type first page footer story
story-availability-and-chain:109: try
story-availability-and-chain:110: set probeStoryAvailable to (probeStoryRange is not missing value)
story-availability-and-chain:114: set end of qualityLayout to {"page-story-available","first page footer",probeStoryAvailable as boolean}
story-availability-and-chain:115: set probeStoryOrdinal to 0
story-availability-and-chain:116: repeat while probeStoryAvailable
story-availability-and-chain:117: set probeStoryOrdinal to probeStoryOrdinal + 1
story-availability-and-chain:118: if probeStoryOrdinal > 10000 then error "WPSC_STORY_CHAIN_INVALID"
story-availability-and-chain:119: set end of qualityLayout to {"page-story","first page footer",probeStoryOrdinal as integer,content of probeStoryRange as text}
story-availability-and-chain:120: repeat with probePageFieldOrdinal from 1 to count fields of probeStoryRange
story-availability-and-chain:124: set probeStoryAvailable to false
story-availability-and-chain:125: try
story-availability-and-chain:126: set probeStoryRange to next story range of probeStoryRange
story-availability-and-chain:130: try
story-availability-and-chain:131: set probeStoryAvailable to (probeStoryRange is not missing value)
story-availability-and-chain:133: if probeStoryNumber is not -2753 then error probeStoryError number probeStoryNumber
story-availability-and-chain:136: set probeStoryRange to missing value
story-availability-and-chain:137: set probeStoryAvailable to false
story-availability-and-chain:138: try
story-availability-and-chain:139: set probeStoryRange to get story range boundDoc story type even pages header story
story-availability-and-chain:143: try
story-availability-and-chain:144: set probeStoryAvailable to (probeStoryRange is not missing value)
story-availability-and-chain:148: set end of qualityLayout to {"page-story-available","even pages header",probeStoryAvailable as boolean}
story-availability-and-chain:149: set probeStoryOrdinal to 0
story-availability-and-chain:150: repeat while probeStoryAvailable
story-availability-and-chain:151: set probeStoryOrdinal to probeStoryOrdinal + 1
story-availability-and-chain:152: if probeStoryOrdinal > 10000 then error "WPSC_STORY_CHAIN_INVALID"
story-availability-and-chain:153: set end of qualityLayout to {"page-story","even pages header",probeStoryOrdinal as integer,content of probeStoryRange as text}
story-availability-and-chain:154: repeat with probePageFieldOrdinal from 1 to count fields of probeStoryRange
story-availability-and-chain:158: set probeStoryAvailable to false
story-availability-and-chain:159: try
story-availability-and-chain:160: set probeStoryRange to next story range of probeStoryRange
story-availability-and-chain:164: try
story-availability-and-chain:165: set probeStoryAvailable to (probeStoryRange is not missing value)
story-availability-and-chain:167: if probeStoryNumber is not -2753 then error probeStoryError number probeStoryNumber
story-availability-and-chain:170: set probeStoryRange to missing value
story-availability-and-chain:171: set probeStoryAvailable to false
story-availability-and-chain:172: try
story-availability-and-chain:173: set probeStoryRange to get story range boundDoc story type even pages footer story
story-availability-and-chain:177: try
story-availability-and-chain:178: set probeStoryAvailable to (probeStoryRange is not missing value)
story-availability-and-chain:182: set end of qualityLayout to {"page-story-available","even pages footer",probeStoryAvailable as boolean}
story-availability-and-chain:183: set probeStoryOrdinal to 0
story-availability-and-chain:184: repeat while probeStoryAvailable
story-availability-and-chain:185: set probeStoryOrdinal to probeStoryOrdinal + 1
story-availability-and-chain:186: if probeStoryOrdinal > 10000 then error "WPSC_STORY_CHAIN_INVALID"
story-availability-and-chain:187: set end of qualityLayout to {"page-story","even pages footer",probeStoryOrdinal as integer,content of probeStoryRange as text}
story-availability-and-chain:188: repeat with probePageFieldOrdinal from 1 to count fields of probeStoryRange
story-availability-and-chain:192: set probeStoryAvailable to false
story-availability-and-chain:193: try
story-availability-and-chain:194: set probeStoryRange to next story range of probeStoryRange
story-availability-and-chain:198: try
story-availability-and-chain:199: set probeStoryAvailable to (probeStoryRange is not missing value)
story-availability-and-chain:201: if probeStoryNumber is not -2753 then error probeStoryError number probeStoryNumber
story-availability-and-chain:204: set probeRows to qualityLayout

["WPSCOMPOSER_WORD_SESSION_OK",[["read-ok",[["page-story-available","primary header",true],["page-story","primary header",1,""],["page-story-available","primary footer",true],["page-story","primary footer",1,""],["page-story-available","first page header",true],["page-story","first page header",1,""],["page-story-available","first page footer",true],["page-story","first page footer",1,""],["page-story-available","even pages header",true],["page-story","even pages header",1,""],["page-story-available","even pages footer",true],["page-story","even pages footer",1,""]]]]]
