WPSC_OP:writer.reset
WPSC_OP:writer.configure_page
WPSC_OP:writer.ensure_styles
WPSC_OP:writer.configure_front_matter
WPSC_OP:writer.configure_toc_styles
WPSC_OP:writer.reserve_document_quality_anchor
WPSC_OP:writer.configure_section
WPSC_OP:writer.add_paragraph
WPSC_OP:writer.add_heading
WPSC_OP:writer.add_equation
WPSC_OP:writer.add_paragraph
WPSC_OP:writer.add_heading
WPSC_OP:writer.add_semantic_table
WPSC_OP:writer.add_paragraph
WPSC_PICTURE_STEP:366
WPSC_OP:writer.add_captioned_figure
WPSC_PICTURE_STEP:367
WPSC_PICTURE_STEP:368
WPSC_PICTURE_STEP:369
WPSC_PICTURE_STEP:370
WPSC_PICTURE_STEP:371
WPSC_PICTURE_STEP:372
WPSC_PICTURE_STEP:373
WPSC_PICTURE_STEP:374
WPSC_PICTURE_STEP:375
WPSC_PICTURE_STEP:376
WPSC_PICTURE_STEP:377
WPSC_PICTURE_STEP:378
WPSC_PICTURE_STEP:379
WPSC_PICTURE_STEP:380
WPSC_PICTURE_STEP:381
WPSC_PICTURE_STEP:382
WPSC_PICTURE_STEP:383
WPSC_PICTURE_STEP:384
WPSC_PICTURE_STEP:385
WPSC_PICTURE_STEP:386
WPSC_PICTURE_STEP:387
WPSC_PICTURE_STEP:388
WPSC_PICTURE_STEP:389
WPSC_PICTURE_STEP:390
WPSC_PICTURE_STEP:391
WPSC_PICTURE_STEP:392
WPSC_PICTURE_STEP:393
WPSC_PICTURE_STEP:394
WPSC_PICTURE_STEP:395
WPSC_PICTURE_STEP:396
WPSC_PICTURE_STEP:397
WPSC_PICTURE_STEP:398
WPSC_PICTURE_STEP:399
WPSC_PICTURE_STEP:400
WPSC_PICTURE_STEP:401
WPSC_PICTURE_STEP:402
WPSC_PICTURE_STEP:403
WPSC_PICTURE_STEP:404
WPSC_PICTURE_STEP:405
WPSC_PICTURE_STEP:406
WPSC_PICTURE_STEP:407
WPSC_PICTURE_STEP:408
WPSC_PICTURE_STEP:409
WPSC_PICTURE_STEP:410
WPSC_PICTURE_STEP:411
WPSC_PICTURE_STEP:412
WPSC_PICTURE_STEP:413
WPSC_PICTURE_STEP:414
WPSC_PICTURE_STEP:415
WPSC_PICTURE_STEP:416
WPSC_PICTURE_STEP:417
WPSC_PICTURE_STEP:418
WPSC_PICTURE_STEP:419
WPSC_PICTURE_STEP:420
WPSC_PICTURE_STEP:421
WPSC_PICTURE_STEP:422
WPSC_PICTURE_STEP:423
WPSC_PICTURE_STEP:424
WPSC_OP:writer.add_paragraph
WPSC_OP:writer.add_paragraph
WPSC_OP:writer.add_list
WPSC_OP:writer.add_paragraph
WPSC_OP:writer.finalize_fields
WPSC_SECTION_COMMAND:0
WPSC_SECTION_COMMAND:1
WPSC_SECTION_COMMAND:2
WPSC_SECTION_COMMAND:3
WPSC_SECTION_COMMAND:4
WPSC_SECTION_COMMAND:5
WPSC_SECTION_COMMAND:6
WPSC_SECTION_COMMAND:7
WPSC_SECTION_COMMAND:8
WPSC_SECTION_COMMAND:9
WPSC_SECTION_COMMAND:10
WPSC_SECTION_COMMAND:11
WPSC_SECTION_COMMAND:12
WPSC_SECTION_COMMAND:13
WPSC_SECTION_COMMAND:14
WPSC_SECTION_COMMAND:15
WPSC_SECTION_COMMAND:16
WPSC_SECTION_COMMAND:17
WPSC_SECTION_COMMAND:18
WPSC_SECTION_COMMAND:19
WPSC_SECTION_COMMAND:20
WPSC_SECTION_COMMAND:21
WPSC_SECTION_COMMAND:22
WPSC_SECTION_COMMAND:23
WPSC_SECTION_COMMAND:24
WPSC_SECTION_COMMAND:25
WPSC_SECTION_COMMAND:26
WPSC_SECTION_COMMAND:27
WPSC_SECTION_COMMAND:28
WPSC_SECTION_COMMAND:29
WPSC_NODE	doc:front-matter	1	1	0	0
WPSC_NODE	doc:quality	1	1	0	0
WPSC_NODE	doc:title-display	1	1	0	32
WPSC_NODE	__wpsc_sec:2	1	1	32	48
WPSC_NODE	wpsc-eq:1	1	1	48	111
WPSC_NODE	__wpsc_para:2:1	1	1	111	126
WPSC_NODE	__wpsc_sec:3	1	2	126	143
WPSC_NODE	__wpsc_tab:3:1	2	2	143	211
WPSC_NODE	__wpsc_para:3:1	3	3	212	228
WPSC_NODE	__wpsc_fig:3:1	3	3	228	338
WPSC_NODE	__wpsc_para:3:2	3	3	338	352
WPSC_NODE	__wpsc_para:3:3	3	3	352	382
WPSC_NODE	__wpsc_para:3:6	3	3	418	434
WPSC_CLEAN

WPSC_OK	1
