record-vs-legacy-80-90:0: set probeFirst to 80
record-vs-legacy-80-90:1: set probeLast to 89
record-vs-legacy-80-90:2: repeat with probePosition from probeFirst to probeLast
record-vs-legacy-80-90:3: set probeRange to create range boundDoc start probePosition end (probePosition+1)
record-vs-legacy-80-90:4: set probeFontReference to font object of probeRange
record-vs-legacy-80-90:5: set probeLegacyRow to {name of probeFontReference as text,font size of probeFontReference,bold of probeFontReference,italic of probeFontRefe
record-vs-legacy-80-90:6: set probeFontRecord to (get properties of font object of probeRange) as record
record-vs-legacy-80-90:7: set probeShadingRecord to (get properties of shading of probeRange) as record
record-vs-legacy-80-90:8: set probeRecordRow to {name of probeFontRecord as text,font size of probeFontRecord,bold of probeFontRecord,italic of probeFontRecord,underl
record-vs-legacy-80-90:9: set probeLegacyJson to my jsonRows({probeLegacyRow})
record-vs-legacy-80-90:10: set probeRecordJson to my jsonRows({probeRecordRow})
record-vs-legacy-80-90:11: set probeEqual to (current application's NSString's stringWithString:probeLegacyJson)'s isEqualToString:probeRecordJson
record-vs-legacy-80-90:12: if not (probeEqual as boolean) then error "RECORD_VALUE_MISMATCH"
record-vs-legacy-80-90:13: set end of probeRows to {"same-coordinate",probePosition as integer,probeEqual as boolean,probeLegacyRow}
record-vs-legacy-80-90:3: set probeRange to create range boundDoc start probePosition end (probePosition+1)
record-vs-legacy-80-90:4: set probeFontReference to font object of probeRange
record-vs-legacy-80-90:5: set probeLegacyRow to {name of probeFontReference as text,font size of probeFontReference,bold of probeFontReference,italic of probeFontRefe
record-vs-legacy-80-90:6: set probeFontRecord to (get properties of font object of probeRange) as record
record-vs-legacy-80-90:7: set probeShadingRecord to (get properties of shading of probeRange) as record
record-vs-legacy-80-90:8: set probeRecordRow to {name of probeFontRecord as text,font size of probeFontRecord,bold of probeFontRecord,italic of probeFontRecord,underl
record-vs-legacy-80-90:9: set probeLegacyJson to my jsonRows({probeLegacyRow})
record-vs-legacy-80-90:10: set probeRecordJson to my jsonRows({probeRecordRow})
record-vs-legacy-80-90:11: set probeEqual to (current application's NSString's stringWithString:probeLegacyJson)'s isEqualToString:probeRecordJson
record-vs-legacy-80-90:12: if not (probeEqual as boolean) then error "RECORD_VALUE_MISMATCH"
record-vs-legacy-80-90:13: set end of probeRows to {"same-coordinate",probePosition as integer,probeEqual as boolean,probeLegacyRow}
record-vs-legacy-80-90:3: set probeRange to create range boundDoc start probePosition end (probePosition+1)
record-vs-legacy-80-90:4: set probeFontReference to font object of probeRange
record-vs-legacy-80-90:5: set probeLegacyRow to {name of probeFontReference as text,font size of probeFontReference,bold of probeFontReference,italic of probeFontRefe
record-vs-legacy-80-90:6: set probeFontRecord to (get properties of font object of probeRange) as record
record-vs-legacy-80-90:7: set probeShadingRecord to (get properties of shading of probeRange) as record
record-vs-legacy-80-90:8: set probeRecordRow to {name of probeFontRecord as text,font size of probeFontRecord,bold of probeFontRecord,italic of probeFontRecord,underl
record-vs-legacy-80-90:9: set probeLegacyJson to my jsonRows({probeLegacyRow})
record-vs-legacy-80-90:10: set probeRecordJson to my jsonRows({probeRecordRow})
record-vs-legacy-80-90:11: set probeEqual to (current application's NSString's stringWithString:probeLegacyJson)'s isEqualToString:probeRecordJson
record-vs-legacy-80-90:12: if not (probeEqual as boolean) then error "RECORD_VALUE_MISMATCH"
record-vs-legacy-80-90:13: set end of probeRows to {"same-coordinate",probePosition as integer,probeEqual as boolean,probeLegacyRow}
record-vs-legacy-80-90:3: set probeRange to create range boundDoc start probePosition end (probePosition+1)
record-vs-legacy-80-90:4: set probeFontReference to font object of probeRange
record-vs-legacy-80-90:5: set probeLegacyRow to {name of probeFontReference as text,font size of probeFontReference,bold of probeFontReference,italic of probeFontRefe
record-vs-legacy-80-90:6: set probeFontRecord to (get properties of font object of probeRange) as record
record-vs-legacy-80-90:7: set probeShadingRecord to (get properties of shading of probeRange) as record
record-vs-legacy-80-90:8: set probeRecordRow to {name of probeFontRecord as text,font size of probeFontRecord,bold of probeFontRecord,italic of probeFontRecord,underl
record-vs-legacy-80-90:9: set probeLegacyJson to my jsonRows({probeLegacyRow})
record-vs-legacy-80-90:10: set probeRecordJson to my jsonRows({probeRecordRow})
record-vs-legacy-80-90:11: set probeEqual to (current application's NSString's stringWithString:probeLegacyJson)'s isEqualToString:probeRecordJson
record-vs-legacy-80-90:12: if not (probeEqual as boolean) then error "RECORD_VALUE_MISMATCH"
record-vs-legacy-80-90:13: set end of probeRows to {"same-coordinate",probePosition as integer,probeEqual as boolean,probeLegacyRow}
record-vs-legacy-80-90:3: set probeRange to create range boundDoc start probePosition end (probePosition+1)
record-vs-legacy-80-90:4: set probeFontReference to font object of probeRange
record-vs-legacy-80-90:5: set probeLegacyRow to {name of probeFontReference as text,font size of probeFontReference,bold of probeFontReference,italic of probeFontRefe
record-vs-legacy-80-90:6: set probeFontRecord to (get properties of font object of probeRange) as record
record-vs-legacy-80-90:7: set probeShadingRecord to (get properties of shading of probeRange) as record
record-vs-legacy-80-90:8: set probeRecordRow to {name of probeFontRecord as text,font size of probeFontRecord,bold of probeFontRecord,italic of probeFontRecord,underl
record-vs-legacy-80-90:9: set probeLegacyJson to my jsonRows({probeLegacyRow})
record-vs-legacy-80-90:10: set probeRecordJson to my jsonRows({probeRecordRow})
record-vs-legacy-80-90:11: set probeEqual to (current application's NSString's stringWithString:probeLegacyJson)'s isEqualToString:probeRecordJson
record-vs-legacy-80-90:12: if not (probeEqual as boolean) then error "RECORD_VALUE_MISMATCH"
record-vs-legacy-80-90:13: set end of probeRows to {"same-coordinate",probePosition as integer,probeEqual as boolean,probeLegacyRow}
record-vs-legacy-80-90:3: set probeRange to create range boundDoc start probePosition end (probePosition+1)
record-vs-legacy-80-90:4: set probeFontReference to font object of probeRange
record-vs-legacy-80-90:5: set probeLegacyRow to {name of probeFontReference as text,font size of probeFontReference,bold of probeFontReference,italic of probeFontRefe
record-vs-legacy-80-90:6: set probeFontRecord to (get properties of font object of probeRange) as record
record-vs-legacy-80-90:7: set probeShadingRecord to (get properties of shading of probeRange) as record
record-vs-legacy-80-90:8: set probeRecordRow to {name of probeFontRecord as text,font size of probeFontRecord,bold of probeFontRecord,italic of probeFontRecord,underl
record-vs-legacy-80-90:9: set probeLegacyJson to my jsonRows({probeLegacyRow})
record-vs-legacy-80-90:10: set probeRecordJson to my jsonRows({probeRecordRow})
record-vs-legacy-80-90:11: set probeEqual to (current application's NSString's stringWithString:probeLegacyJson)'s isEqualToString:probeRecordJson
record-vs-legacy-80-90:12: if not (probeEqual as boolean) then error "RECORD_VALUE_MISMATCH"
record-vs-legacy-80-90:13: set end of probeRows to {"same-coordinate",probePosition as integer,probeEqual as boolean,probeLegacyRow}
record-vs-legacy-80-90:3: set probeRange to create range boundDoc start probePosition end (probePosition+1)
record-vs-legacy-80-90:4: set probeFontReference to font object of probeRange
record-vs-legacy-80-90:5: set probeLegacyRow to {name of probeFontReference as text,font size of probeFontReference,bold of probeFontReference,italic of probeFontRefe
record-vs-legacy-80-90:6: set probeFontRecord to (get properties of font object of probeRange) as record
record-vs-legacy-80-90:7: set probeShadingRecord to (get properties of shading of probeRange) as record
record-vs-legacy-80-90:8: set probeRecordRow to {name of probeFontRecord as text,font size of probeFontRecord,bold of probeFontRecord,italic of probeFontRecord,underl
record-vs-legacy-80-90:9: set probeLegacyJson to my jsonRows({probeLegacyRow})
record-vs-legacy-80-90:10: set probeRecordJson to my jsonRows({probeRecordRow})
record-vs-legacy-80-90:11: set probeEqual to (current application's NSString's stringWithString:probeLegacyJson)'s isEqualToString:probeRecordJson
record-vs-legacy-80-90:12: if not (probeEqual as boolean) then error "RECORD_VALUE_MISMATCH"
record-vs-legacy-80-90:13: set end of probeRows to {"same-coordinate",probePosition as integer,probeEqual as boolean,probeLegacyRow}
record-vs-legacy-80-90:3: set probeRange to create range boundDoc start probePosition end (probePosition+1)
record-vs-legacy-80-90:4: set probeFontReference to font object of probeRange
record-vs-legacy-80-90:5: set probeLegacyRow to {name of probeFontReference as text,font size of probeFontReference,bold of probeFontReference,italic of probeFontRefe
record-vs-legacy-80-90:6: set probeFontRecord to (get properties of font object of probeRange) as record
record-vs-legacy-80-90:7: set probeShadingRecord to (get properties of shading of probeRange) as record
record-vs-legacy-80-90:8: set probeRecordRow to {name of probeFontRecord as text,font size of probeFontRecord,bold of probeFontRecord,italic of probeFontRecord,underl
record-vs-legacy-80-90:9: set probeLegacyJson to my jsonRows({probeLegacyRow})
record-vs-legacy-80-90:10: set probeRecordJson to my jsonRows({probeRecordRow})
record-vs-legacy-80-90:11: set probeEqual to (current application's NSString's stringWithString:probeLegacyJson)'s isEqualToString:probeRecordJson
record-vs-legacy-80-90:12: if not (probeEqual as boolean) then error "RECORD_VALUE_MISMATCH"
record-vs-legacy-80-90:13: set end of probeRows to {"same-coordinate",probePosition as integer,probeEqual as boolean,probeLegacyRow}
record-vs-legacy-80-90:3: set probeRange to create range boundDoc start probePosition end (probePosition+1)
record-vs-legacy-80-90:4: set probeFontReference to font object of probeRange
record-vs-legacy-80-90:5: set probeLegacyRow to {name of probeFontReference as text,font size of probeFontReference,bold of probeFontReference,italic of probeFontRefe
record-vs-legacy-80-90:6: set probeFontRecord to (get properties of font object of probeRange) as record
record-vs-legacy-80-90:7: set probeShadingRecord to (get properties of shading of probeRange) as record
record-vs-legacy-80-90:8: set probeRecordRow to {name of probeFontRecord as text,font size of probeFontRecord,bold of probeFontRecord,italic of probeFontRecord,underl
record-vs-legacy-80-90:9: set probeLegacyJson to my jsonRows({probeLegacyRow})
record-vs-legacy-80-90:10: set probeRecordJson to my jsonRows({probeRecordRow})
record-vs-legacy-80-90:11: set probeEqual to (current application's NSString's stringWithString:probeLegacyJson)'s isEqualToString:probeRecordJson
record-vs-legacy-80-90:12: if not (probeEqual as boolean) then error "RECORD_VALUE_MISMATCH"
record-vs-legacy-80-90:13: set end of probeRows to {"same-coordinate",probePosition as integer,probeEqual as boolean,probeLegacyRow}
record-vs-legacy-80-90:3: set probeRange to create range boundDoc start probePosition end (probePosition+1)
record-vs-legacy-80-90:4: set probeFontReference to font object of probeRange
record-vs-legacy-80-90:5: set probeLegacyRow to {name of probeFontReference as text,font size of probeFontReference,bold of probeFontReference,italic of probeFontRefe
record-vs-legacy-80-90:6: set probeFontRecord to (get properties of font object of probeRange) as record
record-vs-legacy-80-90:7: set probeShadingRecord to (get properties of shading of probeRange) as record
record-vs-legacy-80-90:8: set probeRecordRow to {name of probeFontRecord as text,font size of probeFontRecord,bold of probeFontRecord,italic of probeFontRecord,underl
record-vs-legacy-80-90:9: set probeLegacyJson to my jsonRows({probeLegacyRow})
record-vs-legacy-80-90:10: set probeRecordJson to my jsonRows({probeRecordRow})
record-vs-legacy-80-90:11: set probeEqual to (current application's NSString's stringWithString:probeLegacyJson)'s isEqualToString:probeRecordJson
record-vs-legacy-80-90:12: if not (probeEqual as boolean) then error "RECORD_VALUE_MISMATCH"
record-vs-legacy-80-90:13: set end of probeRows to {"same-coordinate",probePosition as integer,probeEqual as boolean,probeLegacyRow}

["WPSCOMPOSER_WORD_SESSION_OK",[["read-ok",[["same-coordinate",80,true,["DengXian",11,false,false,"underline none",[0,0,0],[0,0,0]]],["same-coordinate",81,true,["DengXian",11,false,false,"underline none",[0,0,0],[0,0,0]]],["same-coordinate",82,true,["DengXian",11,false,false,"underline none",[0,0,0],[0,0,0]]],["same-coordinate",83,true,["DengXian",11,false,false,"underline none",[0,0,0],[0,0,0]]],["same-coordinate",84,true,["DengXian",11,false,false,"underline none",[0,0,0],[0,0,0]]],["same-coordinate",85,true,["DengXian",11,false,false,"underline none",[0,0,0],[0,0,0]]],["same-coordinate",86,true,["DengXian",11,false,false,"underline none",[0,0,0],[0,0,0]]],["same-coordinate",87,true,["DengXian",11,false,false,"underline none",[0,0,0],[0,0,0]]],["same-coordinate",88,true,["DengXian",11,false,false,"underline none",[0,0,0],[0,0,0]]],["same-coordinate",89,true,["DengXian",11,false,false,"underline none",[0,0,0],[0,0,0]]]]]]]
