record-vs-legacy-160-170:0: set probeFirst to 160
record-vs-legacy-160-170:1: set probeLast to 169
record-vs-legacy-160-170:2: repeat with probePosition from probeFirst to probeLast
record-vs-legacy-160-170:3: set probeRange to create range boundDoc start probePosition end (probePosition+1)
record-vs-legacy-160-170:4: set probeFontReference to font object of probeRange
record-vs-legacy-160-170:5: set probeLegacyRow to {name of probeFontReference as text,font size of probeFontReference,bold of probeFontReference,italic of probeFontRefe
record-vs-legacy-160-170:6: set probeFontRecord to (get properties of font object of probeRange) as record
record-vs-legacy-160-170:7: set probeShadingRecord to (get properties of shading of probeRange) as record
record-vs-legacy-160-170:8: set probeRecordRow to {name of probeFontRecord as text,font size of probeFontRecord,bold of probeFontRecord,italic of probeFontRecord,underl
record-vs-legacy-160-170:9: set probeLegacyJson to my jsonRows({probeLegacyRow})
record-vs-legacy-160-170:10: set probeRecordJson to my jsonRows({probeRecordRow})
record-vs-legacy-160-170:11: set probeEqual to (current application's NSString's stringWithString:probeLegacyJson)'s isEqualToString:probeRecordJson
record-vs-legacy-160-170:12: if not (probeEqual as boolean) then error "RECORD_VALUE_MISMATCH"
record-vs-legacy-160-170:13: set end of probeRows to {"same-coordinate",probePosition as integer,probeEqual as boolean,probeLegacyRow}
record-vs-legacy-160-170:3: set probeRange to create range boundDoc start probePosition end (probePosition+1)
record-vs-legacy-160-170:4: set probeFontReference to font object of probeRange
record-vs-legacy-160-170:5: set probeLegacyRow to {name of probeFontReference as text,font size of probeFontReference,bold of probeFontReference,italic of probeFontRefe
record-vs-legacy-160-170:6: set probeFontRecord to (get properties of font object of probeRange) as record
record-vs-legacy-160-170:7: set probeShadingRecord to (get properties of shading of probeRange) as record
record-vs-legacy-160-170:8: set probeRecordRow to {name of probeFontRecord as text,font size of probeFontRecord,bold of probeFontRecord,italic of probeFontRecord,underl
record-vs-legacy-160-170:9: set probeLegacyJson to my jsonRows({probeLegacyRow})
record-vs-legacy-160-170:10: set probeRecordJson to my jsonRows({probeRecordRow})
record-vs-legacy-160-170:11: set probeEqual to (current application's NSString's stringWithString:probeLegacyJson)'s isEqualToString:probeRecordJson
record-vs-legacy-160-170:12: if not (probeEqual as boolean) then error "RECORD_VALUE_MISMATCH"
record-vs-legacy-160-170:13: set end of probeRows to {"same-coordinate",probePosition as integer,probeEqual as boolean,probeLegacyRow}
record-vs-legacy-160-170:3: set probeRange to create range boundDoc start probePosition end (probePosition+1)
record-vs-legacy-160-170:4: set probeFontReference to font object of probeRange
record-vs-legacy-160-170:5: set probeLegacyRow to {name of probeFontReference as text,font size of probeFontReference,bold of probeFontReference,italic of probeFontRefe
record-vs-legacy-160-170:6: set probeFontRecord to (get properties of font object of probeRange) as record
record-vs-legacy-160-170:7: set probeShadingRecord to (get properties of shading of probeRange) as record
record-vs-legacy-160-170:8: set probeRecordRow to {name of probeFontRecord as text,font size of probeFontRecord,bold of probeFontRecord,italic of probeFontRecord,underl
record-vs-legacy-160-170:9: set probeLegacyJson to my jsonRows({probeLegacyRow})
record-vs-legacy-160-170:10: set probeRecordJson to my jsonRows({probeRecordRow})
record-vs-legacy-160-170:11: set probeEqual to (current application's NSString's stringWithString:probeLegacyJson)'s isEqualToString:probeRecordJson
record-vs-legacy-160-170:12: if not (probeEqual as boolean) then error "RECORD_VALUE_MISMATCH"
record-vs-legacy-160-170:13: set end of probeRows to {"same-coordinate",probePosition as integer,probeEqual as boolean,probeLegacyRow}
record-vs-legacy-160-170:3: set probeRange to create range boundDoc start probePosition end (probePosition+1)
record-vs-legacy-160-170:4: set probeFontReference to font object of probeRange
record-vs-legacy-160-170:5: set probeLegacyRow to {name of probeFontReference as text,font size of probeFontReference,bold of probeFontReference,italic of probeFontRefe
record-vs-legacy-160-170:6: set probeFontRecord to (get properties of font object of probeRange) as record
record-vs-legacy-160-170:7: set probeShadingRecord to (get properties of shading of probeRange) as record
record-vs-legacy-160-170:8: set probeRecordRow to {name of probeFontRecord as text,font size of probeFontRecord,bold of probeFontRecord,italic of probeFontRecord,underl
record-vs-legacy-160-170:9: set probeLegacyJson to my jsonRows({probeLegacyRow})
record-vs-legacy-160-170:10: set probeRecordJson to my jsonRows({probeRecordRow})
record-vs-legacy-160-170:11: set probeEqual to (current application's NSString's stringWithString:probeLegacyJson)'s isEqualToString:probeRecordJson
record-vs-legacy-160-170:12: if not (probeEqual as boolean) then error "RECORD_VALUE_MISMATCH"
record-vs-legacy-160-170:13: set end of probeRows to {"same-coordinate",probePosition as integer,probeEqual as boolean,probeLegacyRow}
record-vs-legacy-160-170:3: set probeRange to create range boundDoc start probePosition end (probePosition+1)
record-vs-legacy-160-170:4: set probeFontReference to font object of probeRange
record-vs-legacy-160-170:5: set probeLegacyRow to {name of probeFontReference as text,font size of probeFontReference,bold of probeFontReference,italic of probeFontRefe
record-vs-legacy-160-170:6: set probeFontRecord to (get properties of font object of probeRange) as record
record-vs-legacy-160-170:7: set probeShadingRecord to (get properties of shading of probeRange) as record
record-vs-legacy-160-170:8: set probeRecordRow to {name of probeFontRecord as text,font size of probeFontRecord,bold of probeFontRecord,italic of probeFontRecord,underl
record-vs-legacy-160-170:9: set probeLegacyJson to my jsonRows({probeLegacyRow})
record-vs-legacy-160-170:10: set probeRecordJson to my jsonRows({probeRecordRow})
record-vs-legacy-160-170:11: set probeEqual to (current application's NSString's stringWithString:probeLegacyJson)'s isEqualToString:probeRecordJson
record-vs-legacy-160-170:12: if not (probeEqual as boolean) then error "RECORD_VALUE_MISMATCH"
record-vs-legacy-160-170:13: set end of probeRows to {"same-coordinate",probePosition as integer,probeEqual as boolean,probeLegacyRow}
record-vs-legacy-160-170:3: set probeRange to create range boundDoc start probePosition end (probePosition+1)
record-vs-legacy-160-170:4: set probeFontReference to font object of probeRange
record-vs-legacy-160-170:5: set probeLegacyRow to {name of probeFontReference as text,font size of probeFontReference,bold of probeFontReference,italic of probeFontRefe
record-vs-legacy-160-170:6: set probeFontRecord to (get properties of font object of probeRange) as record
record-vs-legacy-160-170:7: set probeShadingRecord to (get properties of shading of probeRange) as record
record-vs-legacy-160-170:8: set probeRecordRow to {name of probeFontRecord as text,font size of probeFontRecord,bold of probeFontRecord,italic of probeFontRecord,underl
record-vs-legacy-160-170:9: set probeLegacyJson to my jsonRows({probeLegacyRow})
record-vs-legacy-160-170:10: set probeRecordJson to my jsonRows({probeRecordRow})
record-vs-legacy-160-170:11: set probeEqual to (current application's NSString's stringWithString:probeLegacyJson)'s isEqualToString:probeRecordJson
record-vs-legacy-160-170:12: if not (probeEqual as boolean) then error "RECORD_VALUE_MISMATCH"
record-vs-legacy-160-170:13: set end of probeRows to {"same-coordinate",probePosition as integer,probeEqual as boolean,probeLegacyRow}
record-vs-legacy-160-170:3: set probeRange to create range boundDoc start probePosition end (probePosition+1)
record-vs-legacy-160-170:4: set probeFontReference to font object of probeRange
record-vs-legacy-160-170:5: set probeLegacyRow to {name of probeFontReference as text,font size of probeFontReference,bold of probeFontReference,italic of probeFontRefe
record-vs-legacy-160-170:6: set probeFontRecord to (get properties of font object of probeRange) as record
record-vs-legacy-160-170:7: set probeShadingRecord to (get properties of shading of probeRange) as record
record-vs-legacy-160-170:8: set probeRecordRow to {name of probeFontRecord as text,font size of probeFontRecord,bold of probeFontRecord,italic of probeFontRecord,underl
record-vs-legacy-160-170:9: set probeLegacyJson to my jsonRows({probeLegacyRow})
record-vs-legacy-160-170:10: set probeRecordJson to my jsonRows({probeRecordRow})
record-vs-legacy-160-170:11: set probeEqual to (current application's NSString's stringWithString:probeLegacyJson)'s isEqualToString:probeRecordJson
record-vs-legacy-160-170:12: if not (probeEqual as boolean) then error "RECORD_VALUE_MISMATCH"
record-vs-legacy-160-170:13: set end of probeRows to {"same-coordinate",probePosition as integer,probeEqual as boolean,probeLegacyRow}
record-vs-legacy-160-170:3: set probeRange to create range boundDoc start probePosition end (probePosition+1)
record-vs-legacy-160-170:4: set probeFontReference to font object of probeRange
record-vs-legacy-160-170:5: set probeLegacyRow to {name of probeFontReference as text,font size of probeFontReference,bold of probeFontReference,italic of probeFontRefe
record-vs-legacy-160-170:6: set probeFontRecord to (get properties of font object of probeRange) as record
record-vs-legacy-160-170:7: set probeShadingRecord to (get properties of shading of probeRange) as record
record-vs-legacy-160-170:8: set probeRecordRow to {name of probeFontRecord as text,font size of probeFontRecord,bold of probeFontRecord,italic of probeFontRecord,underl
record-vs-legacy-160-170:9: set probeLegacyJson to my jsonRows({probeLegacyRow})
record-vs-legacy-160-170:10: set probeRecordJson to my jsonRows({probeRecordRow})
record-vs-legacy-160-170:11: set probeEqual to (current application's NSString's stringWithString:probeLegacyJson)'s isEqualToString:probeRecordJson
record-vs-legacy-160-170:12: if not (probeEqual as boolean) then error "RECORD_VALUE_MISMATCH"
record-vs-legacy-160-170:13: set end of probeRows to {"same-coordinate",probePosition as integer,probeEqual as boolean,probeLegacyRow}
record-vs-legacy-160-170:3: set probeRange to create range boundDoc start probePosition end (probePosition+1)
record-vs-legacy-160-170:4: set probeFontReference to font object of probeRange
record-vs-legacy-160-170:5: set probeLegacyRow to {name of probeFontReference as text,font size of probeFontReference,bold of probeFontReference,italic of probeFontRefe
record-vs-legacy-160-170:6: set probeFontRecord to (get properties of font object of probeRange) as record
record-vs-legacy-160-170:7: set probeShadingRecord to (get properties of shading of probeRange) as record
record-vs-legacy-160-170:8: set probeRecordRow to {name of probeFontRecord as text,font size of probeFontRecord,bold of probeFontRecord,italic of probeFontRecord,underl
record-vs-legacy-160-170:9: set probeLegacyJson to my jsonRows({probeLegacyRow})
record-vs-legacy-160-170:10: set probeRecordJson to my jsonRows({probeRecordRow})
record-vs-legacy-160-170:11: set probeEqual to (current application's NSString's stringWithString:probeLegacyJson)'s isEqualToString:probeRecordJson
record-vs-legacy-160-170:12: if not (probeEqual as boolean) then error "RECORD_VALUE_MISMATCH"
record-vs-legacy-160-170:13: set end of probeRows to {"same-coordinate",probePosition as integer,probeEqual as boolean,probeLegacyRow}
record-vs-legacy-160-170:3: set probeRange to create range boundDoc start probePosition end (probePosition+1)
record-vs-legacy-160-170:4: set probeFontReference to font object of probeRange
record-vs-legacy-160-170:5: set probeLegacyRow to {name of probeFontReference as text,font size of probeFontReference,bold of probeFontReference,italic of probeFontRefe
record-vs-legacy-160-170:6: set probeFontRecord to (get properties of font object of probeRange) as record
record-vs-legacy-160-170:7: set probeShadingRecord to (get properties of shading of probeRange) as record
record-vs-legacy-160-170:8: set probeRecordRow to {name of probeFontRecord as text,font size of probeFontRecord,bold of probeFontRecord,italic of probeFontRecord,underl
record-vs-legacy-160-170:9: set probeLegacyJson to my jsonRows({probeLegacyRow})
record-vs-legacy-160-170:10: set probeRecordJson to my jsonRows({probeRecordRow})
record-vs-legacy-160-170:11: set probeEqual to (current application's NSString's stringWithString:probeLegacyJson)'s isEqualToString:probeRecordJson
record-vs-legacy-160-170:12: if not (probeEqual as boolean) then error "RECORD_VALUE_MISMATCH"
record-vs-legacy-160-170:13: set end of probeRows to {"same-coordinate",probePosition as integer,probeEqual as boolean,probeLegacyRow}

["WPSCOMPOSER_WORD_SESSION_OK",[["read-ok",[["same-coordinate",160,true,["DengXian",11,false,false,"underline none",[0,0,0],[0,0,0]]],["same-coordinate",161,true,["DengXian",11,false,false,"underline none",[0,0,0],[0,0,0]]],["same-coordinate",162,true,["DengXian",11,false,false,"underline none",[0,0,0],[0,0,0]]],["same-coordinate",163,true,["DengXian",11,false,false,"underline none",[0,0,0],[0,0,0]]],["same-coordinate",164,true,["DengXian",11,false,false,"underline none",[0,0,0],[0,0,0]]],["same-coordinate",165,true,["DengXian",11,false,false,"underline none",[0,0,0],[0,0,0]]],["same-coordinate",166,true,["DengXian",11,false,false,"underline none",[0,0,0],[0,0,0]]],["same-coordinate",167,true,["DengXian",11,false,false,"underline none",[0,0,0],[0,0,0]]],["same-coordinate",168,true,["DengXian",11,false,false,"underline none",[0,0,0],[0,0,0]]],["same-coordinate",169,true,["DengXian",11,false,false,"underline none",[0,0,0],[0,0,0]]]]]]]
