record-vs-legacy-130-140:0: set probeFirst to 130
record-vs-legacy-130-140:1: set probeLast to 139
record-vs-legacy-130-140:2: repeat with probePosition from probeFirst to probeLast
record-vs-legacy-130-140:3: set probeRange to create range boundDoc start probePosition end (probePosition+1)
record-vs-legacy-130-140:4: set probeFontReference to font object of probeRange
record-vs-legacy-130-140:5: set probeLegacyRow to {name of probeFontReference as text,font size of probeFontReference,bold of probeFontReference,italic of probeFontRefe
record-vs-legacy-130-140:6: set probeFontRecord to (get properties of font object of probeRange) as record
record-vs-legacy-130-140:7: set probeShadingRecord to (get properties of shading of probeRange) as record
record-vs-legacy-130-140:8: set probeRecordRow to {name of probeFontRecord as text,font size of probeFontRecord,bold of probeFontRecord,italic of probeFontRecord,underl
record-vs-legacy-130-140:9: set probeLegacyJson to my jsonRows({probeLegacyRow})
record-vs-legacy-130-140:10: set probeRecordJson to my jsonRows({probeRecordRow})
record-vs-legacy-130-140:11: set probeEqual to (current application's NSString's stringWithString:probeLegacyJson)'s isEqualToString:probeRecordJson
record-vs-legacy-130-140:12: if not (probeEqual as boolean) then error "RECORD_VALUE_MISMATCH"
record-vs-legacy-130-140:13: set end of probeRows to {"same-coordinate",probePosition as integer,probeEqual as boolean,probeLegacyRow}
record-vs-legacy-130-140:3: set probeRange to create range boundDoc start probePosition end (probePosition+1)
record-vs-legacy-130-140:4: set probeFontReference to font object of probeRange
record-vs-legacy-130-140:5: set probeLegacyRow to {name of probeFontReference as text,font size of probeFontReference,bold of probeFontReference,italic of probeFontRefe
record-vs-legacy-130-140:6: set probeFontRecord to (get properties of font object of probeRange) as record
record-vs-legacy-130-140:7: set probeShadingRecord to (get properties of shading of probeRange) as record
record-vs-legacy-130-140:8: set probeRecordRow to {name of probeFontRecord as text,font size of probeFontRecord,bold of probeFontRecord,italic of probeFontRecord,underl
record-vs-legacy-130-140:9: set probeLegacyJson to my jsonRows({probeLegacyRow})
record-vs-legacy-130-140:10: set probeRecordJson to my jsonRows({probeRecordRow})
record-vs-legacy-130-140:11: set probeEqual to (current application's NSString's stringWithString:probeLegacyJson)'s isEqualToString:probeRecordJson
record-vs-legacy-130-140:12: if not (probeEqual as boolean) then error "RECORD_VALUE_MISMATCH"
record-vs-legacy-130-140:13: set end of probeRows to {"same-coordinate",probePosition as integer,probeEqual as boolean,probeLegacyRow}
record-vs-legacy-130-140:3: set probeRange to create range boundDoc start probePosition end (probePosition+1)
record-vs-legacy-130-140:4: set probeFontReference to font object of probeRange
record-vs-legacy-130-140:5: set probeLegacyRow to {name of probeFontReference as text,font size of probeFontReference,bold of probeFontReference,italic of probeFontRefe
record-vs-legacy-130-140:6: set probeFontRecord to (get properties of font object of probeRange) as record
record-vs-legacy-130-140:7: set probeShadingRecord to (get properties of shading of probeRange) as record
record-vs-legacy-130-140:8: set probeRecordRow to {name of probeFontRecord as text,font size of probeFontRecord,bold of probeFontRecord,italic of probeFontRecord,underl
record-vs-legacy-130-140:9: set probeLegacyJson to my jsonRows({probeLegacyRow})
record-vs-legacy-130-140:10: set probeRecordJson to my jsonRows({probeRecordRow})
record-vs-legacy-130-140:11: set probeEqual to (current application's NSString's stringWithString:probeLegacyJson)'s isEqualToString:probeRecordJson
record-vs-legacy-130-140:12: if not (probeEqual as boolean) then error "RECORD_VALUE_MISMATCH"
record-vs-legacy-130-140:13: set end of probeRows to {"same-coordinate",probePosition as integer,probeEqual as boolean,probeLegacyRow}
record-vs-legacy-130-140:3: set probeRange to create range boundDoc start probePosition end (probePosition+1)
record-vs-legacy-130-140:4: set probeFontReference to font object of probeRange
record-vs-legacy-130-140:5: set probeLegacyRow to {name of probeFontReference as text,font size of probeFontReference,bold of probeFontReference,italic of probeFontRefe
record-vs-legacy-130-140:6: set probeFontRecord to (get properties of font object of probeRange) as record
record-vs-legacy-130-140:7: set probeShadingRecord to (get properties of shading of probeRange) as record
record-vs-legacy-130-140:8: set probeRecordRow to {name of probeFontRecord as text,font size of probeFontRecord,bold of probeFontRecord,italic of probeFontRecord,underl
record-vs-legacy-130-140:9: set probeLegacyJson to my jsonRows({probeLegacyRow})
record-vs-legacy-130-140:10: set probeRecordJson to my jsonRows({probeRecordRow})
record-vs-legacy-130-140:11: set probeEqual to (current application's NSString's stringWithString:probeLegacyJson)'s isEqualToString:probeRecordJson
record-vs-legacy-130-140:12: if not (probeEqual as boolean) then error "RECORD_VALUE_MISMATCH"
record-vs-legacy-130-140:13: set end of probeRows to {"same-coordinate",probePosition as integer,probeEqual as boolean,probeLegacyRow}
record-vs-legacy-130-140:3: set probeRange to create range boundDoc start probePosition end (probePosition+1)
record-vs-legacy-130-140:4: set probeFontReference to font object of probeRange
record-vs-legacy-130-140:5: set probeLegacyRow to {name of probeFontReference as text,font size of probeFontReference,bold of probeFontReference,italic of probeFontRefe
record-vs-legacy-130-140:6: set probeFontRecord to (get properties of font object of probeRange) as record
record-vs-legacy-130-140:7: set probeShadingRecord to (get properties of shading of probeRange) as record
record-vs-legacy-130-140:8: set probeRecordRow to {name of probeFontRecord as text,font size of probeFontRecord,bold of probeFontRecord,italic of probeFontRecord,underl
record-vs-legacy-130-140:9: set probeLegacyJson to my jsonRows({probeLegacyRow})
record-vs-legacy-130-140:10: set probeRecordJson to my jsonRows({probeRecordRow})
record-vs-legacy-130-140:11: set probeEqual to (current application's NSString's stringWithString:probeLegacyJson)'s isEqualToString:probeRecordJson
record-vs-legacy-130-140:12: if not (probeEqual as boolean) then error "RECORD_VALUE_MISMATCH"
record-vs-legacy-130-140:13: set end of probeRows to {"same-coordinate",probePosition as integer,probeEqual as boolean,probeLegacyRow}
record-vs-legacy-130-140:3: set probeRange to create range boundDoc start probePosition end (probePosition+1)
record-vs-legacy-130-140:4: set probeFontReference to font object of probeRange
record-vs-legacy-130-140:5: set probeLegacyRow to {name of probeFontReference as text,font size of probeFontReference,bold of probeFontReference,italic of probeFontRefe
record-vs-legacy-130-140:6: set probeFontRecord to (get properties of font object of probeRange) as record
record-vs-legacy-130-140:7: set probeShadingRecord to (get properties of shading of probeRange) as record
record-vs-legacy-130-140:8: set probeRecordRow to {name of probeFontRecord as text,font size of probeFontRecord,bold of probeFontRecord,italic of probeFontRecord,underl
record-vs-legacy-130-140:9: set probeLegacyJson to my jsonRows({probeLegacyRow})
record-vs-legacy-130-140:10: set probeRecordJson to my jsonRows({probeRecordRow})
record-vs-legacy-130-140:11: set probeEqual to (current application's NSString's stringWithString:probeLegacyJson)'s isEqualToString:probeRecordJson
record-vs-legacy-130-140:12: if not (probeEqual as boolean) then error "RECORD_VALUE_MISMATCH"
record-vs-legacy-130-140:13: set end of probeRows to {"same-coordinate",probePosition as integer,probeEqual as boolean,probeLegacyRow}
record-vs-legacy-130-140:3: set probeRange to create range boundDoc start probePosition end (probePosition+1)
record-vs-legacy-130-140:4: set probeFontReference to font object of probeRange
record-vs-legacy-130-140:5: set probeLegacyRow to {name of probeFontReference as text,font size of probeFontReference,bold of probeFontReference,italic of probeFontRefe
record-vs-legacy-130-140:6: set probeFontRecord to (get properties of font object of probeRange) as record
record-vs-legacy-130-140:7: set probeShadingRecord to (get properties of shading of probeRange) as record
record-vs-legacy-130-140:8: set probeRecordRow to {name of probeFontRecord as text,font size of probeFontRecord,bold of probeFontRecord,italic of probeFontRecord,underl
record-vs-legacy-130-140:9: set probeLegacyJson to my jsonRows({probeLegacyRow})
record-vs-legacy-130-140:10: set probeRecordJson to my jsonRows({probeRecordRow})
record-vs-legacy-130-140:11: set probeEqual to (current application's NSString's stringWithString:probeLegacyJson)'s isEqualToString:probeRecordJson
record-vs-legacy-130-140:12: if not (probeEqual as boolean) then error "RECORD_VALUE_MISMATCH"
record-vs-legacy-130-140:13: set end of probeRows to {"same-coordinate",probePosition as integer,probeEqual as boolean,probeLegacyRow}
record-vs-legacy-130-140:3: set probeRange to create range boundDoc start probePosition end (probePosition+1)
record-vs-legacy-130-140:4: set probeFontReference to font object of probeRange
record-vs-legacy-130-140:5: set probeLegacyRow to {name of probeFontReference as text,font size of probeFontReference,bold of probeFontReference,italic of probeFontRefe
record-vs-legacy-130-140:6: set probeFontRecord to (get properties of font object of probeRange) as record
record-vs-legacy-130-140:7: set probeShadingRecord to (get properties of shading of probeRange) as record
record-vs-legacy-130-140:8: set probeRecordRow to {name of probeFontRecord as text,font size of probeFontRecord,bold of probeFontRecord,italic of probeFontRecord,underl
record-vs-legacy-130-140:9: set probeLegacyJson to my jsonRows({probeLegacyRow})
record-vs-legacy-130-140:10: set probeRecordJson to my jsonRows({probeRecordRow})
record-vs-legacy-130-140:11: set probeEqual to (current application's NSString's stringWithString:probeLegacyJson)'s isEqualToString:probeRecordJson
record-vs-legacy-130-140:12: if not (probeEqual as boolean) then error "RECORD_VALUE_MISMATCH"
record-vs-legacy-130-140:13: set end of probeRows to {"same-coordinate",probePosition as integer,probeEqual as boolean,probeLegacyRow}
record-vs-legacy-130-140:3: set probeRange to create range boundDoc start probePosition end (probePosition+1)
record-vs-legacy-130-140:4: set probeFontReference to font object of probeRange
record-vs-legacy-130-140:5: set probeLegacyRow to {name of probeFontReference as text,font size of probeFontReference,bold of probeFontReference,italic of probeFontRefe
record-vs-legacy-130-140:6: set probeFontRecord to (get properties of font object of probeRange) as record
record-vs-legacy-130-140:7: set probeShadingRecord to (get properties of shading of probeRange) as record
record-vs-legacy-130-140:8: set probeRecordRow to {name of probeFontRecord as text,font size of probeFontRecord,bold of probeFontRecord,italic of probeFontRecord,underl
record-vs-legacy-130-140:9: set probeLegacyJson to my jsonRows({probeLegacyRow})
record-vs-legacy-130-140:10: set probeRecordJson to my jsonRows({probeRecordRow})
record-vs-legacy-130-140:11: set probeEqual to (current application's NSString's stringWithString:probeLegacyJson)'s isEqualToString:probeRecordJson
record-vs-legacy-130-140:12: if not (probeEqual as boolean) then error "RECORD_VALUE_MISMATCH"
record-vs-legacy-130-140:13: set end of probeRows to {"same-coordinate",probePosition as integer,probeEqual as boolean,probeLegacyRow}
record-vs-legacy-130-140:3: set probeRange to create range boundDoc start probePosition end (probePosition+1)
record-vs-legacy-130-140:4: set probeFontReference to font object of probeRange
record-vs-legacy-130-140:5: set probeLegacyRow to {name of probeFontReference as text,font size of probeFontReference,bold of probeFontReference,italic of probeFontRefe
record-vs-legacy-130-140:6: set probeFontRecord to (get properties of font object of probeRange) as record
record-vs-legacy-130-140:7: set probeShadingRecord to (get properties of shading of probeRange) as record
record-vs-legacy-130-140:8: set probeRecordRow to {name of probeFontRecord as text,font size of probeFontRecord,bold of probeFontRecord,italic of probeFontRecord,underl
record-vs-legacy-130-140:9: set probeLegacyJson to my jsonRows({probeLegacyRow})
record-vs-legacy-130-140:10: set probeRecordJson to my jsonRows({probeRecordRow})
record-vs-legacy-130-140:11: set probeEqual to (current application's NSString's stringWithString:probeLegacyJson)'s isEqualToString:probeRecordJson
record-vs-legacy-130-140:12: if not (probeEqual as boolean) then error "RECORD_VALUE_MISMATCH"
record-vs-legacy-130-140:13: set end of probeRows to {"same-coordinate",probePosition as integer,probeEqual as boolean,probeLegacyRow}

["WPSCOMPOSER_WORD_SESSION_OK",[["read-ok",[["same-coordinate",130,true,["DengXian",11,false,false,"underline none",[0,0,0],[0,0,0]]],["same-coordinate",131,true,["DengXian",11,false,false,"underline none",[0,0,0],[0,0,0]]],["same-coordinate",132,true,["DengXian",11,false,false,"underline none",[0,0,0],[0,0,0]]],["same-coordinate",133,true,["DengXian",11,false,false,"underline none",[0,0,0],[0,0,0]]],["same-coordinate",134,true,["DengXian",11,false,false,"underline none",[0,0,0],[0,0,0]]],["same-coordinate",135,true,["DengXian",11,false,false,"underline none",[0,0,0],[0,0,0]]],["same-coordinate",136,true,["DengXian",11,false,false,"underline none",[0,0,0],[0,0,0]]],["same-coordinate",137,true,["DengXian",11,false,false,"underline none",[0,0,0],[0,0,0]]],["same-coordinate",138,true,["DengXian",11,false,false,"underline none",[0,0,0],[0,0,0]]],["same-coordinate",139,true,["DengXian",11,false,false,"underline none",[0,0,0],[0,0,0]]]]]]]
