record-vs-legacy-100-110:0: set probeFirst to 100
record-vs-legacy-100-110:1: set probeLast to 109
record-vs-legacy-100-110:2: repeat with probePosition from probeFirst to probeLast
record-vs-legacy-100-110:3: set probeRange to create range boundDoc start probePosition end (probePosition+1)
record-vs-legacy-100-110:4: set probeFontReference to font object of probeRange
record-vs-legacy-100-110:5: set probeLegacyRow to {name of probeFontReference as text,font size of probeFontReference,bold of probeFontReference,italic of probeFontRefe
record-vs-legacy-100-110:6: set probeFontRecord to (get properties of font object of probeRange) as record
record-vs-legacy-100-110:7: set probeShadingRecord to (get properties of shading of probeRange) as record
record-vs-legacy-100-110:8: set probeRecordRow to {name of probeFontRecord as text,font size of probeFontRecord,bold of probeFontRecord,italic of probeFontRecord,underl
record-vs-legacy-100-110:9: set probeLegacyJson to my jsonRows({probeLegacyRow})
record-vs-legacy-100-110:10: set probeRecordJson to my jsonRows({probeRecordRow})
record-vs-legacy-100-110:11: set probeEqual to (current application's NSString's stringWithString:probeLegacyJson)'s isEqualToString:probeRecordJson
record-vs-legacy-100-110:12: if not (probeEqual as boolean) then error "RECORD_VALUE_MISMATCH"
record-vs-legacy-100-110:13: set end of probeRows to {"same-coordinate",probePosition as integer,probeEqual as boolean,probeLegacyRow}
record-vs-legacy-100-110:3: set probeRange to create range boundDoc start probePosition end (probePosition+1)
record-vs-legacy-100-110:4: set probeFontReference to font object of probeRange
record-vs-legacy-100-110:5: set probeLegacyRow to {name of probeFontReference as text,font size of probeFontReference,bold of probeFontReference,italic of probeFontRefe
record-vs-legacy-100-110:6: set probeFontRecord to (get properties of font object of probeRange) as record
record-vs-legacy-100-110:7: set probeShadingRecord to (get properties of shading of probeRange) as record
record-vs-legacy-100-110:8: set probeRecordRow to {name of probeFontRecord as text,font size of probeFontRecord,bold of probeFontRecord,italic of probeFontRecord,underl
record-vs-legacy-100-110:9: set probeLegacyJson to my jsonRows({probeLegacyRow})
record-vs-legacy-100-110:10: set probeRecordJson to my jsonRows({probeRecordRow})
record-vs-legacy-100-110:11: set probeEqual to (current application's NSString's stringWithString:probeLegacyJson)'s isEqualToString:probeRecordJson
record-vs-legacy-100-110:12: if not (probeEqual as boolean) then error "RECORD_VALUE_MISMATCH"
record-vs-legacy-100-110:13: set end of probeRows to {"same-coordinate",probePosition as integer,probeEqual as boolean,probeLegacyRow}
record-vs-legacy-100-110:3: set probeRange to create range boundDoc start probePosition end (probePosition+1)
record-vs-legacy-100-110:4: set probeFontReference to font object of probeRange
record-vs-legacy-100-110:5: set probeLegacyRow to {name of probeFontReference as text,font size of probeFontReference,bold of probeFontReference,italic of probeFontRefe
record-vs-legacy-100-110:6: set probeFontRecord to (get properties of font object of probeRange) as record
record-vs-legacy-100-110:7: set probeShadingRecord to (get properties of shading of probeRange) as record
record-vs-legacy-100-110:8: set probeRecordRow to {name of probeFontRecord as text,font size of probeFontRecord,bold of probeFontRecord,italic of probeFontRecord,underl
record-vs-legacy-100-110:9: set probeLegacyJson to my jsonRows({probeLegacyRow})
record-vs-legacy-100-110:10: set probeRecordJson to my jsonRows({probeRecordRow})
record-vs-legacy-100-110:11: set probeEqual to (current application's NSString's stringWithString:probeLegacyJson)'s isEqualToString:probeRecordJson
record-vs-legacy-100-110:12: if not (probeEqual as boolean) then error "RECORD_VALUE_MISMATCH"
record-vs-legacy-100-110:13: set end of probeRows to {"same-coordinate",probePosition as integer,probeEqual as boolean,probeLegacyRow}
record-vs-legacy-100-110:3: set probeRange to create range boundDoc start probePosition end (probePosition+1)
record-vs-legacy-100-110:4: set probeFontReference to font object of probeRange
record-vs-legacy-100-110:5: set probeLegacyRow to {name of probeFontReference as text,font size of probeFontReference,bold of probeFontReference,italic of probeFontRefe
record-vs-legacy-100-110:6: set probeFontRecord to (get properties of font object of probeRange) as record
record-vs-legacy-100-110:7: set probeShadingRecord to (get properties of shading of probeRange) as record
record-vs-legacy-100-110:8: set probeRecordRow to {name of probeFontRecord as text,font size of probeFontRecord,bold of probeFontRecord,italic of probeFontRecord,underl
record-vs-legacy-100-110:9: set probeLegacyJson to my jsonRows({probeLegacyRow})
record-vs-legacy-100-110:10: set probeRecordJson to my jsonRows({probeRecordRow})
record-vs-legacy-100-110:11: set probeEqual to (current application's NSString's stringWithString:probeLegacyJson)'s isEqualToString:probeRecordJson
record-vs-legacy-100-110:12: if not (probeEqual as boolean) then error "RECORD_VALUE_MISMATCH"
record-vs-legacy-100-110:13: set end of probeRows to {"same-coordinate",probePosition as integer,probeEqual as boolean,probeLegacyRow}
record-vs-legacy-100-110:3: set probeRange to create range boundDoc start probePosition end (probePosition+1)
record-vs-legacy-100-110:4: set probeFontReference to font object of probeRange
record-vs-legacy-100-110:5: set probeLegacyRow to {name of probeFontReference as text,font size of probeFontReference,bold of probeFontReference,italic of probeFontRefe
record-vs-legacy-100-110:6: set probeFontRecord to (get properties of font object of probeRange) as record
record-vs-legacy-100-110:7: set probeShadingRecord to (get properties of shading of probeRange) as record
record-vs-legacy-100-110:8: set probeRecordRow to {name of probeFontRecord as text,font size of probeFontRecord,bold of probeFontRecord,italic of probeFontRecord,underl
record-vs-legacy-100-110:9: set probeLegacyJson to my jsonRows({probeLegacyRow})
record-vs-legacy-100-110:10: set probeRecordJson to my jsonRows({probeRecordRow})
record-vs-legacy-100-110:11: set probeEqual to (current application's NSString's stringWithString:probeLegacyJson)'s isEqualToString:probeRecordJson
record-vs-legacy-100-110:12: if not (probeEqual as boolean) then error "RECORD_VALUE_MISMATCH"
record-vs-legacy-100-110:13: set end of probeRows to {"same-coordinate",probePosition as integer,probeEqual as boolean,probeLegacyRow}
record-vs-legacy-100-110:3: set probeRange to create range boundDoc start probePosition end (probePosition+1)
record-vs-legacy-100-110:4: set probeFontReference to font object of probeRange
record-vs-legacy-100-110:5: set probeLegacyRow to {name of probeFontReference as text,font size of probeFontReference,bold of probeFontReference,italic of probeFontRefe
record-vs-legacy-100-110:6: set probeFontRecord to (get properties of font object of probeRange) as record
record-vs-legacy-100-110:7: set probeShadingRecord to (get properties of shading of probeRange) as record
record-vs-legacy-100-110:8: set probeRecordRow to {name of probeFontRecord as text,font size of probeFontRecord,bold of probeFontRecord,italic of probeFontRecord,underl
record-vs-legacy-100-110:9: set probeLegacyJson to my jsonRows({probeLegacyRow})
record-vs-legacy-100-110:10: set probeRecordJson to my jsonRows({probeRecordRow})
record-vs-legacy-100-110:11: set probeEqual to (current application's NSString's stringWithString:probeLegacyJson)'s isEqualToString:probeRecordJson
record-vs-legacy-100-110:12: if not (probeEqual as boolean) then error "RECORD_VALUE_MISMATCH"
record-vs-legacy-100-110:13: set end of probeRows to {"same-coordinate",probePosition as integer,probeEqual as boolean,probeLegacyRow}
record-vs-legacy-100-110:3: set probeRange to create range boundDoc start probePosition end (probePosition+1)
record-vs-legacy-100-110:4: set probeFontReference to font object of probeRange
record-vs-legacy-100-110:5: set probeLegacyRow to {name of probeFontReference as text,font size of probeFontReference,bold of probeFontReference,italic of probeFontRefe
record-vs-legacy-100-110:6: set probeFontRecord to (get properties of font object of probeRange) as record
record-vs-legacy-100-110:7: set probeShadingRecord to (get properties of shading of probeRange) as record
record-vs-legacy-100-110:8: set probeRecordRow to {name of probeFontRecord as text,font size of probeFontRecord,bold of probeFontRecord,italic of probeFontRecord,underl
record-vs-legacy-100-110:9: set probeLegacyJson to my jsonRows({probeLegacyRow})
record-vs-legacy-100-110:10: set probeRecordJson to my jsonRows({probeRecordRow})
record-vs-legacy-100-110:11: set probeEqual to (current application's NSString's stringWithString:probeLegacyJson)'s isEqualToString:probeRecordJson
record-vs-legacy-100-110:12: if not (probeEqual as boolean) then error "RECORD_VALUE_MISMATCH"
record-vs-legacy-100-110:13: set end of probeRows to {"same-coordinate",probePosition as integer,probeEqual as boolean,probeLegacyRow}
record-vs-legacy-100-110:3: set probeRange to create range boundDoc start probePosition end (probePosition+1)
record-vs-legacy-100-110:4: set probeFontReference to font object of probeRange
record-vs-legacy-100-110:5: set probeLegacyRow to {name of probeFontReference as text,font size of probeFontReference,bold of probeFontReference,italic of probeFontRefe
record-vs-legacy-100-110:6: set probeFontRecord to (get properties of font object of probeRange) as record
record-vs-legacy-100-110:7: set probeShadingRecord to (get properties of shading of probeRange) as record
record-vs-legacy-100-110:8: set probeRecordRow to {name of probeFontRecord as text,font size of probeFontRecord,bold of probeFontRecord,italic of probeFontRecord,underl
record-vs-legacy-100-110:9: set probeLegacyJson to my jsonRows({probeLegacyRow})
record-vs-legacy-100-110:10: set probeRecordJson to my jsonRows({probeRecordRow})
record-vs-legacy-100-110:11: set probeEqual to (current application's NSString's stringWithString:probeLegacyJson)'s isEqualToString:probeRecordJson
record-vs-legacy-100-110:12: if not (probeEqual as boolean) then error "RECORD_VALUE_MISMATCH"
record-vs-legacy-100-110:13: set end of probeRows to {"same-coordinate",probePosition as integer,probeEqual as boolean,probeLegacyRow}
record-vs-legacy-100-110:3: set probeRange to create range boundDoc start probePosition end (probePosition+1)
record-vs-legacy-100-110:4: set probeFontReference to font object of probeRange
record-vs-legacy-100-110:5: set probeLegacyRow to {name of probeFontReference as text,font size of probeFontReference,bold of probeFontReference,italic of probeFontRefe
record-vs-legacy-100-110:6: set probeFontRecord to (get properties of font object of probeRange) as record
record-vs-legacy-100-110:7: set probeShadingRecord to (get properties of shading of probeRange) as record
record-vs-legacy-100-110:8: set probeRecordRow to {name of probeFontRecord as text,font size of probeFontRecord,bold of probeFontRecord,italic of probeFontRecord,underl
record-vs-legacy-100-110:9: set probeLegacyJson to my jsonRows({probeLegacyRow})
record-vs-legacy-100-110:10: set probeRecordJson to my jsonRows({probeRecordRow})
record-vs-legacy-100-110:11: set probeEqual to (current application's NSString's stringWithString:probeLegacyJson)'s isEqualToString:probeRecordJson
record-vs-legacy-100-110:12: if not (probeEqual as boolean) then error "RECORD_VALUE_MISMATCH"
record-vs-legacy-100-110:13: set end of probeRows to {"same-coordinate",probePosition as integer,probeEqual as boolean,probeLegacyRow}
record-vs-legacy-100-110:3: set probeRange to create range boundDoc start probePosition end (probePosition+1)
record-vs-legacy-100-110:4: set probeFontReference to font object of probeRange
record-vs-legacy-100-110:5: set probeLegacyRow to {name of probeFontReference as text,font size of probeFontReference,bold of probeFontReference,italic of probeFontRefe
record-vs-legacy-100-110:6: set probeFontRecord to (get properties of font object of probeRange) as record
record-vs-legacy-100-110:7: set probeShadingRecord to (get properties of shading of probeRange) as record
record-vs-legacy-100-110:8: set probeRecordRow to {name of probeFontRecord as text,font size of probeFontRecord,bold of probeFontRecord,italic of probeFontRecord,underl
record-vs-legacy-100-110:9: set probeLegacyJson to my jsonRows({probeLegacyRow})
record-vs-legacy-100-110:10: set probeRecordJson to my jsonRows({probeRecordRow})
record-vs-legacy-100-110:11: set probeEqual to (current application's NSString's stringWithString:probeLegacyJson)'s isEqualToString:probeRecordJson
record-vs-legacy-100-110:12: if not (probeEqual as boolean) then error "RECORD_VALUE_MISMATCH"
record-vs-legacy-100-110:13: set end of probeRows to {"same-coordinate",probePosition as integer,probeEqual as boolean,probeLegacyRow}

["WPSCOMPOSER_WORD_SESSION_OK",[["read-ok",[["same-coordinate",100,true,["DengXian",14,false,true,"underline none",[0,0,0],[0,0,0]]],["same-coordinate",101,true,["DengXian",14,false,true,"underline none",[0,0,0],[0,0,0]]],["same-coordinate",102,true,["DengXian",14,false,true,"underline none",[0,0,0],[0,0,0]]],["same-coordinate",103,true,["DengXian",14,false,true,"underline none",[0,0,0],[0,0,0]]],["same-coordinate",104,true,["DengXian",14,false,true,"underline none",[0,0,0],[0,0,0]]],["same-coordinate",105,true,["DengXian",14,false,true,"underline none",[0,0,0],[0,0,0]]],["same-coordinate",106,true,["DengXian",14,false,true,"underline none",[0,0,0],[0,0,0]]],["same-coordinate",107,true,["DengXian",14,false,true,"underline none",[0,0,0],[0,0,0]]],["same-coordinate",108,true,["DengXian",14,false,true,"underline none",[0,0,0],[0,0,0]]],["same-coordinate",109,true,["DengXian",14,false,true,"underline none",[0,0,0],[0,0,0]]]]]]]
