record-vs-legacy-200-210:0: set probeFirst to 200
record-vs-legacy-200-210:1: set probeLast to 209
record-vs-legacy-200-210:2: repeat with probePosition from probeFirst to probeLast
record-vs-legacy-200-210:3: set probeRange to create range boundDoc start probePosition end (probePosition+1)
record-vs-legacy-200-210:4: set probeFontReference to font object of probeRange
record-vs-legacy-200-210:5: set probeLegacyRow to {name of probeFontReference as text,font size of probeFontReference,bold of probeFontReference,italic of probeFontRefe
record-vs-legacy-200-210:6: set probeFontRecord to (get properties of font object of probeRange) as record
record-vs-legacy-200-210:7: set probeShadingRecord to (get properties of shading of probeRange) as record
record-vs-legacy-200-210:8: set probeRecordRow to {name of probeFontRecord as text,font size of probeFontRecord,bold of probeFontRecord,italic of probeFontRecord,underl
record-vs-legacy-200-210:9: set probeLegacyJson to my jsonRows({probeLegacyRow})
record-vs-legacy-200-210:10: set probeRecordJson to my jsonRows({probeRecordRow})
record-vs-legacy-200-210:11: set probeEqual to (current application's NSString's stringWithString:probeLegacyJson)'s isEqualToString:probeRecordJson
record-vs-legacy-200-210:12: if not (probeEqual as boolean) then error "RECORD_VALUE_MISMATCH"
record-vs-legacy-200-210:13: set end of probeRows to {"same-coordinate",probePosition as integer,probeEqual as boolean,probeLegacyRow}
record-vs-legacy-200-210:3: set probeRange to create range boundDoc start probePosition end (probePosition+1)
record-vs-legacy-200-210:4: set probeFontReference to font object of probeRange
record-vs-legacy-200-210:5: set probeLegacyRow to {name of probeFontReference as text,font size of probeFontReference,bold of probeFontReference,italic of probeFontRefe
record-vs-legacy-200-210:6: set probeFontRecord to (get properties of font object of probeRange) as record
record-vs-legacy-200-210:7: set probeShadingRecord to (get properties of shading of probeRange) as record
record-vs-legacy-200-210:8: set probeRecordRow to {name of probeFontRecord as text,font size of probeFontRecord,bold of probeFontRecord,italic of probeFontRecord,underl
record-vs-legacy-200-210:9: set probeLegacyJson to my jsonRows({probeLegacyRow})
record-vs-legacy-200-210:10: set probeRecordJson to my jsonRows({probeRecordRow})
record-vs-legacy-200-210:11: set probeEqual to (current application's NSString's stringWithString:probeLegacyJson)'s isEqualToString:probeRecordJson
record-vs-legacy-200-210:12: if not (probeEqual as boolean) then error "RECORD_VALUE_MISMATCH"
record-vs-legacy-200-210:13: set end of probeRows to {"same-coordinate",probePosition as integer,probeEqual as boolean,probeLegacyRow}
record-vs-legacy-200-210:3: set probeRange to create range boundDoc start probePosition end (probePosition+1)
record-vs-legacy-200-210:4: set probeFontReference to font object of probeRange
record-vs-legacy-200-210:5: set probeLegacyRow to {name of probeFontReference as text,font size of probeFontReference,bold of probeFontReference,italic of probeFontRefe
record-vs-legacy-200-210:6: set probeFontRecord to (get properties of font object of probeRange) as record
record-vs-legacy-200-210:7: set probeShadingRecord to (get properties of shading of probeRange) as record
record-vs-legacy-200-210:8: set probeRecordRow to {name of probeFontRecord as text,font size of probeFontRecord,bold of probeFontRecord,italic of probeFontRecord,underl
record-vs-legacy-200-210:9: set probeLegacyJson to my jsonRows({probeLegacyRow})
record-vs-legacy-200-210:10: set probeRecordJson to my jsonRows({probeRecordRow})
record-vs-legacy-200-210:11: set probeEqual to (current application's NSString's stringWithString:probeLegacyJson)'s isEqualToString:probeRecordJson
record-vs-legacy-200-210:12: if not (probeEqual as boolean) then error "RECORD_VALUE_MISMATCH"
record-vs-legacy-200-210:13: set end of probeRows to {"same-coordinate",probePosition as integer,probeEqual as boolean,probeLegacyRow}
record-vs-legacy-200-210:3: set probeRange to create range boundDoc start probePosition end (probePosition+1)
record-vs-legacy-200-210:4: set probeFontReference to font object of probeRange
record-vs-legacy-200-210:5: set probeLegacyRow to {name of probeFontReference as text,font size of probeFontReference,bold of probeFontReference,italic of probeFontRefe
record-vs-legacy-200-210:6: set probeFontRecord to (get properties of font object of probeRange) as record
record-vs-legacy-200-210:7: set probeShadingRecord to (get properties of shading of probeRange) as record
record-vs-legacy-200-210:8: set probeRecordRow to {name of probeFontRecord as text,font size of probeFontRecord,bold of probeFontRecord,italic of probeFontRecord,underl
record-vs-legacy-200-210:9: set probeLegacyJson to my jsonRows({probeLegacyRow})
record-vs-legacy-200-210:10: set probeRecordJson to my jsonRows({probeRecordRow})
record-vs-legacy-200-210:11: set probeEqual to (current application's NSString's stringWithString:probeLegacyJson)'s isEqualToString:probeRecordJson
record-vs-legacy-200-210:12: if not (probeEqual as boolean) then error "RECORD_VALUE_MISMATCH"
record-vs-legacy-200-210:13: set end of probeRows to {"same-coordinate",probePosition as integer,probeEqual as boolean,probeLegacyRow}
record-vs-legacy-200-210:3: set probeRange to create range boundDoc start probePosition end (probePosition+1)
record-vs-legacy-200-210:4: set probeFontReference to font object of probeRange
record-vs-legacy-200-210:5: set probeLegacyRow to {name of probeFontReference as text,font size of probeFontReference,bold of probeFontReference,italic of probeFontRefe
record-vs-legacy-200-210:6: set probeFontRecord to (get properties of font object of probeRange) as record
record-vs-legacy-200-210:7: set probeShadingRecord to (get properties of shading of probeRange) as record
record-vs-legacy-200-210:8: set probeRecordRow to {name of probeFontRecord as text,font size of probeFontRecord,bold of probeFontRecord,italic of probeFontRecord,underl
record-vs-legacy-200-210:9: set probeLegacyJson to my jsonRows({probeLegacyRow})
record-vs-legacy-200-210:10: set probeRecordJson to my jsonRows({probeRecordRow})
record-vs-legacy-200-210:11: set probeEqual to (current application's NSString's stringWithString:probeLegacyJson)'s isEqualToString:probeRecordJson
record-vs-legacy-200-210:12: if not (probeEqual as boolean) then error "RECORD_VALUE_MISMATCH"
record-vs-legacy-200-210:13: set end of probeRows to {"same-coordinate",probePosition as integer,probeEqual as boolean,probeLegacyRow}
record-vs-legacy-200-210:3: set probeRange to create range boundDoc start probePosition end (probePosition+1)
record-vs-legacy-200-210:4: set probeFontReference to font object of probeRange
record-vs-legacy-200-210:5: set probeLegacyRow to {name of probeFontReference as text,font size of probeFontReference,bold of probeFontReference,italic of probeFontRefe
record-vs-legacy-200-210:6: set probeFontRecord to (get properties of font object of probeRange) as record
record-vs-legacy-200-210:7: set probeShadingRecord to (get properties of shading of probeRange) as record
record-vs-legacy-200-210:8: set probeRecordRow to {name of probeFontRecord as text,font size of probeFontRecord,bold of probeFontRecord,italic of probeFontRecord,underl
record-vs-legacy-200-210:9: set probeLegacyJson to my jsonRows({probeLegacyRow})
record-vs-legacy-200-210:10: set probeRecordJson to my jsonRows({probeRecordRow})
record-vs-legacy-200-210:11: set probeEqual to (current application's NSString's stringWithString:probeLegacyJson)'s isEqualToString:probeRecordJson
record-vs-legacy-200-210:12: if not (probeEqual as boolean) then error "RECORD_VALUE_MISMATCH"
record-vs-legacy-200-210:13: set end of probeRows to {"same-coordinate",probePosition as integer,probeEqual as boolean,probeLegacyRow}
record-vs-legacy-200-210:3: set probeRange to create range boundDoc start probePosition end (probePosition+1)
record-vs-legacy-200-210:4: set probeFontReference to font object of probeRange
record-vs-legacy-200-210:5: set probeLegacyRow to {name of probeFontReference as text,font size of probeFontReference,bold of probeFontReference,italic of probeFontRefe
record-vs-legacy-200-210:6: set probeFontRecord to (get properties of font object of probeRange) as record
record-vs-legacy-200-210:7: set probeShadingRecord to (get properties of shading of probeRange) as record
record-vs-legacy-200-210:8: set probeRecordRow to {name of probeFontRecord as text,font size of probeFontRecord,bold of probeFontRecord,italic of probeFontRecord,underl
record-vs-legacy-200-210:9: set probeLegacyJson to my jsonRows({probeLegacyRow})
record-vs-legacy-200-210:10: set probeRecordJson to my jsonRows({probeRecordRow})
record-vs-legacy-200-210:11: set probeEqual to (current application's NSString's stringWithString:probeLegacyJson)'s isEqualToString:probeRecordJson
record-vs-legacy-200-210:12: if not (probeEqual as boolean) then error "RECORD_VALUE_MISMATCH"
record-vs-legacy-200-210:13: set end of probeRows to {"same-coordinate",probePosition as integer,probeEqual as boolean,probeLegacyRow}
record-vs-legacy-200-210:3: set probeRange to create range boundDoc start probePosition end (probePosition+1)
record-vs-legacy-200-210:4: set probeFontReference to font object of probeRange
record-vs-legacy-200-210:5: set probeLegacyRow to {name of probeFontReference as text,font size of probeFontReference,bold of probeFontReference,italic of probeFontRefe
record-vs-legacy-200-210:6: set probeFontRecord to (get properties of font object of probeRange) as record
record-vs-legacy-200-210:7: set probeShadingRecord to (get properties of shading of probeRange) as record
record-vs-legacy-200-210:8: set probeRecordRow to {name of probeFontRecord as text,font size of probeFontRecord,bold of probeFontRecord,italic of probeFontRecord,underl
record-vs-legacy-200-210:9: set probeLegacyJson to my jsonRows({probeLegacyRow})
record-vs-legacy-200-210:10: set probeRecordJson to my jsonRows({probeRecordRow})
record-vs-legacy-200-210:11: set probeEqual to (current application's NSString's stringWithString:probeLegacyJson)'s isEqualToString:probeRecordJson
record-vs-legacy-200-210:12: if not (probeEqual as boolean) then error "RECORD_VALUE_MISMATCH"
record-vs-legacy-200-210:13: set end of probeRows to {"same-coordinate",probePosition as integer,probeEqual as boolean,probeLegacyRow}
record-vs-legacy-200-210:3: set probeRange to create range boundDoc start probePosition end (probePosition+1)
record-vs-legacy-200-210:4: set probeFontReference to font object of probeRange
record-vs-legacy-200-210:5: set probeLegacyRow to {name of probeFontReference as text,font size of probeFontReference,bold of probeFontReference,italic of probeFontRefe
record-vs-legacy-200-210:6: set probeFontRecord to (get properties of font object of probeRange) as record
record-vs-legacy-200-210:7: set probeShadingRecord to (get properties of shading of probeRange) as record
record-vs-legacy-200-210:8: set probeRecordRow to {name of probeFontRecord as text,font size of probeFontRecord,bold of probeFontRecord,italic of probeFontRecord,underl
record-vs-legacy-200-210:9: set probeLegacyJson to my jsonRows({probeLegacyRow})
record-vs-legacy-200-210:10: set probeRecordJson to my jsonRows({probeRecordRow})
record-vs-legacy-200-210:11: set probeEqual to (current application's NSString's stringWithString:probeLegacyJson)'s isEqualToString:probeRecordJson
record-vs-legacy-200-210:12: if not (probeEqual as boolean) then error "RECORD_VALUE_MISMATCH"
record-vs-legacy-200-210:13: set end of probeRows to {"same-coordinate",probePosition as integer,probeEqual as boolean,probeLegacyRow}
record-vs-legacy-200-210:3: set probeRange to create range boundDoc start probePosition end (probePosition+1)
record-vs-legacy-200-210:4: set probeFontReference to font object of probeRange
record-vs-legacy-200-210:5: set probeLegacyRow to {name of probeFontReference as text,font size of probeFontReference,bold of probeFontReference,italic of probeFontRefe
record-vs-legacy-200-210:6: set probeFontRecord to (get properties of font object of probeRange) as record
record-vs-legacy-200-210:7: set probeShadingRecord to (get properties of shading of probeRange) as record
record-vs-legacy-200-210:8: set probeRecordRow to {name of probeFontRecord as text,font size of probeFontRecord,bold of probeFontRecord,italic of probeFontRecord,underl
record-vs-legacy-200-210:9: set probeLegacyJson to my jsonRows({probeLegacyRow})
record-vs-legacy-200-210:10: set probeRecordJson to my jsonRows({probeRecordRow})
record-vs-legacy-200-210:11: set probeEqual to (current application's NSString's stringWithString:probeLegacyJson)'s isEqualToString:probeRecordJson
record-vs-legacy-200-210:12: if not (probeEqual as boolean) then error "RECORD_VALUE_MISMATCH"
record-vs-legacy-200-210:13: set end of probeRows to {"same-coordinate",probePosition as integer,probeEqual as boolean,probeLegacyRow}

["WPSCOMPOSER_WORD_SESSION_OK",[["read-ok",[["same-coordinate",200,true,["DengXian",11,false,false,"underline none",[0,0,0],[0,0,0]]],["same-coordinate",201,true,["DengXian",11,false,false,"underline none",[0,0,0],[0,0,0]]],["same-coordinate",202,true,["DengXian",11,false,false,"underline none",[0,0,0],[0,0,0]]],["same-coordinate",203,true,["DengXian",11,false,false,"underline none",[0,0,0],[0,0,0]]],["same-coordinate",204,true,["DengXian",11,false,false,"underline none",[0,0,0],[0,0,0]]],["same-coordinate",205,true,["DengXian",11,false,false,"underline none",[0,0,0],[0,0,0]]],["same-coordinate",206,true,["DengXian",11,false,false,"underline none",[0,0,0],[0,0,0]]],["same-coordinate",207,true,["DengXian",11,false,false,"underline none",[0,0,0],[0,0,0]]],["same-coordinate",208,true,["DengXian",11,false,false,"underline none",[0,0,0],[0,0,0]]],["same-coordinate",209,true,["DengXian",11,false,false,"underline none",[0,0,0],[0,0,0]]]]]]]
