record-vs-legacy-60-70:0: set probeFirst to 60
record-vs-legacy-60-70:1: set probeLast to 69
record-vs-legacy-60-70:2: repeat with probePosition from probeFirst to probeLast
record-vs-legacy-60-70:3: set probeRange to create range boundDoc start probePosition end (probePosition+1)
record-vs-legacy-60-70:4: set probeFontReference to font object of probeRange
record-vs-legacy-60-70:5: set probeLegacyRow to {name of probeFontReference as text,font size of probeFontReference,bold of probeFontReference,italic of probeFontRefe
record-vs-legacy-60-70:6: set probeFontRecord to (get properties of font object of probeRange) as record
record-vs-legacy-60-70:7: set probeShadingRecord to (get properties of shading of probeRange) as record
record-vs-legacy-60-70:8: set probeRecordRow to {name of probeFontRecord as text,font size of probeFontRecord,bold of probeFontRecord,italic of probeFontRecord,underl
record-vs-legacy-60-70:9: set probeLegacyJson to my jsonRows({probeLegacyRow})
record-vs-legacy-60-70:10: set probeRecordJson to my jsonRows({probeRecordRow})
record-vs-legacy-60-70:11: set probeEqual to (current application's NSString's stringWithString:probeLegacyJson)'s isEqualToString:probeRecordJson
record-vs-legacy-60-70:12: if not (probeEqual as boolean) then error "RECORD_VALUE_MISMATCH"
record-vs-legacy-60-70:13: set end of probeRows to {"same-coordinate",probePosition as integer,probeEqual as boolean,probeLegacyRow}
record-vs-legacy-60-70:3: set probeRange to create range boundDoc start probePosition end (probePosition+1)
record-vs-legacy-60-70:4: set probeFontReference to font object of probeRange
record-vs-legacy-60-70:5: set probeLegacyRow to {name of probeFontReference as text,font size of probeFontReference,bold of probeFontReference,italic of probeFontRefe
record-vs-legacy-60-70:6: set probeFontRecord to (get properties of font object of probeRange) as record
record-vs-legacy-60-70:7: set probeShadingRecord to (get properties of shading of probeRange) as record
record-vs-legacy-60-70:8: set probeRecordRow to {name of probeFontRecord as text,font size of probeFontRecord,bold of probeFontRecord,italic of probeFontRecord,underl
record-vs-legacy-60-70:9: set probeLegacyJson to my jsonRows({probeLegacyRow})
record-vs-legacy-60-70:10: set probeRecordJson to my jsonRows({probeRecordRow})
record-vs-legacy-60-70:11: set probeEqual to (current application's NSString's stringWithString:probeLegacyJson)'s isEqualToString:probeRecordJson
record-vs-legacy-60-70:12: if not (probeEqual as boolean) then error "RECORD_VALUE_MISMATCH"
record-vs-legacy-60-70:13: set end of probeRows to {"same-coordinate",probePosition as integer,probeEqual as boolean,probeLegacyRow}
record-vs-legacy-60-70:3: set probeRange to create range boundDoc start probePosition end (probePosition+1)
record-vs-legacy-60-70:4: set probeFontReference to font object of probeRange
record-vs-legacy-60-70:5: set probeLegacyRow to {name of probeFontReference as text,font size of probeFontReference,bold of probeFontReference,italic of probeFontRefe
record-vs-legacy-60-70:6: set probeFontRecord to (get properties of font object of probeRange) as record
record-vs-legacy-60-70:7: set probeShadingRecord to (get properties of shading of probeRange) as record
record-vs-legacy-60-70:8: set probeRecordRow to {name of probeFontRecord as text,font size of probeFontRecord,bold of probeFontRecord,italic of probeFontRecord,underl
record-vs-legacy-60-70:9: set probeLegacyJson to my jsonRows({probeLegacyRow})
record-vs-legacy-60-70:10: set probeRecordJson to my jsonRows({probeRecordRow})
record-vs-legacy-60-70:11: set probeEqual to (current application's NSString's stringWithString:probeLegacyJson)'s isEqualToString:probeRecordJson
record-vs-legacy-60-70:12: if not (probeEqual as boolean) then error "RECORD_VALUE_MISMATCH"
record-vs-legacy-60-70:13: set end of probeRows to {"same-coordinate",probePosition as integer,probeEqual as boolean,probeLegacyRow}
record-vs-legacy-60-70:3: set probeRange to create range boundDoc start probePosition end (probePosition+1)
record-vs-legacy-60-70:4: set probeFontReference to font object of probeRange
record-vs-legacy-60-70:5: set probeLegacyRow to {name of probeFontReference as text,font size of probeFontReference,bold of probeFontReference,italic of probeFontRefe
record-vs-legacy-60-70:6: set probeFontRecord to (get properties of font object of probeRange) as record
record-vs-legacy-60-70:7: set probeShadingRecord to (get properties of shading of probeRange) as record
record-vs-legacy-60-70:8: set probeRecordRow to {name of probeFontRecord as text,font size of probeFontRecord,bold of probeFontRecord,italic of probeFontRecord,underl
record-vs-legacy-60-70:9: set probeLegacyJson to my jsonRows({probeLegacyRow})
record-vs-legacy-60-70:10: set probeRecordJson to my jsonRows({probeRecordRow})
record-vs-legacy-60-70:11: set probeEqual to (current application's NSString's stringWithString:probeLegacyJson)'s isEqualToString:probeRecordJson
record-vs-legacy-60-70:12: if not (probeEqual as boolean) then error "RECORD_VALUE_MISMATCH"
record-vs-legacy-60-70:13: set end of probeRows to {"same-coordinate",probePosition as integer,probeEqual as boolean,probeLegacyRow}
record-vs-legacy-60-70:3: set probeRange to create range boundDoc start probePosition end (probePosition+1)
record-vs-legacy-60-70:4: set probeFontReference to font object of probeRange
record-vs-legacy-60-70:5: set probeLegacyRow to {name of probeFontReference as text,font size of probeFontReference,bold of probeFontReference,italic of probeFontRefe
record-vs-legacy-60-70:6: set probeFontRecord to (get properties of font object of probeRange) as record
record-vs-legacy-60-70:7: set probeShadingRecord to (get properties of shading of probeRange) as record
record-vs-legacy-60-70:8: set probeRecordRow to {name of probeFontRecord as text,font size of probeFontRecord,bold of probeFontRecord,italic of probeFontRecord,underl
record-vs-legacy-60-70:9: set probeLegacyJson to my jsonRows({probeLegacyRow})
record-vs-legacy-60-70:10: set probeRecordJson to my jsonRows({probeRecordRow})
record-vs-legacy-60-70:11: set probeEqual to (current application's NSString's stringWithString:probeLegacyJson)'s isEqualToString:probeRecordJson
record-vs-legacy-60-70:12: if not (probeEqual as boolean) then error "RECORD_VALUE_MISMATCH"
record-vs-legacy-60-70:13: set end of probeRows to {"same-coordinate",probePosition as integer,probeEqual as boolean,probeLegacyRow}
record-vs-legacy-60-70:3: set probeRange to create range boundDoc start probePosition end (probePosition+1)
record-vs-legacy-60-70:4: set probeFontReference to font object of probeRange
record-vs-legacy-60-70:5: set probeLegacyRow to {name of probeFontReference as text,font size of probeFontReference,bold of probeFontReference,italic of probeFontRefe
record-vs-legacy-60-70:6: set probeFontRecord to (get properties of font object of probeRange) as record
record-vs-legacy-60-70:7: set probeShadingRecord to (get properties of shading of probeRange) as record
record-vs-legacy-60-70:8: set probeRecordRow to {name of probeFontRecord as text,font size of probeFontRecord,bold of probeFontRecord,italic of probeFontRecord,underl
record-vs-legacy-60-70:9: set probeLegacyJson to my jsonRows({probeLegacyRow})
record-vs-legacy-60-70:10: set probeRecordJson to my jsonRows({probeRecordRow})
record-vs-legacy-60-70:11: set probeEqual to (current application's NSString's stringWithString:probeLegacyJson)'s isEqualToString:probeRecordJson
record-vs-legacy-60-70:12: if not (probeEqual as boolean) then error "RECORD_VALUE_MISMATCH"
record-vs-legacy-60-70:13: set end of probeRows to {"same-coordinate",probePosition as integer,probeEqual as boolean,probeLegacyRow}
record-vs-legacy-60-70:3: set probeRange to create range boundDoc start probePosition end (probePosition+1)
record-vs-legacy-60-70:4: set probeFontReference to font object of probeRange
record-vs-legacy-60-70:5: set probeLegacyRow to {name of probeFontReference as text,font size of probeFontReference,bold of probeFontReference,italic of probeFontRefe
record-vs-legacy-60-70:6: set probeFontRecord to (get properties of font object of probeRange) as record
record-vs-legacy-60-70:7: set probeShadingRecord to (get properties of shading of probeRange) as record
record-vs-legacy-60-70:8: set probeRecordRow to {name of probeFontRecord as text,font size of probeFontRecord,bold of probeFontRecord,italic of probeFontRecord,underl
record-vs-legacy-60-70:9: set probeLegacyJson to my jsonRows({probeLegacyRow})
record-vs-legacy-60-70:10: set probeRecordJson to my jsonRows({probeRecordRow})
record-vs-legacy-60-70:11: set probeEqual to (current application's NSString's stringWithString:probeLegacyJson)'s isEqualToString:probeRecordJson
record-vs-legacy-60-70:12: if not (probeEqual as boolean) then error "RECORD_VALUE_MISMATCH"
record-vs-legacy-60-70:13: set end of probeRows to {"same-coordinate",probePosition as integer,probeEqual as boolean,probeLegacyRow}
record-vs-legacy-60-70:3: set probeRange to create range boundDoc start probePosition end (probePosition+1)
record-vs-legacy-60-70:4: set probeFontReference to font object of probeRange
record-vs-legacy-60-70:5: set probeLegacyRow to {name of probeFontReference as text,font size of probeFontReference,bold of probeFontReference,italic of probeFontRefe
record-vs-legacy-60-70:6: set probeFontRecord to (get properties of font object of probeRange) as record
record-vs-legacy-60-70:7: set probeShadingRecord to (get properties of shading of probeRange) as record
record-vs-legacy-60-70:8: set probeRecordRow to {name of probeFontRecord as text,font size of probeFontRecord,bold of probeFontRecord,italic of probeFontRecord,underl
record-vs-legacy-60-70:9: set probeLegacyJson to my jsonRows({probeLegacyRow})
record-vs-legacy-60-70:10: set probeRecordJson to my jsonRows({probeRecordRow})
record-vs-legacy-60-70:11: set probeEqual to (current application's NSString's stringWithString:probeLegacyJson)'s isEqualToString:probeRecordJson
record-vs-legacy-60-70:12: if not (probeEqual as boolean) then error "RECORD_VALUE_MISMATCH"
record-vs-legacy-60-70:13: set end of probeRows to {"same-coordinate",probePosition as integer,probeEqual as boolean,probeLegacyRow}
record-vs-legacy-60-70:3: set probeRange to create range boundDoc start probePosition end (probePosition+1)
record-vs-legacy-60-70:4: set probeFontReference to font object of probeRange
record-vs-legacy-60-70:5: set probeLegacyRow to {name of probeFontReference as text,font size of probeFontReference,bold of probeFontReference,italic of probeFontRefe
record-vs-legacy-60-70:6: set probeFontRecord to (get properties of font object of probeRange) as record
record-vs-legacy-60-70:7: set probeShadingRecord to (get properties of shading of probeRange) as record
record-vs-legacy-60-70:8: set probeRecordRow to {name of probeFontRecord as text,font size of probeFontRecord,bold of probeFontRecord,italic of probeFontRecord,underl
record-vs-legacy-60-70:9: set probeLegacyJson to my jsonRows({probeLegacyRow})
record-vs-legacy-60-70:10: set probeRecordJson to my jsonRows({probeRecordRow})
record-vs-legacy-60-70:11: set probeEqual to (current application's NSString's stringWithString:probeLegacyJson)'s isEqualToString:probeRecordJson
record-vs-legacy-60-70:12: if not (probeEqual as boolean) then error "RECORD_VALUE_MISMATCH"
record-vs-legacy-60-70:13: set end of probeRows to {"same-coordinate",probePosition as integer,probeEqual as boolean,probeLegacyRow}
record-vs-legacy-60-70:3: set probeRange to create range boundDoc start probePosition end (probePosition+1)
record-vs-legacy-60-70:4: set probeFontReference to font object of probeRange
record-vs-legacy-60-70:5: set probeLegacyRow to {name of probeFontReference as text,font size of probeFontReference,bold of probeFontReference,italic of probeFontRefe
record-vs-legacy-60-70:6: set probeFontRecord to (get properties of font object of probeRange) as record
record-vs-legacy-60-70:7: set probeShadingRecord to (get properties of shading of probeRange) as record
record-vs-legacy-60-70:8: set probeRecordRow to {name of probeFontRecord as text,font size of probeFontRecord,bold of probeFontRecord,italic of probeFontRecord,underl
record-vs-legacy-60-70:9: set probeLegacyJson to my jsonRows({probeLegacyRow})
record-vs-legacy-60-70:10: set probeRecordJson to my jsonRows({probeRecordRow})
record-vs-legacy-60-70:11: set probeEqual to (current application's NSString's stringWithString:probeLegacyJson)'s isEqualToString:probeRecordJson
record-vs-legacy-60-70:12: if not (probeEqual as boolean) then error "RECORD_VALUE_MISMATCH"
record-vs-legacy-60-70:13: set end of probeRows to {"same-coordinate",probePosition as integer,probeEqual as boolean,probeLegacyRow}

["WPSCOMPOSER_WORD_SESSION_OK",[["read-ok",[["same-coordinate",60,true,["DengXian",11,false,false,"underline none",[0,0,0],[0,0,0]]],["same-coordinate",61,true,["DengXian",11,false,false,"underline none",[0,0,0],[0,0,0]]],["same-coordinate",62,true,["DengXian",11,false,false,"underline none",[0,0,0],[0,0,0]]],["same-coordinate",63,true,["DengXian",11,false,false,"underline none",[0,0,0],[0,0,0]]],["same-coordinate",64,true,["DengXian",11,false,false,"underline none",[0,0,0],[0,0,0]]],["same-coordinate",65,true,["DengXian",11,false,false,"underline none",[0,0,0],[0,0,0]]],["same-coordinate",66,true,["DengXian",11,false,false,"underline none",[0,0,0],[0,0,0]]],["same-coordinate",67,true,["DengXian",11,false,false,"underline none",[0,0,0],[0,0,0]]],["same-coordinate",68,true,["DengXian",11,false,false,"underline none",[0,0,0],[0,0,0]]],["same-coordinate",69,true,["DengXian",11,false,false,"underline none",[0,0,0],[0,0,0]]]]]]]
