record-vs-legacy-90-100:0: set probeFirst to 90
record-vs-legacy-90-100:1: set probeLast to 99
record-vs-legacy-90-100:2: repeat with probePosition from probeFirst to probeLast
record-vs-legacy-90-100:3: set probeRange to create range boundDoc start probePosition end (probePosition+1)
record-vs-legacy-90-100:4: set probeFontReference to font object of probeRange
record-vs-legacy-90-100:5: set probeLegacyRow to {name of probeFontReference as text,font size of probeFontReference,bold of probeFontReference,italic of probeFontRefe
record-vs-legacy-90-100:6: set probeFontRecord to (get properties of font object of probeRange) as record
record-vs-legacy-90-100:7: set probeShadingRecord to (get properties of shading of probeRange) as record
record-vs-legacy-90-100:8: set probeRecordRow to {name of probeFontRecord as text,font size of probeFontRecord,bold of probeFontRecord,italic of probeFontRecord,underl
record-vs-legacy-90-100:9: set probeLegacyJson to my jsonRows({probeLegacyRow})
record-vs-legacy-90-100:10: set probeRecordJson to my jsonRows({probeRecordRow})
record-vs-legacy-90-100:11: set probeEqual to (current application's NSString's stringWithString:probeLegacyJson)'s isEqualToString:probeRecordJson
record-vs-legacy-90-100:12: if not (probeEqual as boolean) then error "RECORD_VALUE_MISMATCH"
record-vs-legacy-90-100:13: set end of probeRows to {"same-coordinate",probePosition as integer,probeEqual as boolean,probeLegacyRow}
record-vs-legacy-90-100:3: set probeRange to create range boundDoc start probePosition end (probePosition+1)
record-vs-legacy-90-100:4: set probeFontReference to font object of probeRange
record-vs-legacy-90-100:5: set probeLegacyRow to {name of probeFontReference as text,font size of probeFontReference,bold of probeFontReference,italic of probeFontRefe
record-vs-legacy-90-100:6: set probeFontRecord to (get properties of font object of probeRange) as record
record-vs-legacy-90-100:7: set probeShadingRecord to (get properties of shading of probeRange) as record
record-vs-legacy-90-100:8: set probeRecordRow to {name of probeFontRecord as text,font size of probeFontRecord,bold of probeFontRecord,italic of probeFontRecord,underl
record-vs-legacy-90-100:9: set probeLegacyJson to my jsonRows({probeLegacyRow})
record-vs-legacy-90-100:10: set probeRecordJson to my jsonRows({probeRecordRow})
record-vs-legacy-90-100:11: set probeEqual to (current application's NSString's stringWithString:probeLegacyJson)'s isEqualToString:probeRecordJson
record-vs-legacy-90-100:12: if not (probeEqual as boolean) then error "RECORD_VALUE_MISMATCH"
record-vs-legacy-90-100:13: set end of probeRows to {"same-coordinate",probePosition as integer,probeEqual as boolean,probeLegacyRow}
record-vs-legacy-90-100:3: set probeRange to create range boundDoc start probePosition end (probePosition+1)
record-vs-legacy-90-100:4: set probeFontReference to font object of probeRange
record-vs-legacy-90-100:5: set probeLegacyRow to {name of probeFontReference as text,font size of probeFontReference,bold of probeFontReference,italic of probeFontRefe
record-vs-legacy-90-100:6: set probeFontRecord to (get properties of font object of probeRange) as record
record-vs-legacy-90-100:7: set probeShadingRecord to (get properties of shading of probeRange) as record
record-vs-legacy-90-100:8: set probeRecordRow to {name of probeFontRecord as text,font size of probeFontRecord,bold of probeFontRecord,italic of probeFontRecord,underl
record-vs-legacy-90-100:9: set probeLegacyJson to my jsonRows({probeLegacyRow})
record-vs-legacy-90-100:10: set probeRecordJson to my jsonRows({probeRecordRow})
record-vs-legacy-90-100:11: set probeEqual to (current application's NSString's stringWithString:probeLegacyJson)'s isEqualToString:probeRecordJson
record-vs-legacy-90-100:12: if not (probeEqual as boolean) then error "RECORD_VALUE_MISMATCH"
record-vs-legacy-90-100:13: set end of probeRows to {"same-coordinate",probePosition as integer,probeEqual as boolean,probeLegacyRow}
record-vs-legacy-90-100:3: set probeRange to create range boundDoc start probePosition end (probePosition+1)
record-vs-legacy-90-100:4: set probeFontReference to font object of probeRange
record-vs-legacy-90-100:5: set probeLegacyRow to {name of probeFontReference as text,font size of probeFontReference,bold of probeFontReference,italic of probeFontRefe
record-vs-legacy-90-100:6: set probeFontRecord to (get properties of font object of probeRange) as record
record-vs-legacy-90-100:7: set probeShadingRecord to (get properties of shading of probeRange) as record
record-vs-legacy-90-100:8: set probeRecordRow to {name of probeFontRecord as text,font size of probeFontRecord,bold of probeFontRecord,italic of probeFontRecord,underl
record-vs-legacy-90-100:9: set probeLegacyJson to my jsonRows({probeLegacyRow})
record-vs-legacy-90-100:10: set probeRecordJson to my jsonRows({probeRecordRow})
record-vs-legacy-90-100:11: set probeEqual to (current application's NSString's stringWithString:probeLegacyJson)'s isEqualToString:probeRecordJson
record-vs-legacy-90-100:12: if not (probeEqual as boolean) then error "RECORD_VALUE_MISMATCH"
record-vs-legacy-90-100:13: set end of probeRows to {"same-coordinate",probePosition as integer,probeEqual as boolean,probeLegacyRow}
record-vs-legacy-90-100:3: set probeRange to create range boundDoc start probePosition end (probePosition+1)
record-vs-legacy-90-100:4: set probeFontReference to font object of probeRange
record-vs-legacy-90-100:5: set probeLegacyRow to {name of probeFontReference as text,font size of probeFontReference,bold of probeFontReference,italic of probeFontRefe
record-vs-legacy-90-100:6: set probeFontRecord to (get properties of font object of probeRange) as record
record-vs-legacy-90-100:7: set probeShadingRecord to (get properties of shading of probeRange) as record
record-vs-legacy-90-100:8: set probeRecordRow to {name of probeFontRecord as text,font size of probeFontRecord,bold of probeFontRecord,italic of probeFontRecord,underl
record-vs-legacy-90-100:9: set probeLegacyJson to my jsonRows({probeLegacyRow})
record-vs-legacy-90-100:10: set probeRecordJson to my jsonRows({probeRecordRow})
record-vs-legacy-90-100:11: set probeEqual to (current application's NSString's stringWithString:probeLegacyJson)'s isEqualToString:probeRecordJson
record-vs-legacy-90-100:12: if not (probeEqual as boolean) then error "RECORD_VALUE_MISMATCH"
record-vs-legacy-90-100:13: set end of probeRows to {"same-coordinate",probePosition as integer,probeEqual as boolean,probeLegacyRow}
record-vs-legacy-90-100:3: set probeRange to create range boundDoc start probePosition end (probePosition+1)
record-vs-legacy-90-100:4: set probeFontReference to font object of probeRange
record-vs-legacy-90-100:5: set probeLegacyRow to {name of probeFontReference as text,font size of probeFontReference,bold of probeFontReference,italic of probeFontRefe
record-vs-legacy-90-100:6: set probeFontRecord to (get properties of font object of probeRange) as record
record-vs-legacy-90-100:7: set probeShadingRecord to (get properties of shading of probeRange) as record
record-vs-legacy-90-100:8: set probeRecordRow to {name of probeFontRecord as text,font size of probeFontRecord,bold of probeFontRecord,italic of probeFontRecord,underl
record-vs-legacy-90-100:9: set probeLegacyJson to my jsonRows({probeLegacyRow})
record-vs-legacy-90-100:10: set probeRecordJson to my jsonRows({probeRecordRow})
record-vs-legacy-90-100:11: set probeEqual to (current application's NSString's stringWithString:probeLegacyJson)'s isEqualToString:probeRecordJson
record-vs-legacy-90-100:12: if not (probeEqual as boolean) then error "RECORD_VALUE_MISMATCH"
record-vs-legacy-90-100:13: set end of probeRows to {"same-coordinate",probePosition as integer,probeEqual as boolean,probeLegacyRow}
record-vs-legacy-90-100:3: set probeRange to create range boundDoc start probePosition end (probePosition+1)
record-vs-legacy-90-100:4: set probeFontReference to font object of probeRange
record-vs-legacy-90-100:5: set probeLegacyRow to {name of probeFontReference as text,font size of probeFontReference,bold of probeFontReference,italic of probeFontRefe
record-vs-legacy-90-100:6: set probeFontRecord to (get properties of font object of probeRange) as record
record-vs-legacy-90-100:7: set probeShadingRecord to (get properties of shading of probeRange) as record
record-vs-legacy-90-100:8: set probeRecordRow to {name of probeFontRecord as text,font size of probeFontRecord,bold of probeFontRecord,italic of probeFontRecord,underl
record-vs-legacy-90-100:9: set probeLegacyJson to my jsonRows({probeLegacyRow})
record-vs-legacy-90-100:10: set probeRecordJson to my jsonRows({probeRecordRow})
record-vs-legacy-90-100:11: set probeEqual to (current application's NSString's stringWithString:probeLegacyJson)'s isEqualToString:probeRecordJson
record-vs-legacy-90-100:12: if not (probeEqual as boolean) then error "RECORD_VALUE_MISMATCH"
record-vs-legacy-90-100:13: set end of probeRows to {"same-coordinate",probePosition as integer,probeEqual as boolean,probeLegacyRow}
record-vs-legacy-90-100:3: set probeRange to create range boundDoc start probePosition end (probePosition+1)
record-vs-legacy-90-100:4: set probeFontReference to font object of probeRange
record-vs-legacy-90-100:5: set probeLegacyRow to {name of probeFontReference as text,font size of probeFontReference,bold of probeFontReference,italic of probeFontRefe
record-vs-legacy-90-100:6: set probeFontRecord to (get properties of font object of probeRange) as record
record-vs-legacy-90-100:7: set probeShadingRecord to (get properties of shading of probeRange) as record
record-vs-legacy-90-100:8: set probeRecordRow to {name of probeFontRecord as text,font size of probeFontRecord,bold of probeFontRecord,italic of probeFontRecord,underl
record-vs-legacy-90-100:9: set probeLegacyJson to my jsonRows({probeLegacyRow})
record-vs-legacy-90-100:10: set probeRecordJson to my jsonRows({probeRecordRow})
record-vs-legacy-90-100:11: set probeEqual to (current application's NSString's stringWithString:probeLegacyJson)'s isEqualToString:probeRecordJson
record-vs-legacy-90-100:12: if not (probeEqual as boolean) then error "RECORD_VALUE_MISMATCH"
record-vs-legacy-90-100:13: set end of probeRows to {"same-coordinate",probePosition as integer,probeEqual as boolean,probeLegacyRow}
record-vs-legacy-90-100:3: set probeRange to create range boundDoc start probePosition end (probePosition+1)
record-vs-legacy-90-100:4: set probeFontReference to font object of probeRange
record-vs-legacy-90-100:5: set probeLegacyRow to {name of probeFontReference as text,font size of probeFontReference,bold of probeFontReference,italic of probeFontRefe
record-vs-legacy-90-100:6: set probeFontRecord to (get properties of font object of probeRange) as record
record-vs-legacy-90-100:7: set probeShadingRecord to (get properties of shading of probeRange) as record
record-vs-legacy-90-100:8: set probeRecordRow to {name of probeFontRecord as text,font size of probeFontRecord,bold of probeFontRecord,italic of probeFontRecord,underl
record-vs-legacy-90-100:9: set probeLegacyJson to my jsonRows({probeLegacyRow})
record-vs-legacy-90-100:10: set probeRecordJson to my jsonRows({probeRecordRow})
record-vs-legacy-90-100:11: set probeEqual to (current application's NSString's stringWithString:probeLegacyJson)'s isEqualToString:probeRecordJson
record-vs-legacy-90-100:12: if not (probeEqual as boolean) then error "RECORD_VALUE_MISMATCH"
record-vs-legacy-90-100:13: set end of probeRows to {"same-coordinate",probePosition as integer,probeEqual as boolean,probeLegacyRow}
record-vs-legacy-90-100:3: set probeRange to create range boundDoc start probePosition end (probePosition+1)
record-vs-legacy-90-100:4: set probeFontReference to font object of probeRange
record-vs-legacy-90-100:5: set probeLegacyRow to {name of probeFontReference as text,font size of probeFontReference,bold of probeFontReference,italic of probeFontRefe
record-vs-legacy-90-100:6: set probeFontRecord to (get properties of font object of probeRange) as record
record-vs-legacy-90-100:7: set probeShadingRecord to (get properties of shading of probeRange) as record
record-vs-legacy-90-100:8: set probeRecordRow to {name of probeFontRecord as text,font size of probeFontRecord,bold of probeFontRecord,italic of probeFontRecord,underl
record-vs-legacy-90-100:9: set probeLegacyJson to my jsonRows({probeLegacyRow})
record-vs-legacy-90-100:10: set probeRecordJson to my jsonRows({probeRecordRow})
record-vs-legacy-90-100:11: set probeEqual to (current application's NSString's stringWithString:probeLegacyJson)'s isEqualToString:probeRecordJson
record-vs-legacy-90-100:12: if not (probeEqual as boolean) then error "RECORD_VALUE_MISMATCH"
record-vs-legacy-90-100:13: set end of probeRows to {"same-coordinate",probePosition as integer,probeEqual as boolean,probeLegacyRow}

["WPSCOMPOSER_WORD_SESSION_OK",[["read-ok",[["same-coordinate",90,true,["DengXian",11,false,false,"underline none",[0,0,0],[0,0,0]]],["same-coordinate",91,true,["DengXian",11,false,false,"underline none",[0,0,0],[0,0,0]]],["same-coordinate",92,true,["DengXian",11,false,false,"underline none",[0,0,0],[0,0,0]]],["same-coordinate",93,true,["DengXian",11,false,false,"underline none",[0,0,0],[0,0,0]]],["same-coordinate",94,true,["DengXian",11,false,false,"underline none",[0,0,0],[0,0,0]]],["same-coordinate",95,true,["DengXian",14,false,true,"underline none",[0,0,0],[0,0,0]]],["same-coordinate",96,true,["DengXian",14,false,true,"underline none",[0,0,0],[0,0,0]]],["same-coordinate",97,true,["DengXian",14,false,true,"underline none",[0,0,0],[0,0,0]]],["same-coordinate",98,true,["DengXian",14,false,true,"underline none",[0,0,0],[0,0,0]]],["same-coordinate",99,true,["DengXian",14,false,true,"underline none",[0,0,0],[0,0,0]]]]]]]
