record-vs-legacy-140-150:0: set probeFirst to 140
record-vs-legacy-140-150:1: set probeLast to 149
record-vs-legacy-140-150:2: repeat with probePosition from probeFirst to probeLast
record-vs-legacy-140-150:3: set probeRange to create range boundDoc start probePosition end (probePosition+1)
record-vs-legacy-140-150:4: set probeFontReference to font object of probeRange
record-vs-legacy-140-150:5: set probeLegacyRow to {name of probeFontReference as text,font size of probeFontReference,bold of probeFontReference,italic of probeFontRefe
record-vs-legacy-140-150:6: set probeFontRecord to (get properties of font object of probeRange) as record
record-vs-legacy-140-150:7: set probeShadingRecord to (get properties of shading of probeRange) as record
record-vs-legacy-140-150:8: set probeRecordRow to {name of probeFontRecord as text,font size of probeFontRecord,bold of probeFontRecord,italic of probeFontRecord,underl
record-vs-legacy-140-150:9: set probeLegacyJson to my jsonRows({probeLegacyRow})
record-vs-legacy-140-150:10: set probeRecordJson to my jsonRows({probeRecordRow})
record-vs-legacy-140-150:11: set probeEqual to (current application's NSString's stringWithString:probeLegacyJson)'s isEqualToString:probeRecordJson
record-vs-legacy-140-150:12: if not (probeEqual as boolean) then error "RECORD_VALUE_MISMATCH"
record-vs-legacy-140-150:13: set end of probeRows to {"same-coordinate",probePosition as integer,probeEqual as boolean,probeLegacyRow}
record-vs-legacy-140-150:3: set probeRange to create range boundDoc start probePosition end (probePosition+1)
record-vs-legacy-140-150:4: set probeFontReference to font object of probeRange
record-vs-legacy-140-150:5: set probeLegacyRow to {name of probeFontReference as text,font size of probeFontReference,bold of probeFontReference,italic of probeFontRefe
record-vs-legacy-140-150:6: set probeFontRecord to (get properties of font object of probeRange) as record
record-vs-legacy-140-150:7: set probeShadingRecord to (get properties of shading of probeRange) as record
record-vs-legacy-140-150:8: set probeRecordRow to {name of probeFontRecord as text,font size of probeFontRecord,bold of probeFontRecord,italic of probeFontRecord,underl
record-vs-legacy-140-150:9: set probeLegacyJson to my jsonRows({probeLegacyRow})
record-vs-legacy-140-150:10: set probeRecordJson to my jsonRows({probeRecordRow})
record-vs-legacy-140-150:11: set probeEqual to (current application's NSString's stringWithString:probeLegacyJson)'s isEqualToString:probeRecordJson
record-vs-legacy-140-150:12: if not (probeEqual as boolean) then error "RECORD_VALUE_MISMATCH"
record-vs-legacy-140-150:13: set end of probeRows to {"same-coordinate",probePosition as integer,probeEqual as boolean,probeLegacyRow}
record-vs-legacy-140-150:3: set probeRange to create range boundDoc start probePosition end (probePosition+1)
record-vs-legacy-140-150:4: set probeFontReference to font object of probeRange
record-vs-legacy-140-150:5: set probeLegacyRow to {name of probeFontReference as text,font size of probeFontReference,bold of probeFontReference,italic of probeFontRefe
record-vs-legacy-140-150:6: set probeFontRecord to (get properties of font object of probeRange) as record
record-vs-legacy-140-150:7: set probeShadingRecord to (get properties of shading of probeRange) as record
record-vs-legacy-140-150:8: set probeRecordRow to {name of probeFontRecord as text,font size of probeFontRecord,bold of probeFontRecord,italic of probeFontRecord,underl
record-vs-legacy-140-150:9: set probeLegacyJson to my jsonRows({probeLegacyRow})
record-vs-legacy-140-150:10: set probeRecordJson to my jsonRows({probeRecordRow})
record-vs-legacy-140-150:11: set probeEqual to (current application's NSString's stringWithString:probeLegacyJson)'s isEqualToString:probeRecordJson
record-vs-legacy-140-150:12: if not (probeEqual as boolean) then error "RECORD_VALUE_MISMATCH"
record-vs-legacy-140-150:13: set end of probeRows to {"same-coordinate",probePosition as integer,probeEqual as boolean,probeLegacyRow}
record-vs-legacy-140-150:3: set probeRange to create range boundDoc start probePosition end (probePosition+1)
record-vs-legacy-140-150:4: set probeFontReference to font object of probeRange
record-vs-legacy-140-150:5: set probeLegacyRow to {name of probeFontReference as text,font size of probeFontReference,bold of probeFontReference,italic of probeFontRefe
record-vs-legacy-140-150:6: set probeFontRecord to (get properties of font object of probeRange) as record
record-vs-legacy-140-150:7: set probeShadingRecord to (get properties of shading of probeRange) as record
record-vs-legacy-140-150:8: set probeRecordRow to {name of probeFontRecord as text,font size of probeFontRecord,bold of probeFontRecord,italic of probeFontRecord,underl
record-vs-legacy-140-150:9: set probeLegacyJson to my jsonRows({probeLegacyRow})
record-vs-legacy-140-150:10: set probeRecordJson to my jsonRows({probeRecordRow})
record-vs-legacy-140-150:11: set probeEqual to (current application's NSString's stringWithString:probeLegacyJson)'s isEqualToString:probeRecordJson
record-vs-legacy-140-150:12: if not (probeEqual as boolean) then error "RECORD_VALUE_MISMATCH"
record-vs-legacy-140-150:13: set end of probeRows to {"same-coordinate",probePosition as integer,probeEqual as boolean,probeLegacyRow}
record-vs-legacy-140-150:3: set probeRange to create range boundDoc start probePosition end (probePosition+1)
record-vs-legacy-140-150:4: set probeFontReference to font object of probeRange
record-vs-legacy-140-150:5: set probeLegacyRow to {name of probeFontReference as text,font size of probeFontReference,bold of probeFontReference,italic of probeFontRefe
record-vs-legacy-140-150:6: set probeFontRecord to (get properties of font object of probeRange) as record
record-vs-legacy-140-150:7: set probeShadingRecord to (get properties of shading of probeRange) as record
record-vs-legacy-140-150:8: set probeRecordRow to {name of probeFontRecord as text,font size of probeFontRecord,bold of probeFontRecord,italic of probeFontRecord,underl
record-vs-legacy-140-150:9: set probeLegacyJson to my jsonRows({probeLegacyRow})
record-vs-legacy-140-150:10: set probeRecordJson to my jsonRows({probeRecordRow})
record-vs-legacy-140-150:11: set probeEqual to (current application's NSString's stringWithString:probeLegacyJson)'s isEqualToString:probeRecordJson
record-vs-legacy-140-150:12: if not (probeEqual as boolean) then error "RECORD_VALUE_MISMATCH"
record-vs-legacy-140-150:13: set end of probeRows to {"same-coordinate",probePosition as integer,probeEqual as boolean,probeLegacyRow}
record-vs-legacy-140-150:3: set probeRange to create range boundDoc start probePosition end (probePosition+1)
record-vs-legacy-140-150:4: set probeFontReference to font object of probeRange
record-vs-legacy-140-150:5: set probeLegacyRow to {name of probeFontReference as text,font size of probeFontReference,bold of probeFontReference,italic of probeFontRefe
record-vs-legacy-140-150:6: set probeFontRecord to (get properties of font object of probeRange) as record
record-vs-legacy-140-150:7: set probeShadingRecord to (get properties of shading of probeRange) as record
record-vs-legacy-140-150:8: set probeRecordRow to {name of probeFontRecord as text,font size of probeFontRecord,bold of probeFontRecord,italic of probeFontRecord,underl
record-vs-legacy-140-150:9: set probeLegacyJson to my jsonRows({probeLegacyRow})
record-vs-legacy-140-150:10: set probeRecordJson to my jsonRows({probeRecordRow})
record-vs-legacy-140-150:11: set probeEqual to (current application's NSString's stringWithString:probeLegacyJson)'s isEqualToString:probeRecordJson
record-vs-legacy-140-150:12: if not (probeEqual as boolean) then error "RECORD_VALUE_MISMATCH"
record-vs-legacy-140-150:13: set end of probeRows to {"same-coordinate",probePosition as integer,probeEqual as boolean,probeLegacyRow}
record-vs-legacy-140-150:3: set probeRange to create range boundDoc start probePosition end (probePosition+1)
record-vs-legacy-140-150:4: set probeFontReference to font object of probeRange
record-vs-legacy-140-150:5: set probeLegacyRow to {name of probeFontReference as text,font size of probeFontReference,bold of probeFontReference,italic of probeFontRefe
record-vs-legacy-140-150:6: set probeFontRecord to (get properties of font object of probeRange) as record
record-vs-legacy-140-150:7: set probeShadingRecord to (get properties of shading of probeRange) as record
record-vs-legacy-140-150:8: set probeRecordRow to {name of probeFontRecord as text,font size of probeFontRecord,bold of probeFontRecord,italic of probeFontRecord,underl
record-vs-legacy-140-150:9: set probeLegacyJson to my jsonRows({probeLegacyRow})
record-vs-legacy-140-150:10: set probeRecordJson to my jsonRows({probeRecordRow})
record-vs-legacy-140-150:11: set probeEqual to (current application's NSString's stringWithString:probeLegacyJson)'s isEqualToString:probeRecordJson
record-vs-legacy-140-150:12: if not (probeEqual as boolean) then error "RECORD_VALUE_MISMATCH"
record-vs-legacy-140-150:13: set end of probeRows to {"same-coordinate",probePosition as integer,probeEqual as boolean,probeLegacyRow}
record-vs-legacy-140-150:3: set probeRange to create range boundDoc start probePosition end (probePosition+1)
record-vs-legacy-140-150:4: set probeFontReference to font object of probeRange
record-vs-legacy-140-150:5: set probeLegacyRow to {name of probeFontReference as text,font size of probeFontReference,bold of probeFontReference,italic of probeFontRefe
record-vs-legacy-140-150:6: set probeFontRecord to (get properties of font object of probeRange) as record
record-vs-legacy-140-150:7: set probeShadingRecord to (get properties of shading of probeRange) as record
record-vs-legacy-140-150:8: set probeRecordRow to {name of probeFontRecord as text,font size of probeFontRecord,bold of probeFontRecord,italic of probeFontRecord,underl
record-vs-legacy-140-150:9: set probeLegacyJson to my jsonRows({probeLegacyRow})
record-vs-legacy-140-150:10: set probeRecordJson to my jsonRows({probeRecordRow})
record-vs-legacy-140-150:11: set probeEqual to (current application's NSString's stringWithString:probeLegacyJson)'s isEqualToString:probeRecordJson
record-vs-legacy-140-150:12: if not (probeEqual as boolean) then error "RECORD_VALUE_MISMATCH"
record-vs-legacy-140-150:13: set end of probeRows to {"same-coordinate",probePosition as integer,probeEqual as boolean,probeLegacyRow}
record-vs-legacy-140-150:3: set probeRange to create range boundDoc start probePosition end (probePosition+1)
record-vs-legacy-140-150:4: set probeFontReference to font object of probeRange
record-vs-legacy-140-150:5: set probeLegacyRow to {name of probeFontReference as text,font size of probeFontReference,bold of probeFontReference,italic of probeFontRefe
record-vs-legacy-140-150:6: set probeFontRecord to (get properties of font object of probeRange) as record
record-vs-legacy-140-150:7: set probeShadingRecord to (get properties of shading of probeRange) as record
record-vs-legacy-140-150:8: set probeRecordRow to {name of probeFontRecord as text,font size of probeFontRecord,bold of probeFontRecord,italic of probeFontRecord,underl
record-vs-legacy-140-150:9: set probeLegacyJson to my jsonRows({probeLegacyRow})
record-vs-legacy-140-150:10: set probeRecordJson to my jsonRows({probeRecordRow})
record-vs-legacy-140-150:11: set probeEqual to (current application's NSString's stringWithString:probeLegacyJson)'s isEqualToString:probeRecordJson
record-vs-legacy-140-150:12: if not (probeEqual as boolean) then error "RECORD_VALUE_MISMATCH"
record-vs-legacy-140-150:13: set end of probeRows to {"same-coordinate",probePosition as integer,probeEqual as boolean,probeLegacyRow}
record-vs-legacy-140-150:3: set probeRange to create range boundDoc start probePosition end (probePosition+1)
record-vs-legacy-140-150:4: set probeFontReference to font object of probeRange
record-vs-legacy-140-150:5: set probeLegacyRow to {name of probeFontReference as text,font size of probeFontReference,bold of probeFontReference,italic of probeFontRefe
record-vs-legacy-140-150:6: set probeFontRecord to (get properties of font object of probeRange) as record
record-vs-legacy-140-150:7: set probeShadingRecord to (get properties of shading of probeRange) as record
record-vs-legacy-140-150:8: set probeRecordRow to {name of probeFontRecord as text,font size of probeFontRecord,bold of probeFontRecord,italic of probeFontRecord,underl
record-vs-legacy-140-150:9: set probeLegacyJson to my jsonRows({probeLegacyRow})
record-vs-legacy-140-150:10: set probeRecordJson to my jsonRows({probeRecordRow})
record-vs-legacy-140-150:11: set probeEqual to (current application's NSString's stringWithString:probeLegacyJson)'s isEqualToString:probeRecordJson
record-vs-legacy-140-150:12: if not (probeEqual as boolean) then error "RECORD_VALUE_MISMATCH"
record-vs-legacy-140-150:13: set end of probeRows to {"same-coordinate",probePosition as integer,probeEqual as boolean,probeLegacyRow}

["WPSCOMPOSER_WORD_SESSION_OK",[["read-ok",[["same-coordinate",140,true,["DengXian",11,false,false,"underline none",[0,0,0],[0,0,0]]],["same-coordinate",141,true,["DengXian",11,false,false,"underline none",[0,0,0],[0,0,0]]],["same-coordinate",142,true,["DengXian",11,false,false,"underline none",[0,0,0],[0,0,0]]],["same-coordinate",143,true,["DengXian",11,false,false,"underline none",[0,0,0],[0,0,0]]],["same-coordinate",144,true,["DengXian",11,false,false,"underline none",[0,0,0],[0,0,0]]],["same-coordinate",145,true,["DengXian",11,false,false,"underline none",[0,0,0],[0,0,0]]],["same-coordinate",146,true,["DengXian",11,false,false,"underline none",[0,0,0],[0,0,0]]],["same-coordinate",147,true,["DengXian",11,false,false,"underline none",[0,0,0],[0,0,0]]],["same-coordinate",148,true,["DengXian",11,false,false,"underline none",[0,0,0],[0,0,0]]],["same-coordinate",149,true,["DengXian",11,false,false,"underline none",[0,0,0],[0,0,0]]]]]]]
