record-vs-legacy-170-180:0: set probeFirst to 170
record-vs-legacy-170-180:1: set probeLast to 179
record-vs-legacy-170-180:2: repeat with probePosition from probeFirst to probeLast
record-vs-legacy-170-180:3: set probeRange to create range boundDoc start probePosition end (probePosition+1)
record-vs-legacy-170-180:4: set probeFontReference to font object of probeRange
record-vs-legacy-170-180:5: set probeLegacyRow to {name of probeFontReference as text,font size of probeFontReference,bold of probeFontReference,italic of probeFontRefe
record-vs-legacy-170-180:6: set probeFontRecord to (get properties of font object of probeRange) as record
record-vs-legacy-170-180:7: set probeShadingRecord to (get properties of shading of probeRange) as record
record-vs-legacy-170-180:8: set probeRecordRow to {name of probeFontRecord as text,font size of probeFontRecord,bold of probeFontRecord,italic of probeFontRecord,underl
record-vs-legacy-170-180:9: set probeLegacyJson to my jsonRows({probeLegacyRow})
record-vs-legacy-170-180:10: set probeRecordJson to my jsonRows({probeRecordRow})
record-vs-legacy-170-180:11: set probeEqual to (current application's NSString's stringWithString:probeLegacyJson)'s isEqualToString:probeRecordJson
record-vs-legacy-170-180:12: if not (probeEqual as boolean) then error "RECORD_VALUE_MISMATCH"
record-vs-legacy-170-180:13: set end of probeRows to {"same-coordinate",probePosition as integer,probeEqual as boolean,probeLegacyRow}
record-vs-legacy-170-180:3: set probeRange to create range boundDoc start probePosition end (probePosition+1)
record-vs-legacy-170-180:4: set probeFontReference to font object of probeRange
record-vs-legacy-170-180:5: set probeLegacyRow to {name of probeFontReference as text,font size of probeFontReference,bold of probeFontReference,italic of probeFontRefe
record-vs-legacy-170-180:6: set probeFontRecord to (get properties of font object of probeRange) as record
record-vs-legacy-170-180:7: set probeShadingRecord to (get properties of shading of probeRange) as record
record-vs-legacy-170-180:8: set probeRecordRow to {name of probeFontRecord as text,font size of probeFontRecord,bold of probeFontRecord,italic of probeFontRecord,underl
record-vs-legacy-170-180:9: set probeLegacyJson to my jsonRows({probeLegacyRow})
record-vs-legacy-170-180:10: set probeRecordJson to my jsonRows({probeRecordRow})
record-vs-legacy-170-180:11: set probeEqual to (current application's NSString's stringWithString:probeLegacyJson)'s isEqualToString:probeRecordJson
record-vs-legacy-170-180:12: if not (probeEqual as boolean) then error "RECORD_VALUE_MISMATCH"
record-vs-legacy-170-180:13: set end of probeRows to {"same-coordinate",probePosition as integer,probeEqual as boolean,probeLegacyRow}
record-vs-legacy-170-180:3: set probeRange to create range boundDoc start probePosition end (probePosition+1)
record-vs-legacy-170-180:4: set probeFontReference to font object of probeRange
record-vs-legacy-170-180:5: set probeLegacyRow to {name of probeFontReference as text,font size of probeFontReference,bold of probeFontReference,italic of probeFontRefe
record-vs-legacy-170-180:6: set probeFontRecord to (get properties of font object of probeRange) as record
record-vs-legacy-170-180:7: set probeShadingRecord to (get properties of shading of probeRange) as record
record-vs-legacy-170-180:8: set probeRecordRow to {name of probeFontRecord as text,font size of probeFontRecord,bold of probeFontRecord,italic of probeFontRecord,underl
record-vs-legacy-170-180:9: set probeLegacyJson to my jsonRows({probeLegacyRow})
record-vs-legacy-170-180:10: set probeRecordJson to my jsonRows({probeRecordRow})
record-vs-legacy-170-180:11: set probeEqual to (current application's NSString's stringWithString:probeLegacyJson)'s isEqualToString:probeRecordJson
record-vs-legacy-170-180:12: if not (probeEqual as boolean) then error "RECORD_VALUE_MISMATCH"
record-vs-legacy-170-180:13: set end of probeRows to {"same-coordinate",probePosition as integer,probeEqual as boolean,probeLegacyRow}
record-vs-legacy-170-180:3: set probeRange to create range boundDoc start probePosition end (probePosition+1)
record-vs-legacy-170-180:4: set probeFontReference to font object of probeRange
record-vs-legacy-170-180:5: set probeLegacyRow to {name of probeFontReference as text,font size of probeFontReference,bold of probeFontReference,italic of probeFontRefe
record-vs-legacy-170-180:6: set probeFontRecord to (get properties of font object of probeRange) as record
record-vs-legacy-170-180:7: set probeShadingRecord to (get properties of shading of probeRange) as record
record-vs-legacy-170-180:8: set probeRecordRow to {name of probeFontRecord as text,font size of probeFontRecord,bold of probeFontRecord,italic of probeFontRecord,underl
record-vs-legacy-170-180:9: set probeLegacyJson to my jsonRows({probeLegacyRow})
record-vs-legacy-170-180:10: set probeRecordJson to my jsonRows({probeRecordRow})
record-vs-legacy-170-180:11: set probeEqual to (current application's NSString's stringWithString:probeLegacyJson)'s isEqualToString:probeRecordJson
record-vs-legacy-170-180:12: if not (probeEqual as boolean) then error "RECORD_VALUE_MISMATCH"
record-vs-legacy-170-180:13: set end of probeRows to {"same-coordinate",probePosition as integer,probeEqual as boolean,probeLegacyRow}
record-vs-legacy-170-180:3: set probeRange to create range boundDoc start probePosition end (probePosition+1)
record-vs-legacy-170-180:4: set probeFontReference to font object of probeRange
record-vs-legacy-170-180:5: set probeLegacyRow to {name of probeFontReference as text,font size of probeFontReference,bold of probeFontReference,italic of probeFontRefe
record-vs-legacy-170-180:6: set probeFontRecord to (get properties of font object of probeRange) as record
record-vs-legacy-170-180:7: set probeShadingRecord to (get properties of shading of probeRange) as record
record-vs-legacy-170-180:8: set probeRecordRow to {name of probeFontRecord as text,font size of probeFontRecord,bold of probeFontRecord,italic of probeFontRecord,underl
record-vs-legacy-170-180:9: set probeLegacyJson to my jsonRows({probeLegacyRow})
record-vs-legacy-170-180:10: set probeRecordJson to my jsonRows({probeRecordRow})
record-vs-legacy-170-180:11: set probeEqual to (current application's NSString's stringWithString:probeLegacyJson)'s isEqualToString:probeRecordJson
record-vs-legacy-170-180:12: if not (probeEqual as boolean) then error "RECORD_VALUE_MISMATCH"
record-vs-legacy-170-180:13: set end of probeRows to {"same-coordinate",probePosition as integer,probeEqual as boolean,probeLegacyRow}
record-vs-legacy-170-180:3: set probeRange to create range boundDoc start probePosition end (probePosition+1)
record-vs-legacy-170-180:4: set probeFontReference to font object of probeRange
record-vs-legacy-170-180:5: set probeLegacyRow to {name of probeFontReference as text,font size of probeFontReference,bold of probeFontReference,italic of probeFontRefe
record-vs-legacy-170-180:6: set probeFontRecord to (get properties of font object of probeRange) as record
record-vs-legacy-170-180:7: set probeShadingRecord to (get properties of shading of probeRange) as record
record-vs-legacy-170-180:8: set probeRecordRow to {name of probeFontRecord as text,font size of probeFontRecord,bold of probeFontRecord,italic of probeFontRecord,underl
record-vs-legacy-170-180:9: set probeLegacyJson to my jsonRows({probeLegacyRow})
record-vs-legacy-170-180:10: set probeRecordJson to my jsonRows({probeRecordRow})
record-vs-legacy-170-180:11: set probeEqual to (current application's NSString's stringWithString:probeLegacyJson)'s isEqualToString:probeRecordJson
record-vs-legacy-170-180:12: if not (probeEqual as boolean) then error "RECORD_VALUE_MISMATCH"
record-vs-legacy-170-180:13: set end of probeRows to {"same-coordinate",probePosition as integer,probeEqual as boolean,probeLegacyRow}
record-vs-legacy-170-180:3: set probeRange to create range boundDoc start probePosition end (probePosition+1)
record-vs-legacy-170-180:4: set probeFontReference to font object of probeRange
record-vs-legacy-170-180:5: set probeLegacyRow to {name of probeFontReference as text,font size of probeFontReference,bold of probeFontReference,italic of probeFontRefe
record-vs-legacy-170-180:6: set probeFontRecord to (get properties of font object of probeRange) as record
record-vs-legacy-170-180:7: set probeShadingRecord to (get properties of shading of probeRange) as record
record-vs-legacy-170-180:8: set probeRecordRow to {name of probeFontRecord as text,font size of probeFontRecord,bold of probeFontRecord,italic of probeFontRecord,underl
record-vs-legacy-170-180:9: set probeLegacyJson to my jsonRows({probeLegacyRow})
record-vs-legacy-170-180:10: set probeRecordJson to my jsonRows({probeRecordRow})
record-vs-legacy-170-180:11: set probeEqual to (current application's NSString's stringWithString:probeLegacyJson)'s isEqualToString:probeRecordJson
record-vs-legacy-170-180:12: if not (probeEqual as boolean) then error "RECORD_VALUE_MISMATCH"
record-vs-legacy-170-180:13: set end of probeRows to {"same-coordinate",probePosition as integer,probeEqual as boolean,probeLegacyRow}
record-vs-legacy-170-180:3: set probeRange to create range boundDoc start probePosition end (probePosition+1)
record-vs-legacy-170-180:4: set probeFontReference to font object of probeRange
record-vs-legacy-170-180:5: set probeLegacyRow to {name of probeFontReference as text,font size of probeFontReference,bold of probeFontReference,italic of probeFontRefe
record-vs-legacy-170-180:6: set probeFontRecord to (get properties of font object of probeRange) as record
record-vs-legacy-170-180:7: set probeShadingRecord to (get properties of shading of probeRange) as record
record-vs-legacy-170-180:8: set probeRecordRow to {name of probeFontRecord as text,font size of probeFontRecord,bold of probeFontRecord,italic of probeFontRecord,underl
record-vs-legacy-170-180:9: set probeLegacyJson to my jsonRows({probeLegacyRow})
record-vs-legacy-170-180:10: set probeRecordJson to my jsonRows({probeRecordRow})
record-vs-legacy-170-180:11: set probeEqual to (current application's NSString's stringWithString:probeLegacyJson)'s isEqualToString:probeRecordJson
record-vs-legacy-170-180:12: if not (probeEqual as boolean) then error "RECORD_VALUE_MISMATCH"
record-vs-legacy-170-180:13: set end of probeRows to {"same-coordinate",probePosition as integer,probeEqual as boolean,probeLegacyRow}
record-vs-legacy-170-180:3: set probeRange to create range boundDoc start probePosition end (probePosition+1)
record-vs-legacy-170-180:4: set probeFontReference to font object of probeRange
record-vs-legacy-170-180:5: set probeLegacyRow to {name of probeFontReference as text,font size of probeFontReference,bold of probeFontReference,italic of probeFontRefe
record-vs-legacy-170-180:6: set probeFontRecord to (get properties of font object of probeRange) as record
record-vs-legacy-170-180:7: set probeShadingRecord to (get properties of shading of probeRange) as record
record-vs-legacy-170-180:8: set probeRecordRow to {name of probeFontRecord as text,font size of probeFontRecord,bold of probeFontRecord,italic of probeFontRecord,underl
record-vs-legacy-170-180:9: set probeLegacyJson to my jsonRows({probeLegacyRow})
record-vs-legacy-170-180:10: set probeRecordJson to my jsonRows({probeRecordRow})
record-vs-legacy-170-180:11: set probeEqual to (current application's NSString's stringWithString:probeLegacyJson)'s isEqualToString:probeRecordJson
record-vs-legacy-170-180:12: if not (probeEqual as boolean) then error "RECORD_VALUE_MISMATCH"
record-vs-legacy-170-180:13: set end of probeRows to {"same-coordinate",probePosition as integer,probeEqual as boolean,probeLegacyRow}
record-vs-legacy-170-180:3: set probeRange to create range boundDoc start probePosition end (probePosition+1)
record-vs-legacy-170-180:4: set probeFontReference to font object of probeRange
record-vs-legacy-170-180:5: set probeLegacyRow to {name of probeFontReference as text,font size of probeFontReference,bold of probeFontReference,italic of probeFontRefe
record-vs-legacy-170-180:6: set probeFontRecord to (get properties of font object of probeRange) as record
record-vs-legacy-170-180:7: set probeShadingRecord to (get properties of shading of probeRange) as record
record-vs-legacy-170-180:8: set probeRecordRow to {name of probeFontRecord as text,font size of probeFontRecord,bold of probeFontRecord,italic of probeFontRecord,underl
record-vs-legacy-170-180:9: set probeLegacyJson to my jsonRows({probeLegacyRow})
record-vs-legacy-170-180:10: set probeRecordJson to my jsonRows({probeRecordRow})
record-vs-legacy-170-180:11: set probeEqual to (current application's NSString's stringWithString:probeLegacyJson)'s isEqualToString:probeRecordJson
record-vs-legacy-170-180:12: if not (probeEqual as boolean) then error "RECORD_VALUE_MISMATCH"
record-vs-legacy-170-180:13: set end of probeRows to {"same-coordinate",probePosition as integer,probeEqual as boolean,probeLegacyRow}

["WPSCOMPOSER_WORD_SESSION_OK",[["read-ok",[["same-coordinate",170,true,["DengXian",11,false,false,"underline none",[0,0,0],[0,0,0]]],["same-coordinate",171,true,["DengXian",11,false,false,"underline none",[0,0,0],[0,0,0]]],["same-coordinate",172,true,["DengXian",11,false,false,"underline none",[0,0,0],[0,0,0]]],["same-coordinate",173,true,["DengXian",11,false,false,"underline none",[0,0,0],[0,0,0]]],["same-coordinate",174,true,["DengXian",11,false,false,"underline none",[0,0,0],[0,0,0]]],["same-coordinate",175,true,["DengXian",11,false,false,"underline none",[0,0,0],[0,0,0]]],["same-coordinate",176,true,["DengXian",11,false,false,"underline none",[0,0,0],[0,0,0]]],["same-coordinate",177,true,["DengXian",11,false,false,"underline none",[0,0,0],[0,0,0]]],["same-coordinate",178,true,["DengXian",11,false,false,"underline none",[0,0,0],[0,0,0]]],["same-coordinate",179,true,["DengXian",11,false,false,"underline none",[0,0,0],[0,0,0]]]]]]]
