record-vs-legacy-70-80:0: set probeFirst to 70
record-vs-legacy-70-80:1: set probeLast to 79
record-vs-legacy-70-80:2: repeat with probePosition from probeFirst to probeLast
record-vs-legacy-70-80:3: set probeRange to create range boundDoc start probePosition end (probePosition+1)
record-vs-legacy-70-80:4: set probeFontReference to font object of probeRange
record-vs-legacy-70-80:5: set probeLegacyRow to {name of probeFontReference as text,font size of probeFontReference,bold of probeFontReference,italic of probeFontRefe
record-vs-legacy-70-80:6: set probeFontRecord to (get properties of font object of probeRange) as record
record-vs-legacy-70-80:7: set probeShadingRecord to (get properties of shading of probeRange) as record
record-vs-legacy-70-80:8: set probeRecordRow to {name of probeFontRecord as text,font size of probeFontRecord,bold of probeFontRecord,italic of probeFontRecord,underl
record-vs-legacy-70-80:9: set probeLegacyJson to my jsonRows({probeLegacyRow})
record-vs-legacy-70-80:10: set probeRecordJson to my jsonRows({probeRecordRow})
record-vs-legacy-70-80:11: set probeEqual to (current application's NSString's stringWithString:probeLegacyJson)'s isEqualToString:probeRecordJson
record-vs-legacy-70-80:12: if not (probeEqual as boolean) then error "RECORD_VALUE_MISMATCH"
record-vs-legacy-70-80:13: set end of probeRows to {"same-coordinate",probePosition as integer,probeEqual as boolean,probeLegacyRow}
record-vs-legacy-70-80:3: set probeRange to create range boundDoc start probePosition end (probePosition+1)
record-vs-legacy-70-80:4: set probeFontReference to font object of probeRange
record-vs-legacy-70-80:5: set probeLegacyRow to {name of probeFontReference as text,font size of probeFontReference,bold of probeFontReference,italic of probeFontRefe
record-vs-legacy-70-80:6: set probeFontRecord to (get properties of font object of probeRange) as record
record-vs-legacy-70-80:7: set probeShadingRecord to (get properties of shading of probeRange) as record
record-vs-legacy-70-80:8: set probeRecordRow to {name of probeFontRecord as text,font size of probeFontRecord,bold of probeFontRecord,italic of probeFontRecord,underl
record-vs-legacy-70-80:9: set probeLegacyJson to my jsonRows({probeLegacyRow})
record-vs-legacy-70-80:10: set probeRecordJson to my jsonRows({probeRecordRow})
record-vs-legacy-70-80:11: set probeEqual to (current application's NSString's stringWithString:probeLegacyJson)'s isEqualToString:probeRecordJson
record-vs-legacy-70-80:12: if not (probeEqual as boolean) then error "RECORD_VALUE_MISMATCH"
record-vs-legacy-70-80:13: set end of probeRows to {"same-coordinate",probePosition as integer,probeEqual as boolean,probeLegacyRow}
record-vs-legacy-70-80:3: set probeRange to create range boundDoc start probePosition end (probePosition+1)
record-vs-legacy-70-80:4: set probeFontReference to font object of probeRange
record-vs-legacy-70-80:5: set probeLegacyRow to {name of probeFontReference as text,font size of probeFontReference,bold of probeFontReference,italic of probeFontRefe
record-vs-legacy-70-80:6: set probeFontRecord to (get properties of font object of probeRange) as record
record-vs-legacy-70-80:7: set probeShadingRecord to (get properties of shading of probeRange) as record
record-vs-legacy-70-80:8: set probeRecordRow to {name of probeFontRecord as text,font size of probeFontRecord,bold of probeFontRecord,italic of probeFontRecord,underl
record-vs-legacy-70-80:9: set probeLegacyJson to my jsonRows({probeLegacyRow})
record-vs-legacy-70-80:10: set probeRecordJson to my jsonRows({probeRecordRow})
record-vs-legacy-70-80:11: set probeEqual to (current application's NSString's stringWithString:probeLegacyJson)'s isEqualToString:probeRecordJson
record-vs-legacy-70-80:12: if not (probeEqual as boolean) then error "RECORD_VALUE_MISMATCH"
record-vs-legacy-70-80:13: set end of probeRows to {"same-coordinate",probePosition as integer,probeEqual as boolean,probeLegacyRow}
record-vs-legacy-70-80:3: set probeRange to create range boundDoc start probePosition end (probePosition+1)
record-vs-legacy-70-80:4: set probeFontReference to font object of probeRange
record-vs-legacy-70-80:5: set probeLegacyRow to {name of probeFontReference as text,font size of probeFontReference,bold of probeFontReference,italic of probeFontRefe
record-vs-legacy-70-80:6: set probeFontRecord to (get properties of font object of probeRange) as record
record-vs-legacy-70-80:7: set probeShadingRecord to (get properties of shading of probeRange) as record
record-vs-legacy-70-80:8: set probeRecordRow to {name of probeFontRecord as text,font size of probeFontRecord,bold of probeFontRecord,italic of probeFontRecord,underl
record-vs-legacy-70-80:9: set probeLegacyJson to my jsonRows({probeLegacyRow})
record-vs-legacy-70-80:10: set probeRecordJson to my jsonRows({probeRecordRow})
record-vs-legacy-70-80:11: set probeEqual to (current application's NSString's stringWithString:probeLegacyJson)'s isEqualToString:probeRecordJson
record-vs-legacy-70-80:12: if not (probeEqual as boolean) then error "RECORD_VALUE_MISMATCH"
record-vs-legacy-70-80:13: set end of probeRows to {"same-coordinate",probePosition as integer,probeEqual as boolean,probeLegacyRow}
record-vs-legacy-70-80:3: set probeRange to create range boundDoc start probePosition end (probePosition+1)
record-vs-legacy-70-80:4: set probeFontReference to font object of probeRange
record-vs-legacy-70-80:5: set probeLegacyRow to {name of probeFontReference as text,font size of probeFontReference,bold of probeFontReference,italic of probeFontRefe
record-vs-legacy-70-80:6: set probeFontRecord to (get properties of font object of probeRange) as record
record-vs-legacy-70-80:7: set probeShadingRecord to (get properties of shading of probeRange) as record
record-vs-legacy-70-80:8: set probeRecordRow to {name of probeFontRecord as text,font size of probeFontRecord,bold of probeFontRecord,italic of probeFontRecord,underl
record-vs-legacy-70-80:9: set probeLegacyJson to my jsonRows({probeLegacyRow})
record-vs-legacy-70-80:10: set probeRecordJson to my jsonRows({probeRecordRow})
record-vs-legacy-70-80:11: set probeEqual to (current application's NSString's stringWithString:probeLegacyJson)'s isEqualToString:probeRecordJson
record-vs-legacy-70-80:12: if not (probeEqual as boolean) then error "RECORD_VALUE_MISMATCH"
record-vs-legacy-70-80:13: set end of probeRows to {"same-coordinate",probePosition as integer,probeEqual as boolean,probeLegacyRow}
record-vs-legacy-70-80:3: set probeRange to create range boundDoc start probePosition end (probePosition+1)
record-vs-legacy-70-80:4: set probeFontReference to font object of probeRange
record-vs-legacy-70-80:5: set probeLegacyRow to {name of probeFontReference as text,font size of probeFontReference,bold of probeFontReference,italic of probeFontRefe
record-vs-legacy-70-80:6: set probeFontRecord to (get properties of font object of probeRange) as record
record-vs-legacy-70-80:7: set probeShadingRecord to (get properties of shading of probeRange) as record
record-vs-legacy-70-80:8: set probeRecordRow to {name of probeFontRecord as text,font size of probeFontRecord,bold of probeFontRecord,italic of probeFontRecord,underl
record-vs-legacy-70-80:9: set probeLegacyJson to my jsonRows({probeLegacyRow})
record-vs-legacy-70-80:10: set probeRecordJson to my jsonRows({probeRecordRow})
record-vs-legacy-70-80:11: set probeEqual to (current application's NSString's stringWithString:probeLegacyJson)'s isEqualToString:probeRecordJson
record-vs-legacy-70-80:12: if not (probeEqual as boolean) then error "RECORD_VALUE_MISMATCH"
record-vs-legacy-70-80:13: set end of probeRows to {"same-coordinate",probePosition as integer,probeEqual as boolean,probeLegacyRow}
record-vs-legacy-70-80:3: set probeRange to create range boundDoc start probePosition end (probePosition+1)
record-vs-legacy-70-80:4: set probeFontReference to font object of probeRange
record-vs-legacy-70-80:5: set probeLegacyRow to {name of probeFontReference as text,font size of probeFontReference,bold of probeFontReference,italic of probeFontRefe
record-vs-legacy-70-80:6: set probeFontRecord to (get properties of font object of probeRange) as record
record-vs-legacy-70-80:7: set probeShadingRecord to (get properties of shading of probeRange) as record
record-vs-legacy-70-80:8: set probeRecordRow to {name of probeFontRecord as text,font size of probeFontRecord,bold of probeFontRecord,italic of probeFontRecord,underl
record-vs-legacy-70-80:9: set probeLegacyJson to my jsonRows({probeLegacyRow})
record-vs-legacy-70-80:10: set probeRecordJson to my jsonRows({probeRecordRow})
record-vs-legacy-70-80:11: set probeEqual to (current application's NSString's stringWithString:probeLegacyJson)'s isEqualToString:probeRecordJson
record-vs-legacy-70-80:12: if not (probeEqual as boolean) then error "RECORD_VALUE_MISMATCH"
record-vs-legacy-70-80:13: set end of probeRows to {"same-coordinate",probePosition as integer,probeEqual as boolean,probeLegacyRow}
record-vs-legacy-70-80:3: set probeRange to create range boundDoc start probePosition end (probePosition+1)
record-vs-legacy-70-80:4: set probeFontReference to font object of probeRange
record-vs-legacy-70-80:5: set probeLegacyRow to {name of probeFontReference as text,font size of probeFontReference,bold of probeFontReference,italic of probeFontRefe
record-vs-legacy-70-80:6: set probeFontRecord to (get properties of font object of probeRange) as record
record-vs-legacy-70-80:7: set probeShadingRecord to (get properties of shading of probeRange) as record
record-vs-legacy-70-80:8: set probeRecordRow to {name of probeFontRecord as text,font size of probeFontRecord,bold of probeFontRecord,italic of probeFontRecord,underl
record-vs-legacy-70-80:9: set probeLegacyJson to my jsonRows({probeLegacyRow})
record-vs-legacy-70-80:10: set probeRecordJson to my jsonRows({probeRecordRow})
record-vs-legacy-70-80:11: set probeEqual to (current application's NSString's stringWithString:probeLegacyJson)'s isEqualToString:probeRecordJson
record-vs-legacy-70-80:12: if not (probeEqual as boolean) then error "RECORD_VALUE_MISMATCH"
record-vs-legacy-70-80:13: set end of probeRows to {"same-coordinate",probePosition as integer,probeEqual as boolean,probeLegacyRow}
record-vs-legacy-70-80:3: set probeRange to create range boundDoc start probePosition end (probePosition+1)
record-vs-legacy-70-80:4: set probeFontReference to font object of probeRange
record-vs-legacy-70-80:5: set probeLegacyRow to {name of probeFontReference as text,font size of probeFontReference,bold of probeFontReference,italic of probeFontRefe
record-vs-legacy-70-80:6: set probeFontRecord to (get properties of font object of probeRange) as record
record-vs-legacy-70-80:7: set probeShadingRecord to (get properties of shading of probeRange) as record
record-vs-legacy-70-80:8: set probeRecordRow to {name of probeFontRecord as text,font size of probeFontRecord,bold of probeFontRecord,italic of probeFontRecord,underl
record-vs-legacy-70-80:9: set probeLegacyJson to my jsonRows({probeLegacyRow})
record-vs-legacy-70-80:10: set probeRecordJson to my jsonRows({probeRecordRow})
record-vs-legacy-70-80:11: set probeEqual to (current application's NSString's stringWithString:probeLegacyJson)'s isEqualToString:probeRecordJson
record-vs-legacy-70-80:12: if not (probeEqual as boolean) then error "RECORD_VALUE_MISMATCH"
record-vs-legacy-70-80:13: set end of probeRows to {"same-coordinate",probePosition as integer,probeEqual as boolean,probeLegacyRow}
record-vs-legacy-70-80:3: set probeRange to create range boundDoc start probePosition end (probePosition+1)
record-vs-legacy-70-80:4: set probeFontReference to font object of probeRange
record-vs-legacy-70-80:5: set probeLegacyRow to {name of probeFontReference as text,font size of probeFontReference,bold of probeFontReference,italic of probeFontRefe
record-vs-legacy-70-80:6: set probeFontRecord to (get properties of font object of probeRange) as record
record-vs-legacy-70-80:7: set probeShadingRecord to (get properties of shading of probeRange) as record
record-vs-legacy-70-80:8: set probeRecordRow to {name of probeFontRecord as text,font size of probeFontRecord,bold of probeFontRecord,italic of probeFontRecord,underl
record-vs-legacy-70-80:9: set probeLegacyJson to my jsonRows({probeLegacyRow})
record-vs-legacy-70-80:10: set probeRecordJson to my jsonRows({probeRecordRow})
record-vs-legacy-70-80:11: set probeEqual to (current application's NSString's stringWithString:probeLegacyJson)'s isEqualToString:probeRecordJson
record-vs-legacy-70-80:12: if not (probeEqual as boolean) then error "RECORD_VALUE_MISMATCH"
record-vs-legacy-70-80:13: set end of probeRows to {"same-coordinate",probePosition as integer,probeEqual as boolean,probeLegacyRow}

["WPSCOMPOSER_WORD_SESSION_OK",[["read-ok",[["same-coordinate",70,true,["DengXian",11,false,false,"underline none",[0,0,0],[0,0,0]]],["same-coordinate",71,true,["DengXian",11,false,false,"underline none",[0,0,0],[0,0,0]]],["same-coordinate",72,true,["DengXian",11,false,false,"underline none",[0,0,0],[0,0,0]]],["same-coordinate",73,true,["DengXian",11,false,false,"underline none",[0,0,0],[0,0,0]]],["same-coordinate",74,true,["DengXian",11,false,false,"underline none",[0,0,0],[0,0,0]]],["same-coordinate",75,true,["DengXian",11,false,false,"underline none",[0,0,0],[0,0,0]]],["same-coordinate",76,true,["DengXian",11,false,false,"underline none",[0,0,0],null]],["same-coordinate",77,true,["DengXian",11,false,false,"underline none",[0,0,0],[0,0,0]]],["same-coordinate",78,true,["DengXian",11,false,false,"underline none",[0,0,0],[0,0,0]]],["same-coordinate",79,true,["DengXian",11,false,false,"underline none",[0,0,0],[0,0,0]]]]]]]
