record-vs-legacy-20-30:0: set probeFirst to 20
record-vs-legacy-20-30:1: set probeLast to 29
record-vs-legacy-20-30:2: repeat with probePosition from probeFirst to probeLast
record-vs-legacy-20-30:3: set probeRange to create range boundDoc start probePosition end (probePosition+1)
record-vs-legacy-20-30:4: set probeFontReference to font object of probeRange
record-vs-legacy-20-30:5: set probeLegacyRow to {name of probeFontReference as text,font size of probeFontReference,bold of probeFontReference,italic of probeFontRefe
record-vs-legacy-20-30:6: set probeFontRecord to (get properties of font object of probeRange) as record
record-vs-legacy-20-30:7: set probeShadingRecord to (get properties of shading of probeRange) as record
record-vs-legacy-20-30:8: set probeRecordRow to {name of probeFontRecord as text,font size of probeFontRecord,bold of probeFontRecord,italic of probeFontRecord,underl
record-vs-legacy-20-30:9: set probeLegacyJson to my jsonRows({probeLegacyRow})
record-vs-legacy-20-30:10: set probeRecordJson to my jsonRows({probeRecordRow})
record-vs-legacy-20-30:11: set probeEqual to (current application's NSString's stringWithString:probeLegacyJson)'s isEqualToString:probeRecordJson
record-vs-legacy-20-30:12: if not (probeEqual as boolean) then error "RECORD_VALUE_MISMATCH"
record-vs-legacy-20-30:13: set end of probeRows to {"same-coordinate",probePosition as integer,probeEqual as boolean,probeLegacyRow}
record-vs-legacy-20-30:3: set probeRange to create range boundDoc start probePosition end (probePosition+1)
record-vs-legacy-20-30:4: set probeFontReference to font object of probeRange
record-vs-legacy-20-30:5: set probeLegacyRow to {name of probeFontReference as text,font size of probeFontReference,bold of probeFontReference,italic of probeFontRefe
record-vs-legacy-20-30:6: set probeFontRecord to (get properties of font object of probeRange) as record
record-vs-legacy-20-30:7: set probeShadingRecord to (get properties of shading of probeRange) as record
record-vs-legacy-20-30:8: set probeRecordRow to {name of probeFontRecord as text,font size of probeFontRecord,bold of probeFontRecord,italic of probeFontRecord,underl
record-vs-legacy-20-30:9: set probeLegacyJson to my jsonRows({probeLegacyRow})
record-vs-legacy-20-30:10: set probeRecordJson to my jsonRows({probeRecordRow})
record-vs-legacy-20-30:11: set probeEqual to (current application's NSString's stringWithString:probeLegacyJson)'s isEqualToString:probeRecordJson
record-vs-legacy-20-30:12: if not (probeEqual as boolean) then error "RECORD_VALUE_MISMATCH"
record-vs-legacy-20-30:13: set end of probeRows to {"same-coordinate",probePosition as integer,probeEqual as boolean,probeLegacyRow}
record-vs-legacy-20-30:3: set probeRange to create range boundDoc start probePosition end (probePosition+1)
record-vs-legacy-20-30:4: set probeFontReference to font object of probeRange
record-vs-legacy-20-30:5: set probeLegacyRow to {name of probeFontReference as text,font size of probeFontReference,bold of probeFontReference,italic of probeFontRefe
record-vs-legacy-20-30:6: set probeFontRecord to (get properties of font object of probeRange) as record
record-vs-legacy-20-30:7: set probeShadingRecord to (get properties of shading of probeRange) as record
record-vs-legacy-20-30:8: set probeRecordRow to {name of probeFontRecord as text,font size of probeFontRecord,bold of probeFontRecord,italic of probeFontRecord,underl
record-vs-legacy-20-30:9: set probeLegacyJson to my jsonRows({probeLegacyRow})
record-vs-legacy-20-30:10: set probeRecordJson to my jsonRows({probeRecordRow})
record-vs-legacy-20-30:11: set probeEqual to (current application's NSString's stringWithString:probeLegacyJson)'s isEqualToString:probeRecordJson
record-vs-legacy-20-30:12: if not (probeEqual as boolean) then error "RECORD_VALUE_MISMATCH"
record-vs-legacy-20-30:13: set end of probeRows to {"same-coordinate",probePosition as integer,probeEqual as boolean,probeLegacyRow}
record-vs-legacy-20-30:3: set probeRange to create range boundDoc start probePosition end (probePosition+1)
record-vs-legacy-20-30:4: set probeFontReference to font object of probeRange
record-vs-legacy-20-30:5: set probeLegacyRow to {name of probeFontReference as text,font size of probeFontReference,bold of probeFontReference,italic of probeFontRefe
record-vs-legacy-20-30:6: set probeFontRecord to (get properties of font object of probeRange) as record
record-vs-legacy-20-30:7: set probeShadingRecord to (get properties of shading of probeRange) as record
record-vs-legacy-20-30:8: set probeRecordRow to {name of probeFontRecord as text,font size of probeFontRecord,bold of probeFontRecord,italic of probeFontRecord,underl
record-vs-legacy-20-30:9: set probeLegacyJson to my jsonRows({probeLegacyRow})
record-vs-legacy-20-30:10: set probeRecordJson to my jsonRows({probeRecordRow})
record-vs-legacy-20-30:11: set probeEqual to (current application's NSString's stringWithString:probeLegacyJson)'s isEqualToString:probeRecordJson
record-vs-legacy-20-30:12: if not (probeEqual as boolean) then error "RECORD_VALUE_MISMATCH"
record-vs-legacy-20-30:13: set end of probeRows to {"same-coordinate",probePosition as integer,probeEqual as boolean,probeLegacyRow}
record-vs-legacy-20-30:3: set probeRange to create range boundDoc start probePosition end (probePosition+1)
record-vs-legacy-20-30:4: set probeFontReference to font object of probeRange
record-vs-legacy-20-30:5: set probeLegacyRow to {name of probeFontReference as text,font size of probeFontReference,bold of probeFontReference,italic of probeFontRefe
record-vs-legacy-20-30:6: set probeFontRecord to (get properties of font object of probeRange) as record
record-vs-legacy-20-30:7: set probeShadingRecord to (get properties of shading of probeRange) as record
record-vs-legacy-20-30:8: set probeRecordRow to {name of probeFontRecord as text,font size of probeFontRecord,bold of probeFontRecord,italic of probeFontRecord,underl
record-vs-legacy-20-30:9: set probeLegacyJson to my jsonRows({probeLegacyRow})
record-vs-legacy-20-30:10: set probeRecordJson to my jsonRows({probeRecordRow})
record-vs-legacy-20-30:11: set probeEqual to (current application's NSString's stringWithString:probeLegacyJson)'s isEqualToString:probeRecordJson
record-vs-legacy-20-30:12: if not (probeEqual as boolean) then error "RECORD_VALUE_MISMATCH"
record-vs-legacy-20-30:13: set end of probeRows to {"same-coordinate",probePosition as integer,probeEqual as boolean,probeLegacyRow}
record-vs-legacy-20-30:3: set probeRange to create range boundDoc start probePosition end (probePosition+1)
record-vs-legacy-20-30:4: set probeFontReference to font object of probeRange
record-vs-legacy-20-30:5: set probeLegacyRow to {name of probeFontReference as text,font size of probeFontReference,bold of probeFontReference,italic of probeFontRefe
record-vs-legacy-20-30:6: set probeFontRecord to (get properties of font object of probeRange) as record
record-vs-legacy-20-30:7: set probeShadingRecord to (get properties of shading of probeRange) as record
record-vs-legacy-20-30:8: set probeRecordRow to {name of probeFontRecord as text,font size of probeFontRecord,bold of probeFontRecord,italic of probeFontRecord,underl
record-vs-legacy-20-30:9: set probeLegacyJson to my jsonRows({probeLegacyRow})
record-vs-legacy-20-30:10: set probeRecordJson to my jsonRows({probeRecordRow})
record-vs-legacy-20-30:11: set probeEqual to (current application's NSString's stringWithString:probeLegacyJson)'s isEqualToString:probeRecordJson
record-vs-legacy-20-30:12: if not (probeEqual as boolean) then error "RECORD_VALUE_MISMATCH"
record-vs-legacy-20-30:13: set end of probeRows to {"same-coordinate",probePosition as integer,probeEqual as boolean,probeLegacyRow}
record-vs-legacy-20-30:3: set probeRange to create range boundDoc start probePosition end (probePosition+1)
record-vs-legacy-20-30:4: set probeFontReference to font object of probeRange
record-vs-legacy-20-30:5: set probeLegacyRow to {name of probeFontReference as text,font size of probeFontReference,bold of probeFontReference,italic of probeFontRefe
record-vs-legacy-20-30:6: set probeFontRecord to (get properties of font object of probeRange) as record
record-vs-legacy-20-30:7: set probeShadingRecord to (get properties of shading of probeRange) as record
record-vs-legacy-20-30:8: set probeRecordRow to {name of probeFontRecord as text,font size of probeFontRecord,bold of probeFontRecord,italic of probeFontRecord,underl
record-vs-legacy-20-30:9: set probeLegacyJson to my jsonRows({probeLegacyRow})
record-vs-legacy-20-30:10: set probeRecordJson to my jsonRows({probeRecordRow})
record-vs-legacy-20-30:11: set probeEqual to (current application's NSString's stringWithString:probeLegacyJson)'s isEqualToString:probeRecordJson
record-vs-legacy-20-30:12: if not (probeEqual as boolean) then error "RECORD_VALUE_MISMATCH"
record-vs-legacy-20-30:13: set end of probeRows to {"same-coordinate",probePosition as integer,probeEqual as boolean,probeLegacyRow}
record-vs-legacy-20-30:3: set probeRange to create range boundDoc start probePosition end (probePosition+1)
record-vs-legacy-20-30:4: set probeFontReference to font object of probeRange
record-vs-legacy-20-30:5: set probeLegacyRow to {name of probeFontReference as text,font size of probeFontReference,bold of probeFontReference,italic of probeFontRefe
record-vs-legacy-20-30:6: set probeFontRecord to (get properties of font object of probeRange) as record
record-vs-legacy-20-30:7: set probeShadingRecord to (get properties of shading of probeRange) as record
record-vs-legacy-20-30:8: set probeRecordRow to {name of probeFontRecord as text,font size of probeFontRecord,bold of probeFontRecord,italic of probeFontRecord,underl
record-vs-legacy-20-30:9: set probeLegacyJson to my jsonRows({probeLegacyRow})
record-vs-legacy-20-30:10: set probeRecordJson to my jsonRows({probeRecordRow})
record-vs-legacy-20-30:11: set probeEqual to (current application's NSString's stringWithString:probeLegacyJson)'s isEqualToString:probeRecordJson
record-vs-legacy-20-30:12: if not (probeEqual as boolean) then error "RECORD_VALUE_MISMATCH"
record-vs-legacy-20-30:13: set end of probeRows to {"same-coordinate",probePosition as integer,probeEqual as boolean,probeLegacyRow}
record-vs-legacy-20-30:3: set probeRange to create range boundDoc start probePosition end (probePosition+1)
record-vs-legacy-20-30:4: set probeFontReference to font object of probeRange
record-vs-legacy-20-30:5: set probeLegacyRow to {name of probeFontReference as text,font size of probeFontReference,bold of probeFontReference,italic of probeFontRefe
record-vs-legacy-20-30:6: set probeFontRecord to (get properties of font object of probeRange) as record
record-vs-legacy-20-30:7: set probeShadingRecord to (get properties of shading of probeRange) as record
record-vs-legacy-20-30:8: set probeRecordRow to {name of probeFontRecord as text,font size of probeFontRecord,bold of probeFontRecord,italic of probeFontRecord,underl
record-vs-legacy-20-30:9: set probeLegacyJson to my jsonRows({probeLegacyRow})
record-vs-legacy-20-30:10: set probeRecordJson to my jsonRows({probeRecordRow})
record-vs-legacy-20-30:11: set probeEqual to (current application's NSString's stringWithString:probeLegacyJson)'s isEqualToString:probeRecordJson
record-vs-legacy-20-30:12: if not (probeEqual as boolean) then error "RECORD_VALUE_MISMATCH"
record-vs-legacy-20-30:13: set end of probeRows to {"same-coordinate",probePosition as integer,probeEqual as boolean,probeLegacyRow}
record-vs-legacy-20-30:3: set probeRange to create range boundDoc start probePosition end (probePosition+1)
record-vs-legacy-20-30:4: set probeFontReference to font object of probeRange
record-vs-legacy-20-30:5: set probeLegacyRow to {name of probeFontReference as text,font size of probeFontReference,bold of probeFontReference,italic of probeFontRefe
record-vs-legacy-20-30:6: set probeFontRecord to (get properties of font object of probeRange) as record
record-vs-legacy-20-30:7: set probeShadingRecord to (get properties of shading of probeRange) as record
record-vs-legacy-20-30:8: set probeRecordRow to {name of probeFontRecord as text,font size of probeFontRecord,bold of probeFontRecord,italic of probeFontRecord,underl
record-vs-legacy-20-30:9: set probeLegacyJson to my jsonRows({probeLegacyRow})
record-vs-legacy-20-30:10: set probeRecordJson to my jsonRows({probeRecordRow})
record-vs-legacy-20-30:11: set probeEqual to (current application's NSString's stringWithString:probeLegacyJson)'s isEqualToString:probeRecordJson
record-vs-legacy-20-30:12: if not (probeEqual as boolean) then error "RECORD_VALUE_MISMATCH"
record-vs-legacy-20-30:13: set end of probeRows to {"same-coordinate",probePosition as integer,probeEqual as boolean,probeLegacyRow}

["WPSCOMPOSER_WORD_SESSION_OK",[["read-ok",[["same-coordinate",20,true,["DengXian",11,false,false,"underline none",[0,0,0],[0,0,0]]],["same-coordinate",21,true,["DengXian",11,false,false,"underline none",[0,0,0],[0,0,0]]],["same-coordinate",22,true,["DengXian",11,false,false,"underline none",[0,0,0],[0,0,0]]],["same-coordinate",23,true,["DengXian",11,false,false,"underline none",[0,0,0],[0,0,0]]],["same-coordinate",24,true,["DengXian",11,false,false,"underline none",[0,0,0],[0,0,0]]],["same-coordinate",25,true,["DengXian",11,false,false,"underline none",[0,0,0],[0,0,0]]],["same-coordinate",26,true,["DengXian",11,false,false,"underline none",[0,0,0],[0,0,0]]],["same-coordinate",27,true,["DengXian",11,false,false,"underline none",[0,0,0],[0,0,0]]],["same-coordinate",28,true,["DengXian",11,false,false,"underline none",[0,0,0],[0,0,0]]],["same-coordinate",29,true,["DengXian",11,false,false,"underline none",[0,0,0],[0,0,0]]]]]]]
