record-vs-legacy-150-160:0: set probeFirst to 150
record-vs-legacy-150-160:1: set probeLast to 159
record-vs-legacy-150-160:2: repeat with probePosition from probeFirst to probeLast
record-vs-legacy-150-160:3: set probeRange to create range boundDoc start probePosition end (probePosition+1)
record-vs-legacy-150-160:4: set probeFontReference to font object of probeRange
record-vs-legacy-150-160:5: set probeLegacyRow to {name of probeFontReference as text,font size of probeFontReference,bold of probeFontReference,italic of probeFontRefe
record-vs-legacy-150-160:6: set probeFontRecord to (get properties of font object of probeRange) as record
record-vs-legacy-150-160:7: set probeShadingRecord to (get properties of shading of probeRange) as record
record-vs-legacy-150-160:8: set probeRecordRow to {name of probeFontRecord as text,font size of probeFontRecord,bold of probeFontRecord,italic of probeFontRecord,underl
record-vs-legacy-150-160:9: set probeLegacyJson to my jsonRows({probeLegacyRow})
record-vs-legacy-150-160:10: set probeRecordJson to my jsonRows({probeRecordRow})
record-vs-legacy-150-160:11: set probeEqual to (current application's NSString's stringWithString:probeLegacyJson)'s isEqualToString:probeRecordJson
record-vs-legacy-150-160:12: if not (probeEqual as boolean) then error "RECORD_VALUE_MISMATCH"
record-vs-legacy-150-160:13: set end of probeRows to {"same-coordinate",probePosition as integer,probeEqual as boolean,probeLegacyRow}
record-vs-legacy-150-160:3: set probeRange to create range boundDoc start probePosition end (probePosition+1)
record-vs-legacy-150-160:4: set probeFontReference to font object of probeRange
record-vs-legacy-150-160:5: set probeLegacyRow to {name of probeFontReference as text,font size of probeFontReference,bold of probeFontReference,italic of probeFontRefe
record-vs-legacy-150-160:6: set probeFontRecord to (get properties of font object of probeRange) as record
record-vs-legacy-150-160:7: set probeShadingRecord to (get properties of shading of probeRange) as record
record-vs-legacy-150-160:8: set probeRecordRow to {name of probeFontRecord as text,font size of probeFontRecord,bold of probeFontRecord,italic of probeFontRecord,underl
record-vs-legacy-150-160:9: set probeLegacyJson to my jsonRows({probeLegacyRow})
record-vs-legacy-150-160:10: set probeRecordJson to my jsonRows({probeRecordRow})
record-vs-legacy-150-160:11: set probeEqual to (current application's NSString's stringWithString:probeLegacyJson)'s isEqualToString:probeRecordJson
record-vs-legacy-150-160:12: if not (probeEqual as boolean) then error "RECORD_VALUE_MISMATCH"
record-vs-legacy-150-160:13: set end of probeRows to {"same-coordinate",probePosition as integer,probeEqual as boolean,probeLegacyRow}
record-vs-legacy-150-160:3: set probeRange to create range boundDoc start probePosition end (probePosition+1)
record-vs-legacy-150-160:4: set probeFontReference to font object of probeRange
record-vs-legacy-150-160:5: set probeLegacyRow to {name of probeFontReference as text,font size of probeFontReference,bold of probeFontReference,italic of probeFontRefe
record-vs-legacy-150-160:6: set probeFontRecord to (get properties of font object of probeRange) as record
record-vs-legacy-150-160:7: set probeShadingRecord to (get properties of shading of probeRange) as record
record-vs-legacy-150-160:8: set probeRecordRow to {name of probeFontRecord as text,font size of probeFontRecord,bold of probeFontRecord,italic of probeFontRecord,underl
record-vs-legacy-150-160:9: set probeLegacyJson to my jsonRows({probeLegacyRow})
record-vs-legacy-150-160:10: set probeRecordJson to my jsonRows({probeRecordRow})
record-vs-legacy-150-160:11: set probeEqual to (current application's NSString's stringWithString:probeLegacyJson)'s isEqualToString:probeRecordJson
record-vs-legacy-150-160:12: if not (probeEqual as boolean) then error "RECORD_VALUE_MISMATCH"
record-vs-legacy-150-160:13: set end of probeRows to {"same-coordinate",probePosition as integer,probeEqual as boolean,probeLegacyRow}
record-vs-legacy-150-160:3: set probeRange to create range boundDoc start probePosition end (probePosition+1)
record-vs-legacy-150-160:4: set probeFontReference to font object of probeRange
record-vs-legacy-150-160:5: set probeLegacyRow to {name of probeFontReference as text,font size of probeFontReference,bold of probeFontReference,italic of probeFontRefe
record-vs-legacy-150-160:6: set probeFontRecord to (get properties of font object of probeRange) as record
record-vs-legacy-150-160:7: set probeShadingRecord to (get properties of shading of probeRange) as record
record-vs-legacy-150-160:8: set probeRecordRow to {name of probeFontRecord as text,font size of probeFontRecord,bold of probeFontRecord,italic of probeFontRecord,underl
record-vs-legacy-150-160:9: set probeLegacyJson to my jsonRows({probeLegacyRow})
record-vs-legacy-150-160:10: set probeRecordJson to my jsonRows({probeRecordRow})
record-vs-legacy-150-160:11: set probeEqual to (current application's NSString's stringWithString:probeLegacyJson)'s isEqualToString:probeRecordJson
record-vs-legacy-150-160:12: if not (probeEqual as boolean) then error "RECORD_VALUE_MISMATCH"
record-vs-legacy-150-160:13: set end of probeRows to {"same-coordinate",probePosition as integer,probeEqual as boolean,probeLegacyRow}
record-vs-legacy-150-160:3: set probeRange to create range boundDoc start probePosition end (probePosition+1)
record-vs-legacy-150-160:4: set probeFontReference to font object of probeRange
record-vs-legacy-150-160:5: set probeLegacyRow to {name of probeFontReference as text,font size of probeFontReference,bold of probeFontReference,italic of probeFontRefe
record-vs-legacy-150-160:6: set probeFontRecord to (get properties of font object of probeRange) as record
record-vs-legacy-150-160:7: set probeShadingRecord to (get properties of shading of probeRange) as record
record-vs-legacy-150-160:8: set probeRecordRow to {name of probeFontRecord as text,font size of probeFontRecord,bold of probeFontRecord,italic of probeFontRecord,underl
record-vs-legacy-150-160:9: set probeLegacyJson to my jsonRows({probeLegacyRow})
record-vs-legacy-150-160:10: set probeRecordJson to my jsonRows({probeRecordRow})
record-vs-legacy-150-160:11: set probeEqual to (current application's NSString's stringWithString:probeLegacyJson)'s isEqualToString:probeRecordJson
record-vs-legacy-150-160:12: if not (probeEqual as boolean) then error "RECORD_VALUE_MISMATCH"
record-vs-legacy-150-160:13: set end of probeRows to {"same-coordinate",probePosition as integer,probeEqual as boolean,probeLegacyRow}
record-vs-legacy-150-160:3: set probeRange to create range boundDoc start probePosition end (probePosition+1)
record-vs-legacy-150-160:4: set probeFontReference to font object of probeRange
record-vs-legacy-150-160:5: set probeLegacyRow to {name of probeFontReference as text,font size of probeFontReference,bold of probeFontReference,italic of probeFontRefe
record-vs-legacy-150-160:6: set probeFontRecord to (get properties of font object of probeRange) as record
record-vs-legacy-150-160:7: set probeShadingRecord to (get properties of shading of probeRange) as record
record-vs-legacy-150-160:8: set probeRecordRow to {name of probeFontRecord as text,font size of probeFontRecord,bold of probeFontRecord,italic of probeFontRecord,underl
record-vs-legacy-150-160:9: set probeLegacyJson to my jsonRows({probeLegacyRow})
record-vs-legacy-150-160:10: set probeRecordJson to my jsonRows({probeRecordRow})
record-vs-legacy-150-160:11: set probeEqual to (current application's NSString's stringWithString:probeLegacyJson)'s isEqualToString:probeRecordJson
record-vs-legacy-150-160:12: if not (probeEqual as boolean) then error "RECORD_VALUE_MISMATCH"
record-vs-legacy-150-160:13: set end of probeRows to {"same-coordinate",probePosition as integer,probeEqual as boolean,probeLegacyRow}
record-vs-legacy-150-160:3: set probeRange to create range boundDoc start probePosition end (probePosition+1)
record-vs-legacy-150-160:4: set probeFontReference to font object of probeRange
record-vs-legacy-150-160:5: set probeLegacyRow to {name of probeFontReference as text,font size of probeFontReference,bold of probeFontReference,italic of probeFontRefe
record-vs-legacy-150-160:6: set probeFontRecord to (get properties of font object of probeRange) as record
record-vs-legacy-150-160:7: set probeShadingRecord to (get properties of shading of probeRange) as record
record-vs-legacy-150-160:8: set probeRecordRow to {name of probeFontRecord as text,font size of probeFontRecord,bold of probeFontRecord,italic of probeFontRecord,underl
record-vs-legacy-150-160:9: set probeLegacyJson to my jsonRows({probeLegacyRow})
record-vs-legacy-150-160:10: set probeRecordJson to my jsonRows({probeRecordRow})
record-vs-legacy-150-160:11: set probeEqual to (current application's NSString's stringWithString:probeLegacyJson)'s isEqualToString:probeRecordJson
record-vs-legacy-150-160:12: if not (probeEqual as boolean) then error "RECORD_VALUE_MISMATCH"
record-vs-legacy-150-160:13: set end of probeRows to {"same-coordinate",probePosition as integer,probeEqual as boolean,probeLegacyRow}
record-vs-legacy-150-160:3: set probeRange to create range boundDoc start probePosition end (probePosition+1)
record-vs-legacy-150-160:4: set probeFontReference to font object of probeRange
record-vs-legacy-150-160:5: set probeLegacyRow to {name of probeFontReference as text,font size of probeFontReference,bold of probeFontReference,italic of probeFontRefe
record-vs-legacy-150-160:6: set probeFontRecord to (get properties of font object of probeRange) as record
record-vs-legacy-150-160:7: set probeShadingRecord to (get properties of shading of probeRange) as record
record-vs-legacy-150-160:8: set probeRecordRow to {name of probeFontRecord as text,font size of probeFontRecord,bold of probeFontRecord,italic of probeFontRecord,underl
record-vs-legacy-150-160:9: set probeLegacyJson to my jsonRows({probeLegacyRow})
record-vs-legacy-150-160:10: set probeRecordJson to my jsonRows({probeRecordRow})
record-vs-legacy-150-160:11: set probeEqual to (current application's NSString's stringWithString:probeLegacyJson)'s isEqualToString:probeRecordJson
record-vs-legacy-150-160:12: if not (probeEqual as boolean) then error "RECORD_VALUE_MISMATCH"
record-vs-legacy-150-160:13: set end of probeRows to {"same-coordinate",probePosition as integer,probeEqual as boolean,probeLegacyRow}
record-vs-legacy-150-160:3: set probeRange to create range boundDoc start probePosition end (probePosition+1)
record-vs-legacy-150-160:4: set probeFontReference to font object of probeRange
record-vs-legacy-150-160:5: set probeLegacyRow to {name of probeFontReference as text,font size of probeFontReference,bold of probeFontReference,italic of probeFontRefe
record-vs-legacy-150-160:6: set probeFontRecord to (get properties of font object of probeRange) as record
record-vs-legacy-150-160:7: set probeShadingRecord to (get properties of shading of probeRange) as record
record-vs-legacy-150-160:8: set probeRecordRow to {name of probeFontRecord as text,font size of probeFontRecord,bold of probeFontRecord,italic of probeFontRecord,underl
record-vs-legacy-150-160:9: set probeLegacyJson to my jsonRows({probeLegacyRow})
record-vs-legacy-150-160:10: set probeRecordJson to my jsonRows({probeRecordRow})
record-vs-legacy-150-160:11: set probeEqual to (current application's NSString's stringWithString:probeLegacyJson)'s isEqualToString:probeRecordJson
record-vs-legacy-150-160:12: if not (probeEqual as boolean) then error "RECORD_VALUE_MISMATCH"
record-vs-legacy-150-160:13: set end of probeRows to {"same-coordinate",probePosition as integer,probeEqual as boolean,probeLegacyRow}
record-vs-legacy-150-160:3: set probeRange to create range boundDoc start probePosition end (probePosition+1)
record-vs-legacy-150-160:4: set probeFontReference to font object of probeRange
record-vs-legacy-150-160:5: set probeLegacyRow to {name of probeFontReference as text,font size of probeFontReference,bold of probeFontReference,italic of probeFontRefe
record-vs-legacy-150-160:6: set probeFontRecord to (get properties of font object of probeRange) as record
record-vs-legacy-150-160:7: set probeShadingRecord to (get properties of shading of probeRange) as record
record-vs-legacy-150-160:8: set probeRecordRow to {name of probeFontRecord as text,font size of probeFontRecord,bold of probeFontRecord,italic of probeFontRecord,underl
record-vs-legacy-150-160:9: set probeLegacyJson to my jsonRows({probeLegacyRow})
record-vs-legacy-150-160:10: set probeRecordJson to my jsonRows({probeRecordRow})
record-vs-legacy-150-160:11: set probeEqual to (current application's NSString's stringWithString:probeLegacyJson)'s isEqualToString:probeRecordJson
record-vs-legacy-150-160:12: if not (probeEqual as boolean) then error "RECORD_VALUE_MISMATCH"
record-vs-legacy-150-160:13: set end of probeRows to {"same-coordinate",probePosition as integer,probeEqual as boolean,probeLegacyRow}

["WPSCOMPOSER_WORD_SESSION_OK",[["read-ok",[["same-coordinate",150,true,["DengXian",11,false,false,"underline none",[0,0,0],[0,0,0]]],["same-coordinate",151,true,["DengXian",11,false,false,"underline none",[0,0,0],[0,0,0]]],["same-coordinate",152,true,["DengXian",11,false,false,"underline none",[0,0,0],[0,0,0]]],["same-coordinate",153,true,["DengXian",11,false,false,"underline none",[0,0,0],[0,0,0]]],["same-coordinate",154,true,["DengXian",11,false,false,"underline none",[0,0,0],[0,0,0]]],["same-coordinate",155,true,["DengXian",11,false,false,"underline none",[0,0,0],[0,0,0]]],["same-coordinate",156,true,["DengXian",11,false,false,"underline none",[0,0,0],[0,0,0]]],["same-coordinate",157,true,["DengXian",11,false,false,"underline none",[0,0,0],[0,0,0]]],["same-coordinate",158,true,["DengXian",11,false,false,"underline none",[0,0,0],[0,0,0]]],["same-coordinate",159,true,["DengXian",11,false,false,"underline none",[0,0,0],[0,0,0]]]]]]]
