record-vs-legacy-10-20:0: set probeFirst to 10
record-vs-legacy-10-20:1: set probeLast to 19
record-vs-legacy-10-20:2: repeat with probePosition from probeFirst to probeLast
record-vs-legacy-10-20:3: set probeRange to create range boundDoc start probePosition end (probePosition+1)
record-vs-legacy-10-20:4: set probeFontReference to font object of probeRange
record-vs-legacy-10-20:5: set probeLegacyRow to {name of probeFontReference as text,font size of probeFontReference,bold of probeFontReference,italic of probeFontRefe
record-vs-legacy-10-20:6: set probeFontRecord to (get properties of font object of probeRange) as record
record-vs-legacy-10-20:7: set probeShadingRecord to (get properties of shading of probeRange) as record
record-vs-legacy-10-20:8: set probeRecordRow to {name of probeFontRecord as text,font size of probeFontRecord,bold of probeFontRecord,italic of probeFontRecord,underl
record-vs-legacy-10-20:9: set probeLegacyJson to my jsonRows({probeLegacyRow})
record-vs-legacy-10-20:10: set probeRecordJson to my jsonRows({probeRecordRow})
record-vs-legacy-10-20:11: set probeEqual to (current application's NSString's stringWithString:probeLegacyJson)'s isEqualToString:probeRecordJson
record-vs-legacy-10-20:12: if not (probeEqual as boolean) then error "RECORD_VALUE_MISMATCH"
record-vs-legacy-10-20:13: set end of probeRows to {"same-coordinate",probePosition as integer,probeEqual as boolean}
record-vs-legacy-10-20:3: set probeRange to create range boundDoc start probePosition end (probePosition+1)
record-vs-legacy-10-20:4: set probeFontReference to font object of probeRange
record-vs-legacy-10-20:5: set probeLegacyRow to {name of probeFontReference as text,font size of probeFontReference,bold of probeFontReference,italic of probeFontRefe
record-vs-legacy-10-20:6: set probeFontRecord to (get properties of font object of probeRange) as record
record-vs-legacy-10-20:7: set probeShadingRecord to (get properties of shading of probeRange) as record
record-vs-legacy-10-20:8: set probeRecordRow to {name of probeFontRecord as text,font size of probeFontRecord,bold of probeFontRecord,italic of probeFontRecord,underl
record-vs-legacy-10-20:9: set probeLegacyJson to my jsonRows({probeLegacyRow})
record-vs-legacy-10-20:10: set probeRecordJson to my jsonRows({probeRecordRow})
record-vs-legacy-10-20:11: set probeEqual to (current application's NSString's stringWithString:probeLegacyJson)'s isEqualToString:probeRecordJson
record-vs-legacy-10-20:12: if not (probeEqual as boolean) then error "RECORD_VALUE_MISMATCH"
record-vs-legacy-10-20:13: set end of probeRows to {"same-coordinate",probePosition as integer,probeEqual as boolean}
record-vs-legacy-10-20:3: set probeRange to create range boundDoc start probePosition end (probePosition+1)
record-vs-legacy-10-20:4: set probeFontReference to font object of probeRange
record-vs-legacy-10-20:5: set probeLegacyRow to {name of probeFontReference as text,font size of probeFontReference,bold of probeFontReference,italic of probeFontRefe
record-vs-legacy-10-20:6: set probeFontRecord to (get properties of font object of probeRange) as record
record-vs-legacy-10-20:7: set probeShadingRecord to (get properties of shading of probeRange) as record
record-vs-legacy-10-20:8: set probeRecordRow to {name of probeFontRecord as text,font size of probeFontRecord,bold of probeFontRecord,italic of probeFontRecord,underl
record-vs-legacy-10-20:9: set probeLegacyJson to my jsonRows({probeLegacyRow})
record-vs-legacy-10-20:10: set probeRecordJson to my jsonRows({probeRecordRow})
record-vs-legacy-10-20:11: set probeEqual to (current application's NSString's stringWithString:probeLegacyJson)'s isEqualToString:probeRecordJson
record-vs-legacy-10-20:12: if not (probeEqual as boolean) then error "RECORD_VALUE_MISMATCH"
record-vs-legacy-10-20:13: set end of probeRows to {"same-coordinate",probePosition as integer,probeEqual as boolean}
record-vs-legacy-10-20:3: set probeRange to create range boundDoc start probePosition end (probePosition+1)
record-vs-legacy-10-20:4: set probeFontReference to font object of probeRange
record-vs-legacy-10-20:5: set probeLegacyRow to {name of probeFontReference as text,font size of probeFontReference,bold of probeFontReference,italic of probeFontRefe
record-vs-legacy-10-20:6: set probeFontRecord to (get properties of font object of probeRange) as record
record-vs-legacy-10-20:7: set probeShadingRecord to (get properties of shading of probeRange) as record
record-vs-legacy-10-20:8: set probeRecordRow to {name of probeFontRecord as text,font size of probeFontRecord,bold of probeFontRecord,italic of probeFontRecord,underl
record-vs-legacy-10-20:9: set probeLegacyJson to my jsonRows({probeLegacyRow})
record-vs-legacy-10-20:10: set probeRecordJson to my jsonRows({probeRecordRow})
record-vs-legacy-10-20:11: set probeEqual to (current application's NSString's stringWithString:probeLegacyJson)'s isEqualToString:probeRecordJson
record-vs-legacy-10-20:12: if not (probeEqual as boolean) then error "RECORD_VALUE_MISMATCH"
record-vs-legacy-10-20:13: set end of probeRows to {"same-coordinate",probePosition as integer,probeEqual as boolean}
record-vs-legacy-10-20:3: set probeRange to create range boundDoc start probePosition end (probePosition+1)
record-vs-legacy-10-20:4: set probeFontReference to font object of probeRange
record-vs-legacy-10-20:5: set probeLegacyRow to {name of probeFontReference as text,font size of probeFontReference,bold of probeFontReference,italic of probeFontRefe
record-vs-legacy-10-20:6: set probeFontRecord to (get properties of font object of probeRange) as record
record-vs-legacy-10-20:7: set probeShadingRecord to (get properties of shading of probeRange) as record
record-vs-legacy-10-20:8: set probeRecordRow to {name of probeFontRecord as text,font size of probeFontRecord,bold of probeFontRecord,italic of probeFontRecord,underl
record-vs-legacy-10-20:9: set probeLegacyJson to my jsonRows({probeLegacyRow})
record-vs-legacy-10-20:10: set probeRecordJson to my jsonRows({probeRecordRow})
record-vs-legacy-10-20:11: set probeEqual to (current application's NSString's stringWithString:probeLegacyJson)'s isEqualToString:probeRecordJson
record-vs-legacy-10-20:12: if not (probeEqual as boolean) then error "RECORD_VALUE_MISMATCH"
record-vs-legacy-10-20:13: set end of probeRows to {"same-coordinate",probePosition as integer,probeEqual as boolean}
record-vs-legacy-10-20:3: set probeRange to create range boundDoc start probePosition end (probePosition+1)
record-vs-legacy-10-20:4: set probeFontReference to font object of probeRange
record-vs-legacy-10-20:5: set probeLegacyRow to {name of probeFontReference as text,font size of probeFontReference,bold of probeFontReference,italic of probeFontRefe
record-vs-legacy-10-20:6: set probeFontRecord to (get properties of font object of probeRange) as record
record-vs-legacy-10-20:7: set probeShadingRecord to (get properties of shading of probeRange) as record
record-vs-legacy-10-20:8: set probeRecordRow to {name of probeFontRecord as text,font size of probeFontRecord,bold of probeFontRecord,italic of probeFontRecord,underl
record-vs-legacy-10-20:9: set probeLegacyJson to my jsonRows({probeLegacyRow})
record-vs-legacy-10-20:10: set probeRecordJson to my jsonRows({probeRecordRow})
record-vs-legacy-10-20:11: set probeEqual to (current application's NSString's stringWithString:probeLegacyJson)'s isEqualToString:probeRecordJson
record-vs-legacy-10-20:12: if not (probeEqual as boolean) then error "RECORD_VALUE_MISMATCH"
record-vs-legacy-10-20:13: set end of probeRows to {"same-coordinate",probePosition as integer,probeEqual as boolean}
record-vs-legacy-10-20:3: set probeRange to create range boundDoc start probePosition end (probePosition+1)
record-vs-legacy-10-20:4: set probeFontReference to font object of probeRange
record-vs-legacy-10-20:5: set probeLegacyRow to {name of probeFontReference as text,font size of probeFontReference,bold of probeFontReference,italic of probeFontRefe
record-vs-legacy-10-20:6: set probeFontRecord to (get properties of font object of probeRange) as record
record-vs-legacy-10-20:7: set probeShadingRecord to (get properties of shading of probeRange) as record
record-vs-legacy-10-20:8: set probeRecordRow to {name of probeFontRecord as text,font size of probeFontRecord,bold of probeFontRecord,italic of probeFontRecord,underl
record-vs-legacy-10-20:9: set probeLegacyJson to my jsonRows({probeLegacyRow})
record-vs-legacy-10-20:10: set probeRecordJson to my jsonRows({probeRecordRow})
record-vs-legacy-10-20:11: set probeEqual to (current application's NSString's stringWithString:probeLegacyJson)'s isEqualToString:probeRecordJson
record-vs-legacy-10-20:12: if not (probeEqual as boolean) then error "RECORD_VALUE_MISMATCH"
record-vs-legacy-10-20:13: set end of probeRows to {"same-coordinate",probePosition as integer,probeEqual as boolean}
record-vs-legacy-10-20:3: set probeRange to create range boundDoc start probePosition end (probePosition+1)
record-vs-legacy-10-20:4: set probeFontReference to font object of probeRange
record-vs-legacy-10-20:5: set probeLegacyRow to {name of probeFontReference as text,font size of probeFontReference,bold of probeFontReference,italic of probeFontRefe
record-vs-legacy-10-20:6: set probeFontRecord to (get properties of font object of probeRange) as record
record-vs-legacy-10-20:7: set probeShadingRecord to (get properties of shading of probeRange) as record
record-vs-legacy-10-20:8: set probeRecordRow to {name of probeFontRecord as text,font size of probeFontRecord,bold of probeFontRecord,italic of probeFontRecord,underl
record-vs-legacy-10-20:9: set probeLegacyJson to my jsonRows({probeLegacyRow})
record-vs-legacy-10-20:10: set probeRecordJson to my jsonRows({probeRecordRow})
record-vs-legacy-10-20:11: set probeEqual to (current application's NSString's stringWithString:probeLegacyJson)'s isEqualToString:probeRecordJson
record-vs-legacy-10-20:12: if not (probeEqual as boolean) then error "RECORD_VALUE_MISMATCH"
record-vs-legacy-10-20:13: set end of probeRows to {"same-coordinate",probePosition as integer,probeEqual as boolean}
record-vs-legacy-10-20:3: set probeRange to create range boundDoc start probePosition end (probePosition+1)
record-vs-legacy-10-20:4: set probeFontReference to font object of probeRange
record-vs-legacy-10-20:5: set probeLegacyRow to {name of probeFontReference as text,font size of probeFontReference,bold of probeFontReference,italic of probeFontRefe
record-vs-legacy-10-20:6: set probeFontRecord to (get properties of font object of probeRange) as record
record-vs-legacy-10-20:7: set probeShadingRecord to (get properties of shading of probeRange) as record
record-vs-legacy-10-20:8: set probeRecordRow to {name of probeFontRecord as text,font size of probeFontRecord,bold of probeFontRecord,italic of probeFontRecord,underl
record-vs-legacy-10-20:9: set probeLegacyJson to my jsonRows({probeLegacyRow})
record-vs-legacy-10-20:10: set probeRecordJson to my jsonRows({probeRecordRow})
record-vs-legacy-10-20:11: set probeEqual to (current application's NSString's stringWithString:probeLegacyJson)'s isEqualToString:probeRecordJson
record-vs-legacy-10-20:12: if not (probeEqual as boolean) then error "RECORD_VALUE_MISMATCH"
record-vs-legacy-10-20:13: set end of probeRows to {"same-coordinate",probePosition as integer,probeEqual as boolean}
record-vs-legacy-10-20:3: set probeRange to create range boundDoc start probePosition end (probePosition+1)
record-vs-legacy-10-20:4: set probeFontReference to font object of probeRange
record-vs-legacy-10-20:5: set probeLegacyRow to {name of probeFontReference as text,font size of probeFontReference,bold of probeFontReference,italic of probeFontRefe
record-vs-legacy-10-20:6: set probeFontRecord to (get properties of font object of probeRange) as record
record-vs-legacy-10-20:7: set probeShadingRecord to (get properties of shading of probeRange) as record
record-vs-legacy-10-20:8: set probeRecordRow to {name of probeFontRecord as text,font size of probeFontRecord,bold of probeFontRecord,italic of probeFontRecord,underl
record-vs-legacy-10-20:9: set probeLegacyJson to my jsonRows({probeLegacyRow})
record-vs-legacy-10-20:10: set probeRecordJson to my jsonRows({probeRecordRow})
record-vs-legacy-10-20:11: set probeEqual to (current application's NSString's stringWithString:probeLegacyJson)'s isEqualToString:probeRecordJson
record-vs-legacy-10-20:12: if not (probeEqual as boolean) then error "RECORD_VALUE_MISMATCH"
record-vs-legacy-10-20:13: set end of probeRows to {"same-coordinate",probePosition as integer,probeEqual as boolean}

["WPSCOMPOSER_WORD_SESSION_OK",[["read-ok",[["same-coordinate",10,true],["same-coordinate",11,true],["same-coordinate",12,true],["same-coordinate",13,true],["same-coordinate",14,true],["same-coordinate",15,true],["same-coordinate",16,true],["same-coordinate",17,true],["same-coordinate",18,true],["same-coordinate",19,true]]]]]
