record-vs-legacy-180-190:0: set probeFirst to 180
record-vs-legacy-180-190:1: set probeLast to 189
record-vs-legacy-180-190:2: repeat with probePosition from probeFirst to probeLast
record-vs-legacy-180-190:3: set probeRange to create range boundDoc start probePosition end (probePosition+1)
record-vs-legacy-180-190:4: set probeFontReference to font object of probeRange
record-vs-legacy-180-190:5: set probeLegacyRow to {name of probeFontReference as text,font size of probeFontReference,bold of probeFontReference,italic of probeFontRefe
record-vs-legacy-180-190:6: set probeFontRecord to (get properties of font object of probeRange) as record
record-vs-legacy-180-190:7: set probeShadingRecord to (get properties of shading of probeRange) as record
record-vs-legacy-180-190:8: set probeRecordRow to {name of probeFontRecord as text,font size of probeFontRecord,bold of probeFontRecord,italic of probeFontRecord,underl
record-vs-legacy-180-190:9: set probeLegacyJson to my jsonRows({probeLegacyRow})
record-vs-legacy-180-190:10: set probeRecordJson to my jsonRows({probeRecordRow})
record-vs-legacy-180-190:11: set probeEqual to (current application's NSString's stringWithString:probeLegacyJson)'s isEqualToString:probeRecordJson
record-vs-legacy-180-190:12: if not (probeEqual as boolean) then error "RECORD_VALUE_MISMATCH"
record-vs-legacy-180-190:13: set end of probeRows to {"same-coordinate",probePosition as integer,probeEqual as boolean}
record-vs-legacy-180-190:3: set probeRange to create range boundDoc start probePosition end (probePosition+1)
record-vs-legacy-180-190:4: set probeFontReference to font object of probeRange
record-vs-legacy-180-190:5: set probeLegacyRow to {name of probeFontReference as text,font size of probeFontReference,bold of probeFontReference,italic of probeFontRefe
record-vs-legacy-180-190:6: set probeFontRecord to (get properties of font object of probeRange) as record
record-vs-legacy-180-190:7: set probeShadingRecord to (get properties of shading of probeRange) as record
record-vs-legacy-180-190:8: set probeRecordRow to {name of probeFontRecord as text,font size of probeFontRecord,bold of probeFontRecord,italic of probeFontRecord,underl
record-vs-legacy-180-190:9: set probeLegacyJson to my jsonRows({probeLegacyRow})
record-vs-legacy-180-190:10: set probeRecordJson to my jsonRows({probeRecordRow})
record-vs-legacy-180-190:11: set probeEqual to (current application's NSString's stringWithString:probeLegacyJson)'s isEqualToString:probeRecordJson
record-vs-legacy-180-190:12: if not (probeEqual as boolean) then error "RECORD_VALUE_MISMATCH"
record-vs-legacy-180-190:13: set end of probeRows to {"same-coordinate",probePosition as integer,probeEqual as boolean}
record-vs-legacy-180-190:3: set probeRange to create range boundDoc start probePosition end (probePosition+1)
record-vs-legacy-180-190:4: set probeFontReference to font object of probeRange
record-vs-legacy-180-190:5: set probeLegacyRow to {name of probeFontReference as text,font size of probeFontReference,bold of probeFontReference,italic of probeFontRefe
record-vs-legacy-180-190:6: set probeFontRecord to (get properties of font object of probeRange) as record
record-vs-legacy-180-190:7: set probeShadingRecord to (get properties of shading of probeRange) as record
record-vs-legacy-180-190:8: set probeRecordRow to {name of probeFontRecord as text,font size of probeFontRecord,bold of probeFontRecord,italic of probeFontRecord,underl
record-vs-legacy-180-190:9: set probeLegacyJson to my jsonRows({probeLegacyRow})
record-vs-legacy-180-190:10: set probeRecordJson to my jsonRows({probeRecordRow})
record-vs-legacy-180-190:11: set probeEqual to (current application's NSString's stringWithString:probeLegacyJson)'s isEqualToString:probeRecordJson
record-vs-legacy-180-190:12: if not (probeEqual as boolean) then error "RECORD_VALUE_MISMATCH"
record-vs-legacy-180-190:13: set end of probeRows to {"same-coordinate",probePosition as integer,probeEqual as boolean}
record-vs-legacy-180-190:3: set probeRange to create range boundDoc start probePosition end (probePosition+1)
record-vs-legacy-180-190:4: set probeFontReference to font object of probeRange
record-vs-legacy-180-190:5: set probeLegacyRow to {name of probeFontReference as text,font size of probeFontReference,bold of probeFontReference,italic of probeFontRefe
record-vs-legacy-180-190:6: set probeFontRecord to (get properties of font object of probeRange) as record
record-vs-legacy-180-190:7: set probeShadingRecord to (get properties of shading of probeRange) as record
record-vs-legacy-180-190:8: set probeRecordRow to {name of probeFontRecord as text,font size of probeFontRecord,bold of probeFontRecord,italic of probeFontRecord,underl
record-vs-legacy-180-190:9: set probeLegacyJson to my jsonRows({probeLegacyRow})
record-vs-legacy-180-190:10: set probeRecordJson to my jsonRows({probeRecordRow})
record-vs-legacy-180-190:11: set probeEqual to (current application's NSString's stringWithString:probeLegacyJson)'s isEqualToString:probeRecordJson
record-vs-legacy-180-190:12: if not (probeEqual as boolean) then error "RECORD_VALUE_MISMATCH"
record-vs-legacy-180-190:13: set end of probeRows to {"same-coordinate",probePosition as integer,probeEqual as boolean}
record-vs-legacy-180-190:3: set probeRange to create range boundDoc start probePosition end (probePosition+1)
record-vs-legacy-180-190:4: set probeFontReference to font object of probeRange
record-vs-legacy-180-190:5: set probeLegacyRow to {name of probeFontReference as text,font size of probeFontReference,bold of probeFontReference,italic of probeFontRefe
record-vs-legacy-180-190:6: set probeFontRecord to (get properties of font object of probeRange) as record
record-vs-legacy-180-190:7: set probeShadingRecord to (get properties of shading of probeRange) as record
record-vs-legacy-180-190:8: set probeRecordRow to {name of probeFontRecord as text,font size of probeFontRecord,bold of probeFontRecord,italic of probeFontRecord,underl
record-vs-legacy-180-190:9: set probeLegacyJson to my jsonRows({probeLegacyRow})
record-vs-legacy-180-190:10: set probeRecordJson to my jsonRows({probeRecordRow})
record-vs-legacy-180-190:11: set probeEqual to (current application's NSString's stringWithString:probeLegacyJson)'s isEqualToString:probeRecordJson
record-vs-legacy-180-190:12: if not (probeEqual as boolean) then error "RECORD_VALUE_MISMATCH"
record-vs-legacy-180-190:13: set end of probeRows to {"same-coordinate",probePosition as integer,probeEqual as boolean}
record-vs-legacy-180-190:3: set probeRange to create range boundDoc start probePosition end (probePosition+1)
record-vs-legacy-180-190:4: set probeFontReference to font object of probeRange
record-vs-legacy-180-190:5: set probeLegacyRow to {name of probeFontReference as text,font size of probeFontReference,bold of probeFontReference,italic of probeFontRefe
record-vs-legacy-180-190:6: set probeFontRecord to (get properties of font object of probeRange) as record
record-vs-legacy-180-190:7: set probeShadingRecord to (get properties of shading of probeRange) as record
record-vs-legacy-180-190:8: set probeRecordRow to {name of probeFontRecord as text,font size of probeFontRecord,bold of probeFontRecord,italic of probeFontRecord,underl
record-vs-legacy-180-190:9: set probeLegacyJson to my jsonRows({probeLegacyRow})
record-vs-legacy-180-190:10: set probeRecordJson to my jsonRows({probeRecordRow})
record-vs-legacy-180-190:11: set probeEqual to (current application's NSString's stringWithString:probeLegacyJson)'s isEqualToString:probeRecordJson
record-vs-legacy-180-190:12: if not (probeEqual as boolean) then error "RECORD_VALUE_MISMATCH"
record-vs-legacy-180-190:13: set end of probeRows to {"same-coordinate",probePosition as integer,probeEqual as boolean}
record-vs-legacy-180-190:3: set probeRange to create range boundDoc start probePosition end (probePosition+1)
record-vs-legacy-180-190:4: set probeFontReference to font object of probeRange
record-vs-legacy-180-190:5: set probeLegacyRow to {name of probeFontReference as text,font size of probeFontReference,bold of probeFontReference,italic of probeFontRefe
record-vs-legacy-180-190:6: set probeFontRecord to (get properties of font object of probeRange) as record
record-vs-legacy-180-190:7: set probeShadingRecord to (get properties of shading of probeRange) as record
record-vs-legacy-180-190:8: set probeRecordRow to {name of probeFontRecord as text,font size of probeFontRecord,bold of probeFontRecord,italic of probeFontRecord,underl
record-vs-legacy-180-190:9: set probeLegacyJson to my jsonRows({probeLegacyRow})
record-vs-legacy-180-190:10: set probeRecordJson to my jsonRows({probeRecordRow})
record-vs-legacy-180-190:11: set probeEqual to (current application's NSString's stringWithString:probeLegacyJson)'s isEqualToString:probeRecordJson
record-vs-legacy-180-190:12: if not (probeEqual as boolean) then error "RECORD_VALUE_MISMATCH"
record-vs-legacy-180-190:13: set end of probeRows to {"same-coordinate",probePosition as integer,probeEqual as boolean}
record-vs-legacy-180-190:3: set probeRange to create range boundDoc start probePosition end (probePosition+1)
record-vs-legacy-180-190:4: set probeFontReference to font object of probeRange
record-vs-legacy-180-190:5: set probeLegacyRow to {name of probeFontReference as text,font size of probeFontReference,bold of probeFontReference,italic of probeFontRefe
record-vs-legacy-180-190:6: set probeFontRecord to (get properties of font object of probeRange) as record
record-vs-legacy-180-190:7: set probeShadingRecord to (get properties of shading of probeRange) as record
record-vs-legacy-180-190:8: set probeRecordRow to {name of probeFontRecord as text,font size of probeFontRecord,bold of probeFontRecord,italic of probeFontRecord,underl
record-vs-legacy-180-190:9: set probeLegacyJson to my jsonRows({probeLegacyRow})
record-vs-legacy-180-190:10: set probeRecordJson to my jsonRows({probeRecordRow})
record-vs-legacy-180-190:11: set probeEqual to (current application's NSString's stringWithString:probeLegacyJson)'s isEqualToString:probeRecordJson
record-vs-legacy-180-190:12: if not (probeEqual as boolean) then error "RECORD_VALUE_MISMATCH"
record-vs-legacy-180-190:13: set end of probeRows to {"same-coordinate",probePosition as integer,probeEqual as boolean}
record-vs-legacy-180-190:3: set probeRange to create range boundDoc start probePosition end (probePosition+1)
record-vs-legacy-180-190:4: set probeFontReference to font object of probeRange
record-vs-legacy-180-190:5: set probeLegacyRow to {name of probeFontReference as text,font size of probeFontReference,bold of probeFontReference,italic of probeFontRefe
record-vs-legacy-180-190:6: set probeFontRecord to (get properties of font object of probeRange) as record
record-vs-legacy-180-190:7: set probeShadingRecord to (get properties of shading of probeRange) as record
record-vs-legacy-180-190:8: set probeRecordRow to {name of probeFontRecord as text,font size of probeFontRecord,bold of probeFontRecord,italic of probeFontRecord,underl
record-vs-legacy-180-190:9: set probeLegacyJson to my jsonRows({probeLegacyRow})
record-vs-legacy-180-190:10: set probeRecordJson to my jsonRows({probeRecordRow})
record-vs-legacy-180-190:11: set probeEqual to (current application's NSString's stringWithString:probeLegacyJson)'s isEqualToString:probeRecordJson
record-vs-legacy-180-190:12: if not (probeEqual as boolean) then error "RECORD_VALUE_MISMATCH"
record-vs-legacy-180-190:13: set end of probeRows to {"same-coordinate",probePosition as integer,probeEqual as boolean}
record-vs-legacy-180-190:3: set probeRange to create range boundDoc start probePosition end (probePosition+1)
record-vs-legacy-180-190:4: set probeFontReference to font object of probeRange
record-vs-legacy-180-190:5: set probeLegacyRow to {name of probeFontReference as text,font size of probeFontReference,bold of probeFontReference,italic of probeFontRefe
record-vs-legacy-180-190:6: set probeFontRecord to (get properties of font object of probeRange) as record
record-vs-legacy-180-190:7: set probeShadingRecord to (get properties of shading of probeRange) as record
record-vs-legacy-180-190:8: set probeRecordRow to {name of probeFontRecord as text,font size of probeFontRecord,bold of probeFontRecord,italic of probeFontRecord,underl
record-vs-legacy-180-190:9: set probeLegacyJson to my jsonRows({probeLegacyRow})
record-vs-legacy-180-190:10: set probeRecordJson to my jsonRows({probeRecordRow})
record-vs-legacy-180-190:11: set probeEqual to (current application's NSString's stringWithString:probeLegacyJson)'s isEqualToString:probeRecordJson
record-vs-legacy-180-190:12: if not (probeEqual as boolean) then error "RECORD_VALUE_MISMATCH"
record-vs-legacy-180-190:13: set end of probeRows to {"same-coordinate",probePosition as integer,probeEqual as boolean}

["WPSCOMPOSER_WORD_SESSION_OK",[["read-ok",[["same-coordinate",180,true],["same-coordinate",181,true],["same-coordinate",182,true],["same-coordinate",183,true],["same-coordinate",184,true],["same-coordinate",185,true],["same-coordinate",186,true],["same-coordinate",187,true],["same-coordinate",188,true],["same-coordinate",189,true]]]]]
