record-vs-legacy-0-10:0: set probeFirst to 0
record-vs-legacy-0-10:1: set probeLast to 9
record-vs-legacy-0-10:2: repeat with probePosition from probeFirst to probeLast
record-vs-legacy-0-10:3: set probeRange to create range boundDoc start probePosition end (probePosition+1)
record-vs-legacy-0-10:4: set probeFontReference to font object of probeRange
record-vs-legacy-0-10:5: set probeLegacyRow to {name of probeFontReference as text,font size of probeFontReference,bold of probeFontReference,italic of probeFontRefe
record-vs-legacy-0-10:6: set probeFontRecord to (get properties of font object of probeRange) as record
record-vs-legacy-0-10:7: set probeShadingRecord to (get properties of shading of probeRange) as record
record-vs-legacy-0-10:8: set probeRecordRow to {name of probeFontRecord as text,font size of probeFontRecord,bold of probeFontRecord,italic of probeFontRecord,underl
record-vs-legacy-0-10:9: set probeLegacyJson to my jsonRows({probeLegacyRow})
record-vs-legacy-0-10:10: set probeRecordJson to my jsonRows({probeRecordRow})
record-vs-legacy-0-10:11: set probeEqual to (current application's NSString's stringWithString:probeLegacyJson)'s isEqualToString:probeRecordJson
record-vs-legacy-0-10:12: if not (probeEqual as boolean) then error "RECORD_VALUE_MISMATCH"
record-vs-legacy-0-10:13: set end of probeRows to {"same-coordinate",probePosition as integer,probeEqual as boolean}
record-vs-legacy-0-10:3: set probeRange to create range boundDoc start probePosition end (probePosition+1)
record-vs-legacy-0-10:4: set probeFontReference to font object of probeRange
record-vs-legacy-0-10:5: set probeLegacyRow to {name of probeFontReference as text,font size of probeFontReference,bold of probeFontReference,italic of probeFontRefe
record-vs-legacy-0-10:6: set probeFontRecord to (get properties of font object of probeRange) as record
record-vs-legacy-0-10:7: set probeShadingRecord to (get properties of shading of probeRange) as record
record-vs-legacy-0-10:8: set probeRecordRow to {name of probeFontRecord as text,font size of probeFontRecord,bold of probeFontRecord,italic of probeFontRecord,underl
record-vs-legacy-0-10:9: set probeLegacyJson to my jsonRows({probeLegacyRow})
record-vs-legacy-0-10:10: set probeRecordJson to my jsonRows({probeRecordRow})
record-vs-legacy-0-10:11: set probeEqual to (current application's NSString's stringWithString:probeLegacyJson)'s isEqualToString:probeRecordJson
record-vs-legacy-0-10:12: if not (probeEqual as boolean) then error "RECORD_VALUE_MISMATCH"
record-vs-legacy-0-10:13: set end of probeRows to {"same-coordinate",probePosition as integer,probeEqual as boolean}
record-vs-legacy-0-10:3: set probeRange to create range boundDoc start probePosition end (probePosition+1)
record-vs-legacy-0-10:4: set probeFontReference to font object of probeRange
record-vs-legacy-0-10:5: set probeLegacyRow to {name of probeFontReference as text,font size of probeFontReference,bold of probeFontReference,italic of probeFontRefe
record-vs-legacy-0-10:6: set probeFontRecord to (get properties of font object of probeRange) as record
record-vs-legacy-0-10:7: set probeShadingRecord to (get properties of shading of probeRange) as record
record-vs-legacy-0-10:8: set probeRecordRow to {name of probeFontRecord as text,font size of probeFontRecord,bold of probeFontRecord,italic of probeFontRecord,underl
record-vs-legacy-0-10:9: set probeLegacyJson to my jsonRows({probeLegacyRow})
record-vs-legacy-0-10:10: set probeRecordJson to my jsonRows({probeRecordRow})
record-vs-legacy-0-10:11: set probeEqual to (current application's NSString's stringWithString:probeLegacyJson)'s isEqualToString:probeRecordJson
record-vs-legacy-0-10:12: if not (probeEqual as boolean) then error "RECORD_VALUE_MISMATCH"
record-vs-legacy-0-10:13: set end of probeRows to {"same-coordinate",probePosition as integer,probeEqual as boolean}
record-vs-legacy-0-10:3: set probeRange to create range boundDoc start probePosition end (probePosition+1)
record-vs-legacy-0-10:4: set probeFontReference to font object of probeRange
record-vs-legacy-0-10:5: set probeLegacyRow to {name of probeFontReference as text,font size of probeFontReference,bold of probeFontReference,italic of probeFontRefe
record-vs-legacy-0-10:6: set probeFontRecord to (get properties of font object of probeRange) as record
record-vs-legacy-0-10:7: set probeShadingRecord to (get properties of shading of probeRange) as record
record-vs-legacy-0-10:8: set probeRecordRow to {name of probeFontRecord as text,font size of probeFontRecord,bold of probeFontRecord,italic of probeFontRecord,underl
record-vs-legacy-0-10:9: set probeLegacyJson to my jsonRows({probeLegacyRow})
record-vs-legacy-0-10:10: set probeRecordJson to my jsonRows({probeRecordRow})
record-vs-legacy-0-10:11: set probeEqual to (current application's NSString's stringWithString:probeLegacyJson)'s isEqualToString:probeRecordJson
record-vs-legacy-0-10:12: if not (probeEqual as boolean) then error "RECORD_VALUE_MISMATCH"
record-vs-legacy-0-10:13: set end of probeRows to {"same-coordinate",probePosition as integer,probeEqual as boolean}
record-vs-legacy-0-10:3: set probeRange to create range boundDoc start probePosition end (probePosition+1)
record-vs-legacy-0-10:4: set probeFontReference to font object of probeRange
record-vs-legacy-0-10:5: set probeLegacyRow to {name of probeFontReference as text,font size of probeFontReference,bold of probeFontReference,italic of probeFontRefe
record-vs-legacy-0-10:6: set probeFontRecord to (get properties of font object of probeRange) as record
record-vs-legacy-0-10:7: set probeShadingRecord to (get properties of shading of probeRange) as record
record-vs-legacy-0-10:8: set probeRecordRow to {name of probeFontRecord as text,font size of probeFontRecord,bold of probeFontRecord,italic of probeFontRecord,underl
record-vs-legacy-0-10:9: set probeLegacyJson to my jsonRows({probeLegacyRow})
record-vs-legacy-0-10:10: set probeRecordJson to my jsonRows({probeRecordRow})
record-vs-legacy-0-10:11: set probeEqual to (current application's NSString's stringWithString:probeLegacyJson)'s isEqualToString:probeRecordJson
record-vs-legacy-0-10:12: if not (probeEqual as boolean) then error "RECORD_VALUE_MISMATCH"
record-vs-legacy-0-10:13: set end of probeRows to {"same-coordinate",probePosition as integer,probeEqual as boolean}
record-vs-legacy-0-10:3: set probeRange to create range boundDoc start probePosition end (probePosition+1)
record-vs-legacy-0-10:4: set probeFontReference to font object of probeRange
record-vs-legacy-0-10:5: set probeLegacyRow to {name of probeFontReference as text,font size of probeFontReference,bold of probeFontReference,italic of probeFontRefe
record-vs-legacy-0-10:6: set probeFontRecord to (get properties of font object of probeRange) as record
record-vs-legacy-0-10:7: set probeShadingRecord to (get properties of shading of probeRange) as record
record-vs-legacy-0-10:8: set probeRecordRow to {name of probeFontRecord as text,font size of probeFontRecord,bold of probeFontRecord,italic of probeFontRecord,underl
record-vs-legacy-0-10:9: set probeLegacyJson to my jsonRows({probeLegacyRow})
record-vs-legacy-0-10:10: set probeRecordJson to my jsonRows({probeRecordRow})
record-vs-legacy-0-10:11: set probeEqual to (current application's NSString's stringWithString:probeLegacyJson)'s isEqualToString:probeRecordJson
record-vs-legacy-0-10:12: if not (probeEqual as boolean) then error "RECORD_VALUE_MISMATCH"
record-vs-legacy-0-10:13: set end of probeRows to {"same-coordinate",probePosition as integer,probeEqual as boolean}
record-vs-legacy-0-10:3: set probeRange to create range boundDoc start probePosition end (probePosition+1)
record-vs-legacy-0-10:4: set probeFontReference to font object of probeRange
record-vs-legacy-0-10:5: set probeLegacyRow to {name of probeFontReference as text,font size of probeFontReference,bold of probeFontReference,italic of probeFontRefe
record-vs-legacy-0-10:6: set probeFontRecord to (get properties of font object of probeRange) as record
record-vs-legacy-0-10:7: set probeShadingRecord to (get properties of shading of probeRange) as record
record-vs-legacy-0-10:8: set probeRecordRow to {name of probeFontRecord as text,font size of probeFontRecord,bold of probeFontRecord,italic of probeFontRecord,underl
record-vs-legacy-0-10:9: set probeLegacyJson to my jsonRows({probeLegacyRow})
record-vs-legacy-0-10:10: set probeRecordJson to my jsonRows({probeRecordRow})
record-vs-legacy-0-10:11: set probeEqual to (current application's NSString's stringWithString:probeLegacyJson)'s isEqualToString:probeRecordJson
record-vs-legacy-0-10:12: if not (probeEqual as boolean) then error "RECORD_VALUE_MISMATCH"
record-vs-legacy-0-10:13: set end of probeRows to {"same-coordinate",probePosition as integer,probeEqual as boolean}
record-vs-legacy-0-10:3: set probeRange to create range boundDoc start probePosition end (probePosition+1)
record-vs-legacy-0-10:4: set probeFontReference to font object of probeRange
record-vs-legacy-0-10:5: set probeLegacyRow to {name of probeFontReference as text,font size of probeFontReference,bold of probeFontReference,italic of probeFontRefe
record-vs-legacy-0-10:6: set probeFontRecord to (get properties of font object of probeRange) as record
record-vs-legacy-0-10:7: set probeShadingRecord to (get properties of shading of probeRange) as record
record-vs-legacy-0-10:8: set probeRecordRow to {name of probeFontRecord as text,font size of probeFontRecord,bold of probeFontRecord,italic of probeFontRecord,underl
record-vs-legacy-0-10:9: set probeLegacyJson to my jsonRows({probeLegacyRow})
record-vs-legacy-0-10:10: set probeRecordJson to my jsonRows({probeRecordRow})
record-vs-legacy-0-10:11: set probeEqual to (current application's NSString's stringWithString:probeLegacyJson)'s isEqualToString:probeRecordJson
record-vs-legacy-0-10:12: if not (probeEqual as boolean) then error "RECORD_VALUE_MISMATCH"
record-vs-legacy-0-10:13: set end of probeRows to {"same-coordinate",probePosition as integer,probeEqual as boolean}
record-vs-legacy-0-10:3: set probeRange to create range boundDoc start probePosition end (probePosition+1)
record-vs-legacy-0-10:4: set probeFontReference to font object of probeRange
record-vs-legacy-0-10:5: set probeLegacyRow to {name of probeFontReference as text,font size of probeFontReference,bold of probeFontReference,italic of probeFontRefe
record-vs-legacy-0-10:6: set probeFontRecord to (get properties of font object of probeRange) as record
record-vs-legacy-0-10:7: set probeShadingRecord to (get properties of shading of probeRange) as record
record-vs-legacy-0-10:8: set probeRecordRow to {name of probeFontRecord as text,font size of probeFontRecord,bold of probeFontRecord,italic of probeFontRecord,underl
record-vs-legacy-0-10:9: set probeLegacyJson to my jsonRows({probeLegacyRow})
record-vs-legacy-0-10:10: set probeRecordJson to my jsonRows({probeRecordRow})
record-vs-legacy-0-10:11: set probeEqual to (current application's NSString's stringWithString:probeLegacyJson)'s isEqualToString:probeRecordJson
record-vs-legacy-0-10:12: if not (probeEqual as boolean) then error "RECORD_VALUE_MISMATCH"
record-vs-legacy-0-10:13: set end of probeRows to {"same-coordinate",probePosition as integer,probeEqual as boolean}
record-vs-legacy-0-10:3: set probeRange to create range boundDoc start probePosition end (probePosition+1)
record-vs-legacy-0-10:4: set probeFontReference to font object of probeRange
record-vs-legacy-0-10:5: set probeLegacyRow to {name of probeFontReference as text,font size of probeFontReference,bold of probeFontReference,italic of probeFontRefe
record-vs-legacy-0-10:6: set probeFontRecord to (get properties of font object of probeRange) as record
record-vs-legacy-0-10:7: set probeShadingRecord to (get properties of shading of probeRange) as record
record-vs-legacy-0-10:8: set probeRecordRow to {name of probeFontRecord as text,font size of probeFontRecord,bold of probeFontRecord,italic of probeFontRecord,underl
record-vs-legacy-0-10:9: set probeLegacyJson to my jsonRows({probeLegacyRow})
record-vs-legacy-0-10:10: set probeRecordJson to my jsonRows({probeRecordRow})
record-vs-legacy-0-10:11: set probeEqual to (current application's NSString's stringWithString:probeLegacyJson)'s isEqualToString:probeRecordJson
record-vs-legacy-0-10:12: if not (probeEqual as boolean) then error "RECORD_VALUE_MISMATCH"
record-vs-legacy-0-10:13: set end of probeRows to {"same-coordinate",probePosition as integer,probeEqual as boolean}

["WPSCOMPOSER_WORD_SESSION_OK",[["read-ok",[["same-coordinate",0,true],["same-coordinate",1,true],["same-coordinate",2,true],["same-coordinate",3,true],["same-coordinate",4,true],["same-coordinate",5,true],["same-coordinate",6,true],["same-coordinate",7,true],["same-coordinate",8,true],["same-coordinate",9,true]]]]]
