record-vs-legacy-210-220:0: set probeFirst to 210
record-vs-legacy-210-220:1: set probeLast to 219
record-vs-legacy-210-220:2: repeat with probePosition from probeFirst to probeLast
record-vs-legacy-210-220:3: set probeRange to create range boundDoc start probePosition end (probePosition+1)
record-vs-legacy-210-220:4: set probeFontReference to font object of probeRange
record-vs-legacy-210-220:5: set probeLegacyRow to {name of probeFontReference as text,font size of probeFontReference,bold of probeFontReference,italic of probeFontRefe
record-vs-legacy-210-220:6: set probeFontRecord to (get properties of font object of probeRange) as record
record-vs-legacy-210-220:7: set probeShadingRecord to (get properties of shading of probeRange) as record
record-vs-legacy-210-220:8: set probeRecordRow to {name of probeFontRecord as text,font size of probeFontRecord,bold of probeFontRecord,italic of probeFontRecord,underl
record-vs-legacy-210-220:9: set probeLegacyJson to my jsonRows({probeLegacyRow})
record-vs-legacy-210-220:10: set probeRecordJson to my jsonRows({probeRecordRow})
record-vs-legacy-210-220:11: set probeEqual to (current application's NSString's stringWithString:probeLegacyJson)'s isEqualToString:probeRecordJson
record-vs-legacy-210-220:12: if not (probeEqual as boolean) then error "RECORD_VALUE_MISMATCH"
record-vs-legacy-210-220:13: set end of probeRows to {"same-coordinate",probePosition as integer,probeEqual as boolean}
record-vs-legacy-210-220:3: set probeRange to create range boundDoc start probePosition end (probePosition+1)
record-vs-legacy-210-220:4: set probeFontReference to font object of probeRange
record-vs-legacy-210-220:5: set probeLegacyRow to {name of probeFontReference as text,font size of probeFontReference,bold of probeFontReference,italic of probeFontRefe
record-vs-legacy-210-220:6: set probeFontRecord to (get properties of font object of probeRange) as record
record-vs-legacy-210-220:7: set probeShadingRecord to (get properties of shading of probeRange) as record
record-vs-legacy-210-220:8: set probeRecordRow to {name of probeFontRecord as text,font size of probeFontRecord,bold of probeFontRecord,italic of probeFontRecord,underl
record-vs-legacy-210-220:9: set probeLegacyJson to my jsonRows({probeLegacyRow})
record-vs-legacy-210-220:10: set probeRecordJson to my jsonRows({probeRecordRow})
record-vs-legacy-210-220:11: set probeEqual to (current application's NSString's stringWithString:probeLegacyJson)'s isEqualToString:probeRecordJson
record-vs-legacy-210-220:12: if not (probeEqual as boolean) then error "RECORD_VALUE_MISMATCH"
record-vs-legacy-210-220:13: set end of probeRows to {"same-coordinate",probePosition as integer,probeEqual as boolean}
record-vs-legacy-210-220:3: set probeRange to create range boundDoc start probePosition end (probePosition+1)
record-vs-legacy-210-220:4: set probeFontReference to font object of probeRange
record-vs-legacy-210-220:5: set probeLegacyRow to {name of probeFontReference as text,font size of probeFontReference,bold of probeFontReference,italic of probeFontRefe
record-vs-legacy-210-220:6: set probeFontRecord to (get properties of font object of probeRange) as record
record-vs-legacy-210-220:7: set probeShadingRecord to (get properties of shading of probeRange) as record
record-vs-legacy-210-220:8: set probeRecordRow to {name of probeFontRecord as text,font size of probeFontRecord,bold of probeFontRecord,italic of probeFontRecord,underl
record-vs-legacy-210-220:9: set probeLegacyJson to my jsonRows({probeLegacyRow})
record-vs-legacy-210-220:10: set probeRecordJson to my jsonRows({probeRecordRow})
record-vs-legacy-210-220:11: set probeEqual to (current application's NSString's stringWithString:probeLegacyJson)'s isEqualToString:probeRecordJson
record-vs-legacy-210-220:12: if not (probeEqual as boolean) then error "RECORD_VALUE_MISMATCH"
record-vs-legacy-210-220:13: set end of probeRows to {"same-coordinate",probePosition as integer,probeEqual as boolean}
record-vs-legacy-210-220:3: set probeRange to create range boundDoc start probePosition end (probePosition+1)
record-vs-legacy-210-220:4: set probeFontReference to font object of probeRange
record-vs-legacy-210-220:5: set probeLegacyRow to {name of probeFontReference as text,font size of probeFontReference,bold of probeFontReference,italic of probeFontRefe
record-vs-legacy-210-220:6: set probeFontRecord to (get properties of font object of probeRange) as record
record-vs-legacy-210-220:7: set probeShadingRecord to (get properties of shading of probeRange) as record
record-vs-legacy-210-220:8: set probeRecordRow to {name of probeFontRecord as text,font size of probeFontRecord,bold of probeFontRecord,italic of probeFontRecord,underl
record-vs-legacy-210-220:9: set probeLegacyJson to my jsonRows({probeLegacyRow})
record-vs-legacy-210-220:10: set probeRecordJson to my jsonRows({probeRecordRow})
record-vs-legacy-210-220:11: set probeEqual to (current application's NSString's stringWithString:probeLegacyJson)'s isEqualToString:probeRecordJson
record-vs-legacy-210-220:12: if not (probeEqual as boolean) then error "RECORD_VALUE_MISMATCH"
record-vs-legacy-210-220:13: set end of probeRows to {"same-coordinate",probePosition as integer,probeEqual as boolean}
record-vs-legacy-210-220:3: set probeRange to create range boundDoc start probePosition end (probePosition+1)
record-vs-legacy-210-220:4: set probeFontReference to font object of probeRange
record-vs-legacy-210-220:5: set probeLegacyRow to {name of probeFontReference as text,font size of probeFontReference,bold of probeFontReference,italic of probeFontRefe
record-vs-legacy-210-220:6: set probeFontRecord to (get properties of font object of probeRange) as record
record-vs-legacy-210-220:7: set probeShadingRecord to (get properties of shading of probeRange) as record
record-vs-legacy-210-220:8: set probeRecordRow to {name of probeFontRecord as text,font size of probeFontRecord,bold of probeFontRecord,italic of probeFontRecord,underl
record-vs-legacy-210-220:9: set probeLegacyJson to my jsonRows({probeLegacyRow})
record-vs-legacy-210-220:10: set probeRecordJson to my jsonRows({probeRecordRow})
record-vs-legacy-210-220:11: set probeEqual to (current application's NSString's stringWithString:probeLegacyJson)'s isEqualToString:probeRecordJson
record-vs-legacy-210-220:12: if not (probeEqual as boolean) then error "RECORD_VALUE_MISMATCH"
record-vs-legacy-210-220:13: set end of probeRows to {"same-coordinate",probePosition as integer,probeEqual as boolean}
record-vs-legacy-210-220:3: set probeRange to create range boundDoc start probePosition end (probePosition+1)
record-vs-legacy-210-220:4: set probeFontReference to font object of probeRange
record-vs-legacy-210-220:5: set probeLegacyRow to {name of probeFontReference as text,font size of probeFontReference,bold of probeFontReference,italic of probeFontRefe
record-vs-legacy-210-220:6: set probeFontRecord to (get properties of font object of probeRange) as record
record-vs-legacy-210-220:7: set probeShadingRecord to (get properties of shading of probeRange) as record
record-vs-legacy-210-220:8: set probeRecordRow to {name of probeFontRecord as text,font size of probeFontRecord,bold of probeFontRecord,italic of probeFontRecord,underl
record-vs-legacy-210-220:9: set probeLegacyJson to my jsonRows({probeLegacyRow})
record-vs-legacy-210-220:10: set probeRecordJson to my jsonRows({probeRecordRow})
record-vs-legacy-210-220:11: set probeEqual to (current application's NSString's stringWithString:probeLegacyJson)'s isEqualToString:probeRecordJson
record-vs-legacy-210-220:12: if not (probeEqual as boolean) then error "RECORD_VALUE_MISMATCH"
record-vs-legacy-210-220:13: set end of probeRows to {"same-coordinate",probePosition as integer,probeEqual as boolean}
record-vs-legacy-210-220:3: set probeRange to create range boundDoc start probePosition end (probePosition+1)
record-vs-legacy-210-220:4: set probeFontReference to font object of probeRange
record-vs-legacy-210-220:5: set probeLegacyRow to {name of probeFontReference as text,font size of probeFontReference,bold of probeFontReference,italic of probeFontRefe
record-vs-legacy-210-220:6: set probeFontRecord to (get properties of font object of probeRange) as record
record-vs-legacy-210-220:7: set probeShadingRecord to (get properties of shading of probeRange) as record
record-vs-legacy-210-220:8: set probeRecordRow to {name of probeFontRecord as text,font size of probeFontRecord,bold of probeFontRecord,italic of probeFontRecord,underl
record-vs-legacy-210-220:9: set probeLegacyJson to my jsonRows({probeLegacyRow})
record-vs-legacy-210-220:10: set probeRecordJson to my jsonRows({probeRecordRow})
record-vs-legacy-210-220:11: set probeEqual to (current application's NSString's stringWithString:probeLegacyJson)'s isEqualToString:probeRecordJson
record-vs-legacy-210-220:12: if not (probeEqual as boolean) then error "RECORD_VALUE_MISMATCH"
record-vs-legacy-210-220:13: set end of probeRows to {"same-coordinate",probePosition as integer,probeEqual as boolean}
record-vs-legacy-210-220:3: set probeRange to create range boundDoc start probePosition end (probePosition+1)
record-vs-legacy-210-220:4: set probeFontReference to font object of probeRange
record-vs-legacy-210-220:5: set probeLegacyRow to {name of probeFontReference as text,font size of probeFontReference,bold of probeFontReference,italic of probeFontRefe
record-vs-legacy-210-220:6: set probeFontRecord to (get properties of font object of probeRange) as record
record-vs-legacy-210-220:7: set probeShadingRecord to (get properties of shading of probeRange) as record
record-vs-legacy-210-220:8: set probeRecordRow to {name of probeFontRecord as text,font size of probeFontRecord,bold of probeFontRecord,italic of probeFontRecord,underl
record-vs-legacy-210-220:9: set probeLegacyJson to my jsonRows({probeLegacyRow})
record-vs-legacy-210-220:10: set probeRecordJson to my jsonRows({probeRecordRow})
record-vs-legacy-210-220:11: set probeEqual to (current application's NSString's stringWithString:probeLegacyJson)'s isEqualToString:probeRecordJson
record-vs-legacy-210-220:12: if not (probeEqual as boolean) then error "RECORD_VALUE_MISMATCH"
record-vs-legacy-210-220:13: set end of probeRows to {"same-coordinate",probePosition as integer,probeEqual as boolean}
record-vs-legacy-210-220:3: set probeRange to create range boundDoc start probePosition end (probePosition+1)
record-vs-legacy-210-220:4: set probeFontReference to font object of probeRange
record-vs-legacy-210-220:5: set probeLegacyRow to {name of probeFontReference as text,font size of probeFontReference,bold of probeFontReference,italic of probeFontRefe
record-vs-legacy-210-220:6: set probeFontRecord to (get properties of font object of probeRange) as record
record-vs-legacy-210-220:7: set probeShadingRecord to (get properties of shading of probeRange) as record
record-vs-legacy-210-220:8: set probeRecordRow to {name of probeFontRecord as text,font size of probeFontRecord,bold of probeFontRecord,italic of probeFontRecord,underl
record-vs-legacy-210-220:9: set probeLegacyJson to my jsonRows({probeLegacyRow})
record-vs-legacy-210-220:10: set probeRecordJson to my jsonRows({probeRecordRow})
record-vs-legacy-210-220:11: set probeEqual to (current application's NSString's stringWithString:probeLegacyJson)'s isEqualToString:probeRecordJson
record-vs-legacy-210-220:12: if not (probeEqual as boolean) then error "RECORD_VALUE_MISMATCH"
record-vs-legacy-210-220:13: set end of probeRows to {"same-coordinate",probePosition as integer,probeEqual as boolean}
record-vs-legacy-210-220:3: set probeRange to create range boundDoc start probePosition end (probePosition+1)
record-vs-legacy-210-220:4: set probeFontReference to font object of probeRange
record-vs-legacy-210-220:5: set probeLegacyRow to {name of probeFontReference as text,font size of probeFontReference,bold of probeFontReference,italic of probeFontRefe
record-vs-legacy-210-220:6: set probeFontRecord to (get properties of font object of probeRange) as record
record-vs-legacy-210-220:7: set probeShadingRecord to (get properties of shading of probeRange) as record
record-vs-legacy-210-220:8: set probeRecordRow to {name of probeFontRecord as text,font size of probeFontRecord,bold of probeFontRecord,italic of probeFontRecord,underl
record-vs-legacy-210-220:9: set probeLegacyJson to my jsonRows({probeLegacyRow})
record-vs-legacy-210-220:10: set probeRecordJson to my jsonRows({probeRecordRow})
record-vs-legacy-210-220:11: set probeEqual to (current application's NSString's stringWithString:probeLegacyJson)'s isEqualToString:probeRecordJson
record-vs-legacy-210-220:12: if not (probeEqual as boolean) then error "RECORD_VALUE_MISMATCH"
record-vs-legacy-210-220:13: set end of probeRows to {"same-coordinate",probePosition as integer,probeEqual as boolean}

["WPSCOMPOSER_WORD_SESSION_OK",[["read-ok",[["same-coordinate",210,true],["same-coordinate",211,true],["same-coordinate",212,true],["same-coordinate",213,true],["same-coordinate",214,true],["same-coordinate",215,true],["same-coordinate",216,true],["same-coordinate",217,true],["same-coordinate",218,true],["same-coordinate",219,true]]]]]
