record-vs-legacy-110-120:0: set probeFirst to 110
record-vs-legacy-110-120:1: set probeLast to 119
record-vs-legacy-110-120:2: repeat with probePosition from probeFirst to probeLast
record-vs-legacy-110-120:3: set probeRange to create range boundDoc start probePosition end (probePosition+1)
record-vs-legacy-110-120:4: set probeFontReference to font object of probeRange
record-vs-legacy-110-120:5: set probeLegacyRow to {name of probeFontReference as text,font size of probeFontReference,bold of probeFontReference,italic of probeFontRefe
record-vs-legacy-110-120:6: set probeFontRecord to (get properties of font object of probeRange) as record
record-vs-legacy-110-120:7: set probeShadingRecord to (get properties of shading of probeRange) as record
record-vs-legacy-110-120:8: set probeRecordRow to {name of probeFontRecord as text,font size of probeFontRecord,bold of probeFontRecord,italic of probeFontRecord,underl
record-vs-legacy-110-120:9: set probeLegacyJson to my jsonRows({probeLegacyRow})
record-vs-legacy-110-120:10: set probeRecordJson to my jsonRows({probeRecordRow})
record-vs-legacy-110-120:11: set probeEqual to (current application's NSString's stringWithString:probeLegacyJson)'s isEqualToString:probeRecordJson
record-vs-legacy-110-120:12: if not (probeEqual as boolean) then error "RECORD_VALUE_MISMATCH"
record-vs-legacy-110-120:13: set end of probeRows to {"same-coordinate",probePosition as integer,probeEqual as boolean}
record-vs-legacy-110-120:3: set probeRange to create range boundDoc start probePosition end (probePosition+1)
record-vs-legacy-110-120:4: set probeFontReference to font object of probeRange
record-vs-legacy-110-120:5: set probeLegacyRow to {name of probeFontReference as text,font size of probeFontReference,bold of probeFontReference,italic of probeFontRefe
record-vs-legacy-110-120:6: set probeFontRecord to (get properties of font object of probeRange) as record
record-vs-legacy-110-120:7: set probeShadingRecord to (get properties of shading of probeRange) as record
record-vs-legacy-110-120:8: set probeRecordRow to {name of probeFontRecord as text,font size of probeFontRecord,bold of probeFontRecord,italic of probeFontRecord,underl
record-vs-legacy-110-120:9: set probeLegacyJson to my jsonRows({probeLegacyRow})
record-vs-legacy-110-120:10: set probeRecordJson to my jsonRows({probeRecordRow})
record-vs-legacy-110-120:11: set probeEqual to (current application's NSString's stringWithString:probeLegacyJson)'s isEqualToString:probeRecordJson
record-vs-legacy-110-120:12: if not (probeEqual as boolean) then error "RECORD_VALUE_MISMATCH"
record-vs-legacy-110-120:13: set end of probeRows to {"same-coordinate",probePosition as integer,probeEqual as boolean}
record-vs-legacy-110-120:3: set probeRange to create range boundDoc start probePosition end (probePosition+1)
record-vs-legacy-110-120:4: set probeFontReference to font object of probeRange
record-vs-legacy-110-120:5: set probeLegacyRow to {name of probeFontReference as text,font size of probeFontReference,bold of probeFontReference,italic of probeFontRefe
record-vs-legacy-110-120:6: set probeFontRecord to (get properties of font object of probeRange) as record
record-vs-legacy-110-120:7: set probeShadingRecord to (get properties of shading of probeRange) as record
record-vs-legacy-110-120:8: set probeRecordRow to {name of probeFontRecord as text,font size of probeFontRecord,bold of probeFontRecord,italic of probeFontRecord,underl
record-vs-legacy-110-120:9: set probeLegacyJson to my jsonRows({probeLegacyRow})
record-vs-legacy-110-120:10: set probeRecordJson to my jsonRows({probeRecordRow})
record-vs-legacy-110-120:11: set probeEqual to (current application's NSString's stringWithString:probeLegacyJson)'s isEqualToString:probeRecordJson
record-vs-legacy-110-120:12: if not (probeEqual as boolean) then error "RECORD_VALUE_MISMATCH"
record-vs-legacy-110-120:13: set end of probeRows to {"same-coordinate",probePosition as integer,probeEqual as boolean}
record-vs-legacy-110-120:3: set probeRange to create range boundDoc start probePosition end (probePosition+1)
record-vs-legacy-110-120:4: set probeFontReference to font object of probeRange
record-vs-legacy-110-120:5: set probeLegacyRow to {name of probeFontReference as text,font size of probeFontReference,bold of probeFontReference,italic of probeFontRefe
record-vs-legacy-110-120:6: set probeFontRecord to (get properties of font object of probeRange) as record
record-vs-legacy-110-120:7: set probeShadingRecord to (get properties of shading of probeRange) as record
record-vs-legacy-110-120:8: set probeRecordRow to {name of probeFontRecord as text,font size of probeFontRecord,bold of probeFontRecord,italic of probeFontRecord,underl
record-vs-legacy-110-120:9: set probeLegacyJson to my jsonRows({probeLegacyRow})
record-vs-legacy-110-120:10: set probeRecordJson to my jsonRows({probeRecordRow})
record-vs-legacy-110-120:11: set probeEqual to (current application's NSString's stringWithString:probeLegacyJson)'s isEqualToString:probeRecordJson
record-vs-legacy-110-120:12: if not (probeEqual as boolean) then error "RECORD_VALUE_MISMATCH"
record-vs-legacy-110-120:13: set end of probeRows to {"same-coordinate",probePosition as integer,probeEqual as boolean}
record-vs-legacy-110-120:3: set probeRange to create range boundDoc start probePosition end (probePosition+1)
record-vs-legacy-110-120:4: set probeFontReference to font object of probeRange
record-vs-legacy-110-120:5: set probeLegacyRow to {name of probeFontReference as text,font size of probeFontReference,bold of probeFontReference,italic of probeFontRefe
record-vs-legacy-110-120:6: set probeFontRecord to (get properties of font object of probeRange) as record
record-vs-legacy-110-120:7: set probeShadingRecord to (get properties of shading of probeRange) as record
record-vs-legacy-110-120:8: set probeRecordRow to {name of probeFontRecord as text,font size of probeFontRecord,bold of probeFontRecord,italic of probeFontRecord,underl
record-vs-legacy-110-120:9: set probeLegacyJson to my jsonRows({probeLegacyRow})
record-vs-legacy-110-120:10: set probeRecordJson to my jsonRows({probeRecordRow})
record-vs-legacy-110-120:11: set probeEqual to (current application's NSString's stringWithString:probeLegacyJson)'s isEqualToString:probeRecordJson
record-vs-legacy-110-120:12: if not (probeEqual as boolean) then error "RECORD_VALUE_MISMATCH"
record-vs-legacy-110-120:13: set end of probeRows to {"same-coordinate",probePosition as integer,probeEqual as boolean}
record-vs-legacy-110-120:3: set probeRange to create range boundDoc start probePosition end (probePosition+1)
record-vs-legacy-110-120:4: set probeFontReference to font object of probeRange
record-vs-legacy-110-120:5: set probeLegacyRow to {name of probeFontReference as text,font size of probeFontReference,bold of probeFontReference,italic of probeFontRefe
record-vs-legacy-110-120:6: set probeFontRecord to (get properties of font object of probeRange) as record
record-vs-legacy-110-120:7: set probeShadingRecord to (get properties of shading of probeRange) as record
record-vs-legacy-110-120:8: set probeRecordRow to {name of probeFontRecord as text,font size of probeFontRecord,bold of probeFontRecord,italic of probeFontRecord,underl
record-vs-legacy-110-120:9: set probeLegacyJson to my jsonRows({probeLegacyRow})
record-vs-legacy-110-120:10: set probeRecordJson to my jsonRows({probeRecordRow})
record-vs-legacy-110-120:11: set probeEqual to (current application's NSString's stringWithString:probeLegacyJson)'s isEqualToString:probeRecordJson
record-vs-legacy-110-120:12: if not (probeEqual as boolean) then error "RECORD_VALUE_MISMATCH"
record-vs-legacy-110-120:13: set end of probeRows to {"same-coordinate",probePosition as integer,probeEqual as boolean}
record-vs-legacy-110-120:3: set probeRange to create range boundDoc start probePosition end (probePosition+1)
record-vs-legacy-110-120:4: set probeFontReference to font object of probeRange
record-vs-legacy-110-120:5: set probeLegacyRow to {name of probeFontReference as text,font size of probeFontReference,bold of probeFontReference,italic of probeFontRefe
record-vs-legacy-110-120:6: set probeFontRecord to (get properties of font object of probeRange) as record
record-vs-legacy-110-120:7: set probeShadingRecord to (get properties of shading of probeRange) as record
record-vs-legacy-110-120:8: set probeRecordRow to {name of probeFontRecord as text,font size of probeFontRecord,bold of probeFontRecord,italic of probeFontRecord,underl
record-vs-legacy-110-120:9: set probeLegacyJson to my jsonRows({probeLegacyRow})
record-vs-legacy-110-120:10: set probeRecordJson to my jsonRows({probeRecordRow})
record-vs-legacy-110-120:11: set probeEqual to (current application's NSString's stringWithString:probeLegacyJson)'s isEqualToString:probeRecordJson
record-vs-legacy-110-120:12: if not (probeEqual as boolean) then error "RECORD_VALUE_MISMATCH"
record-vs-legacy-110-120:13: set end of probeRows to {"same-coordinate",probePosition as integer,probeEqual as boolean}
record-vs-legacy-110-120:3: set probeRange to create range boundDoc start probePosition end (probePosition+1)
record-vs-legacy-110-120:4: set probeFontReference to font object of probeRange
record-vs-legacy-110-120:5: set probeLegacyRow to {name of probeFontReference as text,font size of probeFontReference,bold of probeFontReference,italic of probeFontRefe
record-vs-legacy-110-120:6: set probeFontRecord to (get properties of font object of probeRange) as record
record-vs-legacy-110-120:7: set probeShadingRecord to (get properties of shading of probeRange) as record
record-vs-legacy-110-120:8: set probeRecordRow to {name of probeFontRecord as text,font size of probeFontRecord,bold of probeFontRecord,italic of probeFontRecord,underl
record-vs-legacy-110-120:9: set probeLegacyJson to my jsonRows({probeLegacyRow})
record-vs-legacy-110-120:10: set probeRecordJson to my jsonRows({probeRecordRow})
record-vs-legacy-110-120:11: set probeEqual to (current application's NSString's stringWithString:probeLegacyJson)'s isEqualToString:probeRecordJson
record-vs-legacy-110-120:12: if not (probeEqual as boolean) then error "RECORD_VALUE_MISMATCH"
record-vs-legacy-110-120:13: set end of probeRows to {"same-coordinate",probePosition as integer,probeEqual as boolean}
record-vs-legacy-110-120:3: set probeRange to create range boundDoc start probePosition end (probePosition+1)
record-vs-legacy-110-120:4: set probeFontReference to font object of probeRange
record-vs-legacy-110-120:5: set probeLegacyRow to {name of probeFontReference as text,font size of probeFontReference,bold of probeFontReference,italic of probeFontRefe
record-vs-legacy-110-120:6: set probeFontRecord to (get properties of font object of probeRange) as record
record-vs-legacy-110-120:7: set probeShadingRecord to (get properties of shading of probeRange) as record
record-vs-legacy-110-120:8: set probeRecordRow to {name of probeFontRecord as text,font size of probeFontRecord,bold of probeFontRecord,italic of probeFontRecord,underl
record-vs-legacy-110-120:9: set probeLegacyJson to my jsonRows({probeLegacyRow})
record-vs-legacy-110-120:10: set probeRecordJson to my jsonRows({probeRecordRow})
record-vs-legacy-110-120:11: set probeEqual to (current application's NSString's stringWithString:probeLegacyJson)'s isEqualToString:probeRecordJson
record-vs-legacy-110-120:12: if not (probeEqual as boolean) then error "RECORD_VALUE_MISMATCH"
record-vs-legacy-110-120:13: set end of probeRows to {"same-coordinate",probePosition as integer,probeEqual as boolean}
record-vs-legacy-110-120:3: set probeRange to create range boundDoc start probePosition end (probePosition+1)
record-vs-legacy-110-120:4: set probeFontReference to font object of probeRange
record-vs-legacy-110-120:5: set probeLegacyRow to {name of probeFontReference as text,font size of probeFontReference,bold of probeFontReference,italic of probeFontRefe
record-vs-legacy-110-120:6: set probeFontRecord to (get properties of font object of probeRange) as record
record-vs-legacy-110-120:7: set probeShadingRecord to (get properties of shading of probeRange) as record
record-vs-legacy-110-120:8: set probeRecordRow to {name of probeFontRecord as text,font size of probeFontRecord,bold of probeFontRecord,italic of probeFontRecord,underl
record-vs-legacy-110-120:9: set probeLegacyJson to my jsonRows({probeLegacyRow})
record-vs-legacy-110-120:10: set probeRecordJson to my jsonRows({probeRecordRow})
record-vs-legacy-110-120:11: set probeEqual to (current application's NSString's stringWithString:probeLegacyJson)'s isEqualToString:probeRecordJson
record-vs-legacy-110-120:12: if not (probeEqual as boolean) then error "RECORD_VALUE_MISMATCH"
record-vs-legacy-110-120:13: set end of probeRows to {"same-coordinate",probePosition as integer,probeEqual as boolean}

["WPSCOMPOSER_WORD_SESSION_OK",[["read-ok",[["same-coordinate",110,true],["same-coordinate",111,true],["same-coordinate",112,true],["same-coordinate",113,true],["same-coordinate",114,true],["same-coordinate",115,true],["same-coordinate",116,true],["same-coordinate",117,true],["same-coordinate",118,true],["same-coordinate",119,true]]]]]
