record-vs-legacy-40-50:0: set probeFirst to 40
record-vs-legacy-40-50:1: set probeLast to 49
record-vs-legacy-40-50:2: repeat with probePosition from probeFirst to probeLast
record-vs-legacy-40-50:3: set probeRange to create range boundDoc start probePosition end (probePosition+1)
record-vs-legacy-40-50:4: set probeFontReference to font object of probeRange
record-vs-legacy-40-50:5: set probeLegacyRow to {name of probeFontReference as text,font size of probeFontReference,bold of probeFontReference,italic of probeFontRefe
record-vs-legacy-40-50:6: set probeFontRecord to (get properties of font object of probeRange) as record
record-vs-legacy-40-50:7: set probeShadingRecord to (get properties of shading of probeRange) as record
record-vs-legacy-40-50:8: set probeRecordRow to {name of probeFontRecord as text,font size of probeFontRecord,bold of probeFontRecord,italic of probeFontRecord,underl
record-vs-legacy-40-50:9: set probeLegacyJson to my jsonRows({probeLegacyRow})
record-vs-legacy-40-50:10: set probeRecordJson to my jsonRows({probeRecordRow})
record-vs-legacy-40-50:11: set probeEqual to (current application's NSString's stringWithString:probeLegacyJson)'s isEqualToString:probeRecordJson
record-vs-legacy-40-50:12: if not (probeEqual as boolean) then error "RECORD_VALUE_MISMATCH"
record-vs-legacy-40-50:13: set end of probeRows to {"same-coordinate",probePosition as integer,probeEqual as boolean}
record-vs-legacy-40-50:3: set probeRange to create range boundDoc start probePosition end (probePosition+1)
record-vs-legacy-40-50:4: set probeFontReference to font object of probeRange
record-vs-legacy-40-50:5: set probeLegacyRow to {name of probeFontReference as text,font size of probeFontReference,bold of probeFontReference,italic of probeFontRefe
record-vs-legacy-40-50:6: set probeFontRecord to (get properties of font object of probeRange) as record
record-vs-legacy-40-50:7: set probeShadingRecord to (get properties of shading of probeRange) as record
record-vs-legacy-40-50:8: set probeRecordRow to {name of probeFontRecord as text,font size of probeFontRecord,bold of probeFontRecord,italic of probeFontRecord,underl
record-vs-legacy-40-50:9: set probeLegacyJson to my jsonRows({probeLegacyRow})
record-vs-legacy-40-50:10: set probeRecordJson to my jsonRows({probeRecordRow})
record-vs-legacy-40-50:11: set probeEqual to (current application's NSString's stringWithString:probeLegacyJson)'s isEqualToString:probeRecordJson
record-vs-legacy-40-50:12: if not (probeEqual as boolean) then error "RECORD_VALUE_MISMATCH"
record-vs-legacy-40-50:13: set end of probeRows to {"same-coordinate",probePosition as integer,probeEqual as boolean}
record-vs-legacy-40-50:3: set probeRange to create range boundDoc start probePosition end (probePosition+1)
record-vs-legacy-40-50:4: set probeFontReference to font object of probeRange
record-vs-legacy-40-50:5: set probeLegacyRow to {name of probeFontReference as text,font size of probeFontReference,bold of probeFontReference,italic of probeFontRefe
record-vs-legacy-40-50:6: set probeFontRecord to (get properties of font object of probeRange) as record
record-vs-legacy-40-50:7: set probeShadingRecord to (get properties of shading of probeRange) as record
record-vs-legacy-40-50:8: set probeRecordRow to {name of probeFontRecord as text,font size of probeFontRecord,bold of probeFontRecord,italic of probeFontRecord,underl
record-vs-legacy-40-50:9: set probeLegacyJson to my jsonRows({probeLegacyRow})
record-vs-legacy-40-50:10: set probeRecordJson to my jsonRows({probeRecordRow})
record-vs-legacy-40-50:11: set probeEqual to (current application's NSString's stringWithString:probeLegacyJson)'s isEqualToString:probeRecordJson
record-vs-legacy-40-50:12: if not (probeEqual as boolean) then error "RECORD_VALUE_MISMATCH"
record-vs-legacy-40-50:13: set end of probeRows to {"same-coordinate",probePosition as integer,probeEqual as boolean}
record-vs-legacy-40-50:3: set probeRange to create range boundDoc start probePosition end (probePosition+1)
record-vs-legacy-40-50:4: set probeFontReference to font object of probeRange
record-vs-legacy-40-50:5: set probeLegacyRow to {name of probeFontReference as text,font size of probeFontReference,bold of probeFontReference,italic of probeFontRefe
record-vs-legacy-40-50:6: set probeFontRecord to (get properties of font object of probeRange) as record
record-vs-legacy-40-50:7: set probeShadingRecord to (get properties of shading of probeRange) as record
record-vs-legacy-40-50:8: set probeRecordRow to {name of probeFontRecord as text,font size of probeFontRecord,bold of probeFontRecord,italic of probeFontRecord,underl
record-vs-legacy-40-50:9: set probeLegacyJson to my jsonRows({probeLegacyRow})
record-vs-legacy-40-50:10: set probeRecordJson to my jsonRows({probeRecordRow})
record-vs-legacy-40-50:11: set probeEqual to (current application's NSString's stringWithString:probeLegacyJson)'s isEqualToString:probeRecordJson
record-vs-legacy-40-50:12: if not (probeEqual as boolean) then error "RECORD_VALUE_MISMATCH"
record-vs-legacy-40-50:13: set end of probeRows to {"same-coordinate",probePosition as integer,probeEqual as boolean}
record-vs-legacy-40-50:3: set probeRange to create range boundDoc start probePosition end (probePosition+1)
record-vs-legacy-40-50:4: set probeFontReference to font object of probeRange
record-vs-legacy-40-50:5: set probeLegacyRow to {name of probeFontReference as text,font size of probeFontReference,bold of probeFontReference,italic of probeFontRefe
record-vs-legacy-40-50:6: set probeFontRecord to (get properties of font object of probeRange) as record
record-vs-legacy-40-50:7: set probeShadingRecord to (get properties of shading of probeRange) as record
record-vs-legacy-40-50:8: set probeRecordRow to {name of probeFontRecord as text,font size of probeFontRecord,bold of probeFontRecord,italic of probeFontRecord,underl
record-vs-legacy-40-50:9: set probeLegacyJson to my jsonRows({probeLegacyRow})
record-vs-legacy-40-50:10: set probeRecordJson to my jsonRows({probeRecordRow})
record-vs-legacy-40-50:11: set probeEqual to (current application's NSString's stringWithString:probeLegacyJson)'s isEqualToString:probeRecordJson
record-vs-legacy-40-50:12: if not (probeEqual as boolean) then error "RECORD_VALUE_MISMATCH"
record-vs-legacy-40-50:13: set end of probeRows to {"same-coordinate",probePosition as integer,probeEqual as boolean}
record-vs-legacy-40-50:3: set probeRange to create range boundDoc start probePosition end (probePosition+1)
record-vs-legacy-40-50:4: set probeFontReference to font object of probeRange
record-vs-legacy-40-50:5: set probeLegacyRow to {name of probeFontReference as text,font size of probeFontReference,bold of probeFontReference,italic of probeFontRefe
record-vs-legacy-40-50:6: set probeFontRecord to (get properties of font object of probeRange) as record
record-vs-legacy-40-50:7: set probeShadingRecord to (get properties of shading of probeRange) as record
record-vs-legacy-40-50:8: set probeRecordRow to {name of probeFontRecord as text,font size of probeFontRecord,bold of probeFontRecord,italic of probeFontRecord,underl
record-vs-legacy-40-50:9: set probeLegacyJson to my jsonRows({probeLegacyRow})
record-vs-legacy-40-50:10: set probeRecordJson to my jsonRows({probeRecordRow})
record-vs-legacy-40-50:11: set probeEqual to (current application's NSString's stringWithString:probeLegacyJson)'s isEqualToString:probeRecordJson
record-vs-legacy-40-50:12: if not (probeEqual as boolean) then error "RECORD_VALUE_MISMATCH"
record-vs-legacy-40-50:13: set end of probeRows to {"same-coordinate",probePosition as integer,probeEqual as boolean}
record-vs-legacy-40-50:3: set probeRange to create range boundDoc start probePosition end (probePosition+1)
record-vs-legacy-40-50:4: set probeFontReference to font object of probeRange
record-vs-legacy-40-50:5: set probeLegacyRow to {name of probeFontReference as text,font size of probeFontReference,bold of probeFontReference,italic of probeFontRefe
record-vs-legacy-40-50:6: set probeFontRecord to (get properties of font object of probeRange) as record
record-vs-legacy-40-50:7: set probeShadingRecord to (get properties of shading of probeRange) as record
record-vs-legacy-40-50:8: set probeRecordRow to {name of probeFontRecord as text,font size of probeFontRecord,bold of probeFontRecord,italic of probeFontRecord,underl
record-vs-legacy-40-50:9: set probeLegacyJson to my jsonRows({probeLegacyRow})
record-vs-legacy-40-50:10: set probeRecordJson to my jsonRows({probeRecordRow})
record-vs-legacy-40-50:11: set probeEqual to (current application's NSString's stringWithString:probeLegacyJson)'s isEqualToString:probeRecordJson
record-vs-legacy-40-50:12: if not (probeEqual as boolean) then error "RECORD_VALUE_MISMATCH"
record-vs-legacy-40-50:13: set end of probeRows to {"same-coordinate",probePosition as integer,probeEqual as boolean}
record-vs-legacy-40-50:3: set probeRange to create range boundDoc start probePosition end (probePosition+1)
record-vs-legacy-40-50:4: set probeFontReference to font object of probeRange
record-vs-legacy-40-50:5: set probeLegacyRow to {name of probeFontReference as text,font size of probeFontReference,bold of probeFontReference,italic of probeFontRefe
record-vs-legacy-40-50:6: set probeFontRecord to (get properties of font object of probeRange) as record
record-vs-legacy-40-50:7: set probeShadingRecord to (get properties of shading of probeRange) as record
record-vs-legacy-40-50:8: set probeRecordRow to {name of probeFontRecord as text,font size of probeFontRecord,bold of probeFontRecord,italic of probeFontRecord,underl
record-vs-legacy-40-50:9: set probeLegacyJson to my jsonRows({probeLegacyRow})
record-vs-legacy-40-50:10: set probeRecordJson to my jsonRows({probeRecordRow})
record-vs-legacy-40-50:11: set probeEqual to (current application's NSString's stringWithString:probeLegacyJson)'s isEqualToString:probeRecordJson
record-vs-legacy-40-50:12: if not (probeEqual as boolean) then error "RECORD_VALUE_MISMATCH"
record-vs-legacy-40-50:13: set end of probeRows to {"same-coordinate",probePosition as integer,probeEqual as boolean}
record-vs-legacy-40-50:3: set probeRange to create range boundDoc start probePosition end (probePosition+1)
record-vs-legacy-40-50:4: set probeFontReference to font object of probeRange
record-vs-legacy-40-50:5: set probeLegacyRow to {name of probeFontReference as text,font size of probeFontReference,bold of probeFontReference,italic of probeFontRefe
record-vs-legacy-40-50:6: set probeFontRecord to (get properties of font object of probeRange) as record
record-vs-legacy-40-50:7: set probeShadingRecord to (get properties of shading of probeRange) as record
record-vs-legacy-40-50:8: set probeRecordRow to {name of probeFontRecord as text,font size of probeFontRecord,bold of probeFontRecord,italic of probeFontRecord,underl
record-vs-legacy-40-50:9: set probeLegacyJson to my jsonRows({probeLegacyRow})
record-vs-legacy-40-50:10: set probeRecordJson to my jsonRows({probeRecordRow})
record-vs-legacy-40-50:11: set probeEqual to (current application's NSString's stringWithString:probeLegacyJson)'s isEqualToString:probeRecordJson
record-vs-legacy-40-50:12: if not (probeEqual as boolean) then error "RECORD_VALUE_MISMATCH"
record-vs-legacy-40-50:13: set end of probeRows to {"same-coordinate",probePosition as integer,probeEqual as boolean}
record-vs-legacy-40-50:3: set probeRange to create range boundDoc start probePosition end (probePosition+1)
record-vs-legacy-40-50:4: set probeFontReference to font object of probeRange
record-vs-legacy-40-50:5: set probeLegacyRow to {name of probeFontReference as text,font size of probeFontReference,bold of probeFontReference,italic of probeFontRefe
record-vs-legacy-40-50:6: set probeFontRecord to (get properties of font object of probeRange) as record
record-vs-legacy-40-50:7: set probeShadingRecord to (get properties of shading of probeRange) as record
record-vs-legacy-40-50:8: set probeRecordRow to {name of probeFontRecord as text,font size of probeFontRecord,bold of probeFontRecord,italic of probeFontRecord,underl
record-vs-legacy-40-50:9: set probeLegacyJson to my jsonRows({probeLegacyRow})
record-vs-legacy-40-50:10: set probeRecordJson to my jsonRows({probeRecordRow})
record-vs-legacy-40-50:11: set probeEqual to (current application's NSString's stringWithString:probeLegacyJson)'s isEqualToString:probeRecordJson
record-vs-legacy-40-50:12: if not (probeEqual as boolean) then error "RECORD_VALUE_MISMATCH"
record-vs-legacy-40-50:13: set end of probeRows to {"same-coordinate",probePosition as integer,probeEqual as boolean}

["WPSCOMPOSER_WORD_SESSION_OK",[["read-ok",[["same-coordinate",40,true],["same-coordinate",41,true],["same-coordinate",42,true],["same-coordinate",43,true],["same-coordinate",44,true],["same-coordinate",45,true],["same-coordinate",46,true],["same-coordinate",47,true],["same-coordinate",48,true],["same-coordinate",49,true]]]]]
