record-vs-legacy-120-130:0: set probeFirst to 120
record-vs-legacy-120-130:1: set probeLast to 129
record-vs-legacy-120-130:2: repeat with probePosition from probeFirst to probeLast
record-vs-legacy-120-130:3: set probeRange to create range boundDoc start probePosition end (probePosition+1)
record-vs-legacy-120-130:4: set probeFontReference to font object of probeRange
record-vs-legacy-120-130:5: set probeLegacyRow to {name of probeFontReference as text,font size of probeFontReference,bold of probeFontReference,italic of probeFontRefe
record-vs-legacy-120-130:6: set probeFontRecord to (get properties of font object of probeRange) as record
record-vs-legacy-120-130:7: set probeShadingRecord to (get properties of shading of probeRange) as record
record-vs-legacy-120-130:8: set probeRecordRow to {name of probeFontRecord as text,font size of probeFontRecord,bold of probeFontRecord,italic of probeFontRecord,underl
record-vs-legacy-120-130:9: set probeLegacyJson to my jsonRows({probeLegacyRow})
record-vs-legacy-120-130:10: set probeRecordJson to my jsonRows({probeRecordRow})
record-vs-legacy-120-130:11: set probeEqual to (current application's NSString's stringWithString:probeLegacyJson)'s isEqualToString:probeRecordJson
record-vs-legacy-120-130:12: if not (probeEqual as boolean) then error "RECORD_VALUE_MISMATCH"
record-vs-legacy-120-130:13: set end of probeRows to {"same-coordinate",probePosition as integer,probeEqual as boolean}
record-vs-legacy-120-130:3: set probeRange to create range boundDoc start probePosition end (probePosition+1)
record-vs-legacy-120-130:4: set probeFontReference to font object of probeRange
record-vs-legacy-120-130:5: set probeLegacyRow to {name of probeFontReference as text,font size of probeFontReference,bold of probeFontReference,italic of probeFontRefe
record-vs-legacy-120-130:6: set probeFontRecord to (get properties of font object of probeRange) as record
record-vs-legacy-120-130:7: set probeShadingRecord to (get properties of shading of probeRange) as record
record-vs-legacy-120-130:8: set probeRecordRow to {name of probeFontRecord as text,font size of probeFontRecord,bold of probeFontRecord,italic of probeFontRecord,underl
record-vs-legacy-120-130:9: set probeLegacyJson to my jsonRows({probeLegacyRow})
record-vs-legacy-120-130:10: set probeRecordJson to my jsonRows({probeRecordRow})
record-vs-legacy-120-130:11: set probeEqual to (current application's NSString's stringWithString:probeLegacyJson)'s isEqualToString:probeRecordJson
record-vs-legacy-120-130:12: if not (probeEqual as boolean) then error "RECORD_VALUE_MISMATCH"
record-vs-legacy-120-130:13: set end of probeRows to {"same-coordinate",probePosition as integer,probeEqual as boolean}
record-vs-legacy-120-130:3: set probeRange to create range boundDoc start probePosition end (probePosition+1)
record-vs-legacy-120-130:4: set probeFontReference to font object of probeRange
record-vs-legacy-120-130:5: set probeLegacyRow to {name of probeFontReference as text,font size of probeFontReference,bold of probeFontReference,italic of probeFontRefe
record-vs-legacy-120-130:6: set probeFontRecord to (get properties of font object of probeRange) as record
record-vs-legacy-120-130:7: set probeShadingRecord to (get properties of shading of probeRange) as record
record-vs-legacy-120-130:8: set probeRecordRow to {name of probeFontRecord as text,font size of probeFontRecord,bold of probeFontRecord,italic of probeFontRecord,underl
record-vs-legacy-120-130:9: set probeLegacyJson to my jsonRows({probeLegacyRow})
record-vs-legacy-120-130:10: set probeRecordJson to my jsonRows({probeRecordRow})
record-vs-legacy-120-130:11: set probeEqual to (current application's NSString's stringWithString:probeLegacyJson)'s isEqualToString:probeRecordJson
record-vs-legacy-120-130:12: if not (probeEqual as boolean) then error "RECORD_VALUE_MISMATCH"
record-vs-legacy-120-130:13: set end of probeRows to {"same-coordinate",probePosition as integer,probeEqual as boolean}
record-vs-legacy-120-130:3: set probeRange to create range boundDoc start probePosition end (probePosition+1)
record-vs-legacy-120-130:4: set probeFontReference to font object of probeRange
record-vs-legacy-120-130:5: set probeLegacyRow to {name of probeFontReference as text,font size of probeFontReference,bold of probeFontReference,italic of probeFontRefe
record-vs-legacy-120-130:6: set probeFontRecord to (get properties of font object of probeRange) as record
record-vs-legacy-120-130:7: set probeShadingRecord to (get properties of shading of probeRange) as record
record-vs-legacy-120-130:8: set probeRecordRow to {name of probeFontRecord as text,font size of probeFontRecord,bold of probeFontRecord,italic of probeFontRecord,underl
record-vs-legacy-120-130:9: set probeLegacyJson to my jsonRows({probeLegacyRow})
record-vs-legacy-120-130:10: set probeRecordJson to my jsonRows({probeRecordRow})
record-vs-legacy-120-130:11: set probeEqual to (current application's NSString's stringWithString:probeLegacyJson)'s isEqualToString:probeRecordJson
record-vs-legacy-120-130:12: if not (probeEqual as boolean) then error "RECORD_VALUE_MISMATCH"
record-vs-legacy-120-130:13: set end of probeRows to {"same-coordinate",probePosition as integer,probeEqual as boolean}
record-vs-legacy-120-130:3: set probeRange to create range boundDoc start probePosition end (probePosition+1)
record-vs-legacy-120-130:4: set probeFontReference to font object of probeRange
record-vs-legacy-120-130:5: set probeLegacyRow to {name of probeFontReference as text,font size of probeFontReference,bold of probeFontReference,italic of probeFontRefe
record-vs-legacy-120-130:6: set probeFontRecord to (get properties of font object of probeRange) as record
record-vs-legacy-120-130:7: set probeShadingRecord to (get properties of shading of probeRange) as record
record-vs-legacy-120-130:8: set probeRecordRow to {name of probeFontRecord as text,font size of probeFontRecord,bold of probeFontRecord,italic of probeFontRecord,underl
record-vs-legacy-120-130:9: set probeLegacyJson to my jsonRows({probeLegacyRow})
record-vs-legacy-120-130:10: set probeRecordJson to my jsonRows({probeRecordRow})
record-vs-legacy-120-130:11: set probeEqual to (current application's NSString's stringWithString:probeLegacyJson)'s isEqualToString:probeRecordJson
record-vs-legacy-120-130:12: if not (probeEqual as boolean) then error "RECORD_VALUE_MISMATCH"
record-vs-legacy-120-130:13: set end of probeRows to {"same-coordinate",probePosition as integer,probeEqual as boolean}
record-vs-legacy-120-130:3: set probeRange to create range boundDoc start probePosition end (probePosition+1)
record-vs-legacy-120-130:4: set probeFontReference to font object of probeRange
record-vs-legacy-120-130:5: set probeLegacyRow to {name of probeFontReference as text,font size of probeFontReference,bold of probeFontReference,italic of probeFontRefe
record-vs-legacy-120-130:6: set probeFontRecord to (get properties of font object of probeRange) as record
record-vs-legacy-120-130:7: set probeShadingRecord to (get properties of shading of probeRange) as record
record-vs-legacy-120-130:8: set probeRecordRow to {name of probeFontRecord as text,font size of probeFontRecord,bold of probeFontRecord,italic of probeFontRecord,underl
record-vs-legacy-120-130:9: set probeLegacyJson to my jsonRows({probeLegacyRow})
record-vs-legacy-120-130:10: set probeRecordJson to my jsonRows({probeRecordRow})
record-vs-legacy-120-130:11: set probeEqual to (current application's NSString's stringWithString:probeLegacyJson)'s isEqualToString:probeRecordJson
record-vs-legacy-120-130:12: if not (probeEqual as boolean) then error "RECORD_VALUE_MISMATCH"
record-vs-legacy-120-130:13: set end of probeRows to {"same-coordinate",probePosition as integer,probeEqual as boolean}
record-vs-legacy-120-130:3: set probeRange to create range boundDoc start probePosition end (probePosition+1)
record-vs-legacy-120-130:4: set probeFontReference to font object of probeRange
record-vs-legacy-120-130:5: set probeLegacyRow to {name of probeFontReference as text,font size of probeFontReference,bold of probeFontReference,italic of probeFontRefe
record-vs-legacy-120-130:6: set probeFontRecord to (get properties of font object of probeRange) as record
record-vs-legacy-120-130:7: set probeShadingRecord to (get properties of shading of probeRange) as record
record-vs-legacy-120-130:8: set probeRecordRow to {name of probeFontRecord as text,font size of probeFontRecord,bold of probeFontRecord,italic of probeFontRecord,underl
record-vs-legacy-120-130:9: set probeLegacyJson to my jsonRows({probeLegacyRow})
record-vs-legacy-120-130:10: set probeRecordJson to my jsonRows({probeRecordRow})
record-vs-legacy-120-130:11: set probeEqual to (current application's NSString's stringWithString:probeLegacyJson)'s isEqualToString:probeRecordJson
record-vs-legacy-120-130:12: if not (probeEqual as boolean) then error "RECORD_VALUE_MISMATCH"
record-vs-legacy-120-130:13: set end of probeRows to {"same-coordinate",probePosition as integer,probeEqual as boolean}
record-vs-legacy-120-130:3: set probeRange to create range boundDoc start probePosition end (probePosition+1)
record-vs-legacy-120-130:4: set probeFontReference to font object of probeRange
record-vs-legacy-120-130:5: set probeLegacyRow to {name of probeFontReference as text,font size of probeFontReference,bold of probeFontReference,italic of probeFontRefe
record-vs-legacy-120-130:6: set probeFontRecord to (get properties of font object of probeRange) as record
record-vs-legacy-120-130:7: set probeShadingRecord to (get properties of shading of probeRange) as record
record-vs-legacy-120-130:8: set probeRecordRow to {name of probeFontRecord as text,font size of probeFontRecord,bold of probeFontRecord,italic of probeFontRecord,underl
record-vs-legacy-120-130:9: set probeLegacyJson to my jsonRows({probeLegacyRow})
record-vs-legacy-120-130:10: set probeRecordJson to my jsonRows({probeRecordRow})
record-vs-legacy-120-130:11: set probeEqual to (current application's NSString's stringWithString:probeLegacyJson)'s isEqualToString:probeRecordJson
record-vs-legacy-120-130:12: if not (probeEqual as boolean) then error "RECORD_VALUE_MISMATCH"
record-vs-legacy-120-130:13: set end of probeRows to {"same-coordinate",probePosition as integer,probeEqual as boolean}
record-vs-legacy-120-130:3: set probeRange to create range boundDoc start probePosition end (probePosition+1)
record-vs-legacy-120-130:4: set probeFontReference to font object of probeRange
record-vs-legacy-120-130:5: set probeLegacyRow to {name of probeFontReference as text,font size of probeFontReference,bold of probeFontReference,italic of probeFontRefe
record-vs-legacy-120-130:6: set probeFontRecord to (get properties of font object of probeRange) as record
record-vs-legacy-120-130:7: set probeShadingRecord to (get properties of shading of probeRange) as record
record-vs-legacy-120-130:8: set probeRecordRow to {name of probeFontRecord as text,font size of probeFontRecord,bold of probeFontRecord,italic of probeFontRecord,underl
record-vs-legacy-120-130:9: set probeLegacyJson to my jsonRows({probeLegacyRow})
record-vs-legacy-120-130:10: set probeRecordJson to my jsonRows({probeRecordRow})
record-vs-legacy-120-130:11: set probeEqual to (current application's NSString's stringWithString:probeLegacyJson)'s isEqualToString:probeRecordJson
record-vs-legacy-120-130:12: if not (probeEqual as boolean) then error "RECORD_VALUE_MISMATCH"
record-vs-legacy-120-130:13: set end of probeRows to {"same-coordinate",probePosition as integer,probeEqual as boolean}
record-vs-legacy-120-130:3: set probeRange to create range boundDoc start probePosition end (probePosition+1)
record-vs-legacy-120-130:4: set probeFontReference to font object of probeRange
record-vs-legacy-120-130:5: set probeLegacyRow to {name of probeFontReference as text,font size of probeFontReference,bold of probeFontReference,italic of probeFontRefe
record-vs-legacy-120-130:6: set probeFontRecord to (get properties of font object of probeRange) as record
record-vs-legacy-120-130:7: set probeShadingRecord to (get properties of shading of probeRange) as record
record-vs-legacy-120-130:8: set probeRecordRow to {name of probeFontRecord as text,font size of probeFontRecord,bold of probeFontRecord,italic of probeFontRecord,underl
record-vs-legacy-120-130:9: set probeLegacyJson to my jsonRows({probeLegacyRow})
record-vs-legacy-120-130:10: set probeRecordJson to my jsonRows({probeRecordRow})
record-vs-legacy-120-130:11: set probeEqual to (current application's NSString's stringWithString:probeLegacyJson)'s isEqualToString:probeRecordJson
record-vs-legacy-120-130:12: if not (probeEqual as boolean) then error "RECORD_VALUE_MISMATCH"
record-vs-legacy-120-130:13: set end of probeRows to {"same-coordinate",probePosition as integer,probeEqual as boolean}

["WPSCOMPOSER_WORD_SESSION_OK",[["read-ok",[["same-coordinate",120,true],["same-coordinate",121,true],["same-coordinate",122,true],["same-coordinate",123,true],["same-coordinate",124,true],["same-coordinate",125,true],["same-coordinate",126,true],["same-coordinate",127,true],["same-coordinate",128,true],["same-coordinate",129,true]]]]]
