record-vs-legacy-50-60:0: set probeFirst to 50
record-vs-legacy-50-60:1: set probeLast to 59
record-vs-legacy-50-60:2: repeat with probePosition from probeFirst to probeLast
record-vs-legacy-50-60:3: set probeRange to create range boundDoc start probePosition end (probePosition+1)
record-vs-legacy-50-60:4: set probeFontReference to font object of probeRange
record-vs-legacy-50-60:5: set probeLegacyRow to {name of probeFontReference as text,font size of probeFontReference,bold of probeFontReference,italic of probeFontRefe
record-vs-legacy-50-60:6: set probeFontRecord to (get properties of font object of probeRange) as record
record-vs-legacy-50-60:7: set probeShadingRecord to (get properties of shading of probeRange) as record
record-vs-legacy-50-60:8: set probeRecordRow to {name of probeFontRecord as text,font size of probeFontRecord,bold of probeFontRecord,italic of probeFontRecord,underl
record-vs-legacy-50-60:9: set probeLegacyJson to my jsonRows({probeLegacyRow})
record-vs-legacy-50-60:10: set probeRecordJson to my jsonRows({probeRecordRow})
record-vs-legacy-50-60:11: set probeEqual to (current application's NSString's stringWithString:probeLegacyJson)'s isEqualToString:probeRecordJson
record-vs-legacy-50-60:12: if not (probeEqual as boolean) then error "RECORD_VALUE_MISMATCH"
record-vs-legacy-50-60:13: set end of probeRows to {"same-coordinate",probePosition as integer,probeEqual as boolean}
record-vs-legacy-50-60:3: set probeRange to create range boundDoc start probePosition end (probePosition+1)
record-vs-legacy-50-60:4: set probeFontReference to font object of probeRange
record-vs-legacy-50-60:5: set probeLegacyRow to {name of probeFontReference as text,font size of probeFontReference,bold of probeFontReference,italic of probeFontRefe
record-vs-legacy-50-60:6: set probeFontRecord to (get properties of font object of probeRange) as record
record-vs-legacy-50-60:7: set probeShadingRecord to (get properties of shading of probeRange) as record
record-vs-legacy-50-60:8: set probeRecordRow to {name of probeFontRecord as text,font size of probeFontRecord,bold of probeFontRecord,italic of probeFontRecord,underl
record-vs-legacy-50-60:9: set probeLegacyJson to my jsonRows({probeLegacyRow})
record-vs-legacy-50-60:10: set probeRecordJson to my jsonRows({probeRecordRow})
record-vs-legacy-50-60:11: set probeEqual to (current application's NSString's stringWithString:probeLegacyJson)'s isEqualToString:probeRecordJson
record-vs-legacy-50-60:12: if not (probeEqual as boolean) then error "RECORD_VALUE_MISMATCH"
record-vs-legacy-50-60:13: set end of probeRows to {"same-coordinate",probePosition as integer,probeEqual as boolean}
record-vs-legacy-50-60:3: set probeRange to create range boundDoc start probePosition end (probePosition+1)
record-vs-legacy-50-60:4: set probeFontReference to font object of probeRange
record-vs-legacy-50-60:5: set probeLegacyRow to {name of probeFontReference as text,font size of probeFontReference,bold of probeFontReference,italic of probeFontRefe
record-vs-legacy-50-60:6: set probeFontRecord to (get properties of font object of probeRange) as record
record-vs-legacy-50-60:7: set probeShadingRecord to (get properties of shading of probeRange) as record
record-vs-legacy-50-60:8: set probeRecordRow to {name of probeFontRecord as text,font size of probeFontRecord,bold of probeFontRecord,italic of probeFontRecord,underl
record-vs-legacy-50-60:9: set probeLegacyJson to my jsonRows({probeLegacyRow})
record-vs-legacy-50-60:10: set probeRecordJson to my jsonRows({probeRecordRow})
record-vs-legacy-50-60:11: set probeEqual to (current application's NSString's stringWithString:probeLegacyJson)'s isEqualToString:probeRecordJson
record-vs-legacy-50-60:12: if not (probeEqual as boolean) then error "RECORD_VALUE_MISMATCH"
record-vs-legacy-50-60:13: set end of probeRows to {"same-coordinate",probePosition as integer,probeEqual as boolean}
record-vs-legacy-50-60:3: set probeRange to create range boundDoc start probePosition end (probePosition+1)
record-vs-legacy-50-60:4: set probeFontReference to font object of probeRange
record-vs-legacy-50-60:5: set probeLegacyRow to {name of probeFontReference as text,font size of probeFontReference,bold of probeFontReference,italic of probeFontRefe
record-vs-legacy-50-60:6: set probeFontRecord to (get properties of font object of probeRange) as record
record-vs-legacy-50-60:7: set probeShadingRecord to (get properties of shading of probeRange) as record
record-vs-legacy-50-60:8: set probeRecordRow to {name of probeFontRecord as text,font size of probeFontRecord,bold of probeFontRecord,italic of probeFontRecord,underl
record-vs-legacy-50-60:9: set probeLegacyJson to my jsonRows({probeLegacyRow})
record-vs-legacy-50-60:10: set probeRecordJson to my jsonRows({probeRecordRow})
record-vs-legacy-50-60:11: set probeEqual to (current application's NSString's stringWithString:probeLegacyJson)'s isEqualToString:probeRecordJson
record-vs-legacy-50-60:12: if not (probeEqual as boolean) then error "RECORD_VALUE_MISMATCH"
record-vs-legacy-50-60:13: set end of probeRows to {"same-coordinate",probePosition as integer,probeEqual as boolean}
record-vs-legacy-50-60:3: set probeRange to create range boundDoc start probePosition end (probePosition+1)
record-vs-legacy-50-60:4: set probeFontReference to font object of probeRange
record-vs-legacy-50-60:5: set probeLegacyRow to {name of probeFontReference as text,font size of probeFontReference,bold of probeFontReference,italic of probeFontRefe
record-vs-legacy-50-60:6: set probeFontRecord to (get properties of font object of probeRange) as record
record-vs-legacy-50-60:7: set probeShadingRecord to (get properties of shading of probeRange) as record
record-vs-legacy-50-60:8: set probeRecordRow to {name of probeFontRecord as text,font size of probeFontRecord,bold of probeFontRecord,italic of probeFontRecord,underl
record-vs-legacy-50-60:9: set probeLegacyJson to my jsonRows({probeLegacyRow})
record-vs-legacy-50-60:10: set probeRecordJson to my jsonRows({probeRecordRow})
record-vs-legacy-50-60:11: set probeEqual to (current application's NSString's stringWithString:probeLegacyJson)'s isEqualToString:probeRecordJson
record-vs-legacy-50-60:12: if not (probeEqual as boolean) then error "RECORD_VALUE_MISMATCH"
record-vs-legacy-50-60:13: set end of probeRows to {"same-coordinate",probePosition as integer,probeEqual as boolean}
record-vs-legacy-50-60:3: set probeRange to create range boundDoc start probePosition end (probePosition+1)
record-vs-legacy-50-60:4: set probeFontReference to font object of probeRange
record-vs-legacy-50-60:5: set probeLegacyRow to {name of probeFontReference as text,font size of probeFontReference,bold of probeFontReference,italic of probeFontRefe
record-vs-legacy-50-60:6: set probeFontRecord to (get properties of font object of probeRange) as record
record-vs-legacy-50-60:7: set probeShadingRecord to (get properties of shading of probeRange) as record
record-vs-legacy-50-60:8: set probeRecordRow to {name of probeFontRecord as text,font size of probeFontRecord,bold of probeFontRecord,italic of probeFontRecord,underl
record-vs-legacy-50-60:9: set probeLegacyJson to my jsonRows({probeLegacyRow})
record-vs-legacy-50-60:10: set probeRecordJson to my jsonRows({probeRecordRow})
record-vs-legacy-50-60:11: set probeEqual to (current application's NSString's stringWithString:probeLegacyJson)'s isEqualToString:probeRecordJson
record-vs-legacy-50-60:12: if not (probeEqual as boolean) then error "RECORD_VALUE_MISMATCH"
record-vs-legacy-50-60:13: set end of probeRows to {"same-coordinate",probePosition as integer,probeEqual as boolean}
record-vs-legacy-50-60:3: set probeRange to create range boundDoc start probePosition end (probePosition+1)
record-vs-legacy-50-60:4: set probeFontReference to font object of probeRange
record-vs-legacy-50-60:5: set probeLegacyRow to {name of probeFontReference as text,font size of probeFontReference,bold of probeFontReference,italic of probeFontRefe
record-vs-legacy-50-60:6: set probeFontRecord to (get properties of font object of probeRange) as record
record-vs-legacy-50-60:7: set probeShadingRecord to (get properties of shading of probeRange) as record
record-vs-legacy-50-60:8: set probeRecordRow to {name of probeFontRecord as text,font size of probeFontRecord,bold of probeFontRecord,italic of probeFontRecord,underl
record-vs-legacy-50-60:9: set probeLegacyJson to my jsonRows({probeLegacyRow})
record-vs-legacy-50-60:10: set probeRecordJson to my jsonRows({probeRecordRow})
record-vs-legacy-50-60:11: set probeEqual to (current application's NSString's stringWithString:probeLegacyJson)'s isEqualToString:probeRecordJson
record-vs-legacy-50-60:12: if not (probeEqual as boolean) then error "RECORD_VALUE_MISMATCH"
record-vs-legacy-50-60:13: set end of probeRows to {"same-coordinate",probePosition as integer,probeEqual as boolean}
record-vs-legacy-50-60:3: set probeRange to create range boundDoc start probePosition end (probePosition+1)
record-vs-legacy-50-60:4: set probeFontReference to font object of probeRange
record-vs-legacy-50-60:5: set probeLegacyRow to {name of probeFontReference as text,font size of probeFontReference,bold of probeFontReference,italic of probeFontRefe
record-vs-legacy-50-60:6: set probeFontRecord to (get properties of font object of probeRange) as record
record-vs-legacy-50-60:7: set probeShadingRecord to (get properties of shading of probeRange) as record
record-vs-legacy-50-60:8: set probeRecordRow to {name of probeFontRecord as text,font size of probeFontRecord,bold of probeFontRecord,italic of probeFontRecord,underl
record-vs-legacy-50-60:9: set probeLegacyJson to my jsonRows({probeLegacyRow})
record-vs-legacy-50-60:10: set probeRecordJson to my jsonRows({probeRecordRow})
record-vs-legacy-50-60:11: set probeEqual to (current application's NSString's stringWithString:probeLegacyJson)'s isEqualToString:probeRecordJson
record-vs-legacy-50-60:12: if not (probeEqual as boolean) then error "RECORD_VALUE_MISMATCH"
record-vs-legacy-50-60:13: set end of probeRows to {"same-coordinate",probePosition as integer,probeEqual as boolean}
record-vs-legacy-50-60:3: set probeRange to create range boundDoc start probePosition end (probePosition+1)
record-vs-legacy-50-60:4: set probeFontReference to font object of probeRange
record-vs-legacy-50-60:5: set probeLegacyRow to {name of probeFontReference as text,font size of probeFontReference,bold of probeFontReference,italic of probeFontRefe
record-vs-legacy-50-60:6: set probeFontRecord to (get properties of font object of probeRange) as record
record-vs-legacy-50-60:7: set probeShadingRecord to (get properties of shading of probeRange) as record
record-vs-legacy-50-60:8: set probeRecordRow to {name of probeFontRecord as text,font size of probeFontRecord,bold of probeFontRecord,italic of probeFontRecord,underl
record-vs-legacy-50-60:9: set probeLegacyJson to my jsonRows({probeLegacyRow})
record-vs-legacy-50-60:10: set probeRecordJson to my jsonRows({probeRecordRow})
record-vs-legacy-50-60:11: set probeEqual to (current application's NSString's stringWithString:probeLegacyJson)'s isEqualToString:probeRecordJson
record-vs-legacy-50-60:12: if not (probeEqual as boolean) then error "RECORD_VALUE_MISMATCH"
record-vs-legacy-50-60:13: set end of probeRows to {"same-coordinate",probePosition as integer,probeEqual as boolean}
record-vs-legacy-50-60:3: set probeRange to create range boundDoc start probePosition end (probePosition+1)
record-vs-legacy-50-60:4: set probeFontReference to font object of probeRange
record-vs-legacy-50-60:5: set probeLegacyRow to {name of probeFontReference as text,font size of probeFontReference,bold of probeFontReference,italic of probeFontRefe
record-vs-legacy-50-60:6: set probeFontRecord to (get properties of font object of probeRange) as record
record-vs-legacy-50-60:7: set probeShadingRecord to (get properties of shading of probeRange) as record
record-vs-legacy-50-60:8: set probeRecordRow to {name of probeFontRecord as text,font size of probeFontRecord,bold of probeFontRecord,italic of probeFontRecord,underl
record-vs-legacy-50-60:9: set probeLegacyJson to my jsonRows({probeLegacyRow})
record-vs-legacy-50-60:10: set probeRecordJson to my jsonRows({probeRecordRow})
record-vs-legacy-50-60:11: set probeEqual to (current application's NSString's stringWithString:probeLegacyJson)'s isEqualToString:probeRecordJson
record-vs-legacy-50-60:12: if not (probeEqual as boolean) then error "RECORD_VALUE_MISMATCH"
record-vs-legacy-50-60:13: set end of probeRows to {"same-coordinate",probePosition as integer,probeEqual as boolean}

["WPSCOMPOSER_WORD_SESSION_OK",[["read-ok",[["same-coordinate",50,true],["same-coordinate",51,true],["same-coordinate",52,true],["same-coordinate",53,true],["same-coordinate",54,true],["same-coordinate",55,true],["same-coordinate",56,true],["same-coordinate",57,true],["same-coordinate",58,true],["same-coordinate",59,true]]]]]
