WPSC_OP:writer.reset
WPSC_OP:writer.configure_page
WPSC_OP:writer.ensure_styles
WPSC_OP:writer.configure_front_matter
WPSC_OP:writer.configure_toc_styles
WPSC_OP:writer.reserve_document_quality_anchor
WPSC_OP:writer.configure_section
WPSC_OP:writer.add_heading
WPSC_OP:writer.add_heading
WPSC_OP:writer.add_equation
WPSC_OP:writer.add_paragraph
WPSC_OP:writer.add_heading
WPSC_OP:writer.add_semantic_table
WPSC_OP:writer.add_paragraph
WPSC_PICTURE_STEP:335
WPSC_OP:writer.add_captioned_figure
WPSC_PICTURE_STEP:336
WPSC_PICTURE_STEP:337
WPSC_PICTURE_STEP:338
WPSC_PICTURE_STEP:339
WPSC_PICTURE_STEP:340
WPSC_PICTURE_STEP:341
WPSC_PICTURE_STEP:342
WPSC_PICTURE_STEP:343
WPSC_PICTURE_STEP:344
WPSC_PICTURE_STEP:345
WPSC_PICTURE_STEP:346
WPSC_PICTURE_STEP:347
WPSC_PICTURE_STEP:348
WPSC_PICTURE_STEP:349
WPSC_PICTURE_STEP:350
WPSC_PICTURE_STEP:351
WPSC_PICTURE_STEP:352
WPSC_PICTURE_STEP:353
WPSC_PICTURE_STEP:354
WPSC_PICTURE_STEP:355
WPSC_PICTURE_STEP:356
WPSC_ERROR	-10006	The object you are trying to access does not exist
WPSC_CLEAN
/Users/neomei/Library/Containers/com.microsoft.Word/Data/tmp/wpscomposer-native-aj4dmxvd/operation-18fb61f97cd1477aaa6ecb12d329d803.applescript:31972:31983: execution error: Native Word operation failed (-10006): The object you are trying to access does not exist (-2700)

