........................................................................ [  8%]
........................................................................ [ 16%]
........................................................................ [ 24%]
..............................................ss..s..................... [ 32%]
........................................................................ [ 40%]
........................................................................ [ 48%]
...............ssssss................................................... [ 57%]
........................................................................ [ 65%]
........................................................................ [ 73%]
.............................Fs......................................... [ 81%]
........................................................................ [ 89%]
........................................................................ [ 97%]
..................                                                       [100%]
================================== FAILURES ===================================
_______ test_committed_addin_asset_manifest_matches_template_generator ________

    def test_committed_addin_asset_manifest_matches_template_generator() -> None:
        from skills.WPSComposer.scripts.macos_probe.templates import verify_addin_assets
    
>       verify_addin_assets(ROOT)

tests\longform_m3\test_macos_executor_m3.py:1254: 
_ _ _ _ _ _ _ _ _ _ _ _ _ _ _ _ _ _ _ _ _ _ _ _ _ _ _ _ _ _ _ _ _ _ _ _ _ _ _ _

assets = WindowsPath('macos/wps-jsapi-probe/addin')

    def verify_addin_assets(assets: Path) -> None:
        """Reject a generated add-in asset that no longer matches its manifest."""
    
        root = Path(assets)
        try:
            raw = json.loads((root / ADDIN_ASSET_MANIFEST).read_text(encoding="utf-8"))
            expected = build_addin_asset_manifest(root)
        except (OSError, ValueError, TypeError, KeyError):
            raise AddinAssetError("writer-longform-v2 add-in asset is unverified") from None
        if raw != expected:
>           raise AddinAssetError("writer-longform-v2 add-in asset digest mismatch") from None
E           skills.WPSComposer.scripts.macos_probe.templates.AddinAssetError: writer-longform-v2 add-in asset digest mismatch

skills\WPSComposer\scripts\macos_probe\templates.py:122: AddinAssetError
============================== warnings summary ===============================
tests/longform_m3/test_image_preflight.py::test_exif_orientation_normalizes_losslessly_and_retains_valid_icc
tests/longform_m3/test_image_preflight.py::test_multiframe_inputs_flatten_first_frame_without_path_leaks[animated.gif-gif-first-frame-png-v1]
tests/longform_m3/test_image_preflight.py::test_multiframe_inputs_flatten_first_frame_without_path_leaks[multipage.tiff-tiff-first-page-png-v1]
tests/longform_m3/test_image_preflight.py::test_oriented_cmyk_jpeg_normalizes_to_deterministic_rgb_png
tests/longform_m3/test_image_preflight.py::test_multiframe_cmyk_tiff_normalizes_first_page_to_rgb_png
tests/longform_m3/test_image_preflight.py::test_multiframe_float_tiff_normalizes_first_page_deterministically
tests/longform_m3/test_image_preflight.py::test_wide_signed_integer_tiff_uses_deterministic_rgb_fallback
  D:\MyDocuments\codexprojects\WpsComposer\.worktrees\windows-word-production\tests\longform_m3\test_image_preflight.py:52: DeprecationWarning: Image.Image.getdata is deprecated and will be removed in Pillow 14 (2027-10-15). Use get_flattened_data instead.
    actual_pixels = list(actual.convert("RGB").getdata())

tests/longform_m3/test_image_preflight.py::test_exif_orientation_normalizes_losslessly_and_retains_valid_icc
tests/longform_m3/test_image_preflight.py::test_multiframe_inputs_flatten_first_frame_without_path_leaks[animated.gif-gif-first-frame-png-v1]
tests/longform_m3/test_image_preflight.py::test_multiframe_inputs_flatten_first_frame_without_path_leaks[multipage.tiff-tiff-first-page-png-v1]
tests/longform_m3/test_image_preflight.py::test_oriented_cmyk_jpeg_normalizes_to_deterministic_rgb_png
tests/longform_m3/test_image_preflight.py::test_multiframe_cmyk_tiff_normalizes_first_page_to_rgb_png
tests/longform_m3/test_image_preflight.py::test_multiframe_float_tiff_normalizes_first_page_deterministically
tests/longform_m3/test_image_preflight.py::test_wide_signed_integer_tiff_uses_deterministic_rgb_fallback
  D:\MyDocuments\codexprojects\WpsComposer\.worktrees\windows-word-production\tests\longform_m3\test_image_preflight.py:53: DeprecationWarning: Image.Image.getdata is deprecated and will be removed in Pillow 14 (2027-10-15). Use get_flattened_data instead.
    expected_pixels = list(expected.convert("RGB").getdata())

tests/longform_m3/test_image_preflight.py::test_multiframe_unsigned_16bit_tiff_preserves_exact_first_page_samples[I;16-<]
tests/longform_m3/test_image_preflight.py::test_multiframe_unsigned_16bit_tiff_preserves_exact_first_page_samples[I;16L-<]
tests/longform_m3/test_image_preflight.py::test_multiframe_unsigned_16bit_tiff_preserves_exact_first_page_samples[I;16B->]
tests/longform_m3/test_image_preflight.py::test_multiframe_unsigned_16bit_tiff_preserves_exact_first_page_samples[I-None]
  D:\MyDocuments\codexprojects\WpsComposer\.worktrees\windows-word-production\tests\longform_m3\test_image_preflight.py:430: DeprecationWarning: Image.Image.getdata is deprecated and will be removed in Pillow 14 (2027-10-15). Use get_flattened_data instead.
    assert list(normalized.getdata()) == samples

tests/longform_m3/test_image_preflight.py::test_oriented_unsigned_16bit_tiff_preserves_exact_transposed_samples
  D:\MyDocuments\codexprojects\WpsComposer\.worktrees\windows-word-production\tests\longform_m3\test_image_preflight.py:448: DeprecationWarning: Image.Image.getdata is deprecated and will be removed in Pillow 14 (2027-10-15). Use get_flattened_data instead.
    expected = list(ImageOps.exif_transpose(decoded_source).getdata())

tests/longform_m3/test_image_preflight.py::test_oriented_unsigned_16bit_tiff_preserves_exact_transposed_samples
  D:\MyDocuments\codexprojects\WpsComposer\.worktrees\windows-word-production\tests\longform_m3\test_image_preflight.py:452: DeprecationWarning: Image.Image.getdata is deprecated and will be removed in Pillow 14 (2027-10-15). Use get_flattened_data instead.
    assert list(normalized.getdata()) == expected

-- Docs: https://docs.pytest.org/en/stable/how-to/capture-warnings.html
=========================== short test summary info ===========================
SKIPPED [1] tests\longform\test_resources.py:209: os.symlink needs SeCreateSymbolicLinkPrivilege on Windows
SKIPPED [1] tests\longform\test_resources.py:229: os.symlink needs SeCreateSymbolicLinkPrivilege on Windows
SKIPPED [1] tests\longform\test_resources.py:284: chmod 0o000 does not revoke owner read access on Windows
SKIPPED [6] tests\longform_m2\test_acceptance_m2.py:679: real-WPS acceptance requires macOS
SKIPPED [1] tests\longform_m3\test_macos_real_wps_m3.py:18: set WPSCOMPOSER_RUN_REAL_WPS=1 for native macOS WPS acceptance
FAILED tests/longform_m3/test_macos_executor_m3.py::test_committed_addin_asset_manifest_matches_template_generator
1 failed, 871 passed, 10 skipped, 20 warnings in 24.28s
