node:internal/modules/cjs/loader:1520
  throw err;
  ^

Error: Cannot find module '../probe.js'
Require stack:
- /Users/neomei/项目/codexprojects/WpsComposer/.worktrees/office-description/.superpowers/sdd/2026-09-08-microsoft-wps-parity/officejs-word-probe-prepared/tests/probe.test.cjs
    at Module._resolveFilename (node:internal/modules/cjs/loader:1517:15)
    at wrapResolveFilename (node:internal/modules/cjs/loader:1071:27)
    at defaultResolveImplForCJSLoading (node:internal/modules/cjs/loader:1095:10)
    at resolveForCJSWithHooks (node:internal/modules/cjs/loader:1122:12)
    at Module._load (node:internal/modules/cjs/loader:1294:5)
    at wrapModuleLoad (node:internal/modules/cjs/loader:255:19)
    at Module.require (node:internal/modules/cjs/loader:1617:12)
    at require (node:internal/modules/helpers:153:16)
    at Object.<anonymous> (/Users/neomei/项目/codexprojects/WpsComposer/.worktrees/office-description/.superpowers/sdd/2026-09-08-microsoft-wps-parity/officejs-word-probe-prepared/tests/probe.test.cjs:5:11)
    at Module._compile (node:internal/modules/cjs/loader:1871:14) {
  code: 'MODULE_NOT_FOUND',
  requireStack: [
    '/Users/neomei/项目/codexprojects/WpsComposer/.worktrees/office-description/.superpowers/sdd/2026-09-08-microsoft-wps-parity/officejs-word-probe-prepared/tests/probe.test.cjs'
  ]
}

Node.js v24.18.0
✖ tests/probe.test.cjs (42.632666ms)
ℹ tests 1
ℹ suites 0
ℹ pass 0
ℹ fail 1
ℹ cancelled 0
ℹ skipped 0
ℹ todo 0
ℹ duration_ms 47.309208

✖ failing tests:

test at tests/probe.test.cjs:1:1
✖ tests/probe.test.cjs (42.632666ms)
  'test failed'
