....FFFF                                                                 [100%]
================================== FAILURES ===================================
_ test_native_heading_scheme_contract[chinese-formal-formats1-styles1-WriterComposer] _

composer_type = <class 'skills.WPSComposer.scripts.writer.WriterComposer'>
scheme = 'chinese-formal', formats = ['第%1章', '第%2节', '%3、', '（%4）']
styles = [37, 37, 37, 37]

    @pytest.mark.parametrize('composer_type', [WriterComposer, NativeWordComposer])
    @pytest.mark.parametrize('scheme,formats,styles', [
        ('decimal', ['%1', '%1.%2', '%1.%2.%3', '%1.%2.%3.%4'], [0, 0, 0, 0]),
        ('chinese-formal', ['第%1章', '第%2节', '%3、', '（%4）'], [37, 37, 37, 37]),
        ('hybrid-bid', ['第%1章', '%1.%2', '%1.%2.%3', '关键工法%4：'], [37, 253, 253, 22]),
    ])
    def test_native_heading_scheme_contract(composer_type, scheme, formats, styles):
        levels = {i: SimpleNamespace() for i in range(1, 5)}
        template = SimpleNamespace(ListLevels=lambda i: levels[i])
        allocations = []
        def allocate(outline):
            allocations.append(outline)
            return template
        native_range = SimpleNamespace(ListFormat=SimpleNamespace(ListString='native number'))
        composer = object.__new__(composer_type)
        composer._native_position = lambda: 0
        composer.add_heading_level = lambda text, level: None
        composer._doc = SimpleNamespace(
            ListTemplates=SimpleNamespace(Add=allocate),
            Styles=lambda identifier: SimpleNamespace(
                NameLocal=str(identifier), LinkToListTemplate=lambda template, level: None),
            Range=lambda start, end: native_range,
        )
        for chapter in range(2):
            for level in range(1, 5):
                composer.add_heading_level_native('Chapter heading', level, numbering=True, scheme=scheme)
        assert allocations == [True], 'Both chapters must use the same outline template'
>       assert [levels[i].NumberFormat for i in levels] == formats
E       AssertionError: assert ['第%1章', '%1....'%1.%2.%3.%4'] == ['第%1章', '第%2...'%3、', '（%4）']
E         
E         At index 1 diff: '%1.%2' != '第%2节'
E         Use -v to get more diff

tests\msoffice\test_windows_numbering.py:68: AssertionError
_ test_native_heading_scheme_contract[chinese-formal-formats1-styles1-NativeWordComposer] _

composer_type = <class 'skills.WPSComposer.scripts.msoffice.windows_host.NativeWordComposer'>
scheme = 'chinese-formal', formats = ['第%1章', '第%2节', '%3、', '（%4）']
styles = [37, 37, 37, 37]

    @pytest.mark.parametrize('composer_type', [WriterComposer, NativeWordComposer])
    @pytest.mark.parametrize('scheme,formats,styles', [
        ('decimal', ['%1', '%1.%2', '%1.%2.%3', '%1.%2.%3.%4'], [0, 0, 0, 0]),
        ('chinese-formal', ['第%1章', '第%2节', '%3、', '（%4）'], [37, 37, 37, 37]),
        ('hybrid-bid', ['第%1章', '%1.%2', '%1.%2.%3', '关键工法%4：'], [37, 253, 253, 22]),
    ])
    def test_native_heading_scheme_contract(composer_type, scheme, formats, styles):
        levels = {i: SimpleNamespace() for i in range(1, 5)}
        template = SimpleNamespace(ListLevels=lambda i: levels[i])
        allocations = []
        def allocate(outline):
            allocations.append(outline)
            return template
        native_range = SimpleNamespace(ListFormat=SimpleNamespace(ListString='native number'))
        composer = object.__new__(composer_type)
        composer._native_position = lambda: 0
        composer.add_heading_level = lambda text, level: None
        composer._doc = SimpleNamespace(
            ListTemplates=SimpleNamespace(Add=allocate),
            Styles=lambda identifier: SimpleNamespace(
                NameLocal=str(identifier), LinkToListTemplate=lambda template, level: None),
            Range=lambda start, end: native_range,
        )
        for chapter in range(2):
            for level in range(1, 5):
                composer.add_heading_level_native('Chapter heading', level, numbering=True, scheme=scheme)
        assert allocations == [True], 'Both chapters must use the same outline template'
>       assert [levels[i].NumberFormat for i in levels] == formats
E       AssertionError: assert ['第%1章', '%1....'%1.%2.%3.%4'] == ['第%1章', '第%2...'%3、', '（%4）']
E         
E         At index 1 diff: '%1.%2' != '第%2节'
E         Use -v to get more diff

tests\msoffice\test_windows_numbering.py:68: AssertionError
_ test_native_heading_scheme_contract[hybrid-bid-formats2-styles2-WriterComposer] _

composer_type = <class 'skills.WPSComposer.scripts.writer.WriterComposer'>
scheme = 'hybrid-bid', formats = ['第%1章', '%1.%2', '%1.%2.%3', '关键工法%4：']
styles = [37, 253, 253, 22]

    @pytest.mark.parametrize('composer_type', [WriterComposer, NativeWordComposer])
    @pytest.mark.parametrize('scheme,formats,styles', [
        ('decimal', ['%1', '%1.%2', '%1.%2.%3', '%1.%2.%3.%4'], [0, 0, 0, 0]),
        ('chinese-formal', ['第%1章', '第%2节', '%3、', '（%4）'], [37, 37, 37, 37]),
        ('hybrid-bid', ['第%1章', '%1.%2', '%1.%2.%3', '关键工法%4：'], [37, 253, 253, 22]),
    ])
    def test_native_heading_scheme_contract(composer_type, scheme, formats, styles):
        levels = {i: SimpleNamespace() for i in range(1, 5)}
        template = SimpleNamespace(ListLevels=lambda i: levels[i])
        allocations = []
        def allocate(outline):
            allocations.append(outline)
            return template
        native_range = SimpleNamespace(ListFormat=SimpleNamespace(ListString='native number'))
        composer = object.__new__(composer_type)
        composer._native_position = lambda: 0
        composer.add_heading_level = lambda text, level: None
        composer._doc = SimpleNamespace(
            ListTemplates=SimpleNamespace(Add=allocate),
            Styles=lambda identifier: SimpleNamespace(
                NameLocal=str(identifier), LinkToListTemplate=lambda template, level: None),
            Range=lambda start, end: native_range,
        )
        for chapter in range(2):
            for level in range(1, 5):
                composer.add_heading_level_native('Chapter heading', level, numbering=True, scheme=scheme)
        assert allocations == [True], 'Both chapters must use the same outline template'
>       assert [levels[i].NumberFormat for i in levels] == formats
E       AssertionError: assert ['%1', '%1.%2...'%1.%2.%3.%4'] == ['第%1章', '%1....3', '关键工法%4：']
E         
E         At index 0 diff: '%1' != '第%1章'
E         Use -v to get more diff

tests\msoffice\test_windows_numbering.py:68: AssertionError
_ test_native_heading_scheme_contract[hybrid-bid-formats2-styles2-NativeWordComposer] _

composer_type = <class 'skills.WPSComposer.scripts.msoffice.windows_host.NativeWordComposer'>
scheme = 'hybrid-bid', formats = ['第%1章', '%1.%2', '%1.%2.%3', '关键工法%4：']
styles = [37, 253, 253, 22]

    @pytest.mark.parametrize('composer_type', [WriterComposer, NativeWordComposer])
    @pytest.mark.parametrize('scheme,formats,styles', [
        ('decimal', ['%1', '%1.%2', '%1.%2.%3', '%1.%2.%3.%4'], [0, 0, 0, 0]),
        ('chinese-formal', ['第%1章', '第%2节', '%3、', '（%4）'], [37, 37, 37, 37]),
        ('hybrid-bid', ['第%1章', '%1.%2', '%1.%2.%3', '关键工法%4：'], [37, 253, 253, 22]),
    ])
    def test_native_heading_scheme_contract(composer_type, scheme, formats, styles):
        levels = {i: SimpleNamespace() for i in range(1, 5)}
        template = SimpleNamespace(ListLevels=lambda i: levels[i])
        allocations = []
        def allocate(outline):
            allocations.append(outline)
            return template
        native_range = SimpleNamespace(ListFormat=SimpleNamespace(ListString='native number'))
        composer = object.__new__(composer_type)
        composer._native_position = lambda: 0
        composer.add_heading_level = lambda text, level: None
        composer._doc = SimpleNamespace(
            ListTemplates=SimpleNamespace(Add=allocate),
            Styles=lambda identifier: SimpleNamespace(
                NameLocal=str(identifier), LinkToListTemplate=lambda template, level: None),
            Range=lambda start, end: native_range,
        )
        for chapter in range(2):
            for level in range(1, 5):
                composer.add_heading_level_native('Chapter heading', level, numbering=True, scheme=scheme)
        assert allocations == [True], 'Both chapters must use the same outline template'
>       assert [levels[i].NumberFormat for i in levels] == formats
E       AssertionError: assert ['%1', '%1.%2...'%1.%2.%3.%4'] == ['第%1章', '%1....3', '关键工法%4：']
E         
E         At index 0 diff: '%1' != '第%1章'
E         Use -v to get more diff

tests\msoffice\test_windows_numbering.py:68: AssertionError
=========================== short test summary info ===========================
FAILED tests/msoffice/test_windows_numbering.py::test_native_heading_scheme_contract[chinese-formal-formats1-styles1-WriterComposer]
FAILED tests/msoffice/test_windows_numbering.py::test_native_heading_scheme_contract[chinese-formal-formats1-styles1-NativeWordComposer]
FAILED tests/msoffice/test_windows_numbering.py::test_native_heading_scheme_contract[hybrid-bid-formats2-styles2-WriterComposer]
FAILED tests/msoffice/test_windows_numbering.py::test_native_heading_scheme_contract[hybrid-bid-formats2-styles2-NativeWordComposer]
4 failed, 4 passed in 0.43s
