FF                                                                       [100%]
=================================== FAILURES ===================================
_______ test_patch_supplied_structural_op_is_rejected_before_open[True] ________

mac_ms = None
monkeypatch = <_pytest.monkeypatch.MonkeyPatch object at 0x1086897f0>
atomic = True

    @pytest.mark.parametrize('atomic', [True, False])
    def test_patch_supplied_structural_op_is_rejected_before_open(mac_ms, monkeypatch, atomic):
        opened=[]
        def open_native(*args, **kwargs):
            opened.append(True)
            raise RuntimeError('native opener reached')
        monkeypatch.setattr(api, 'open_document', open_native)
        patch={'op':'insert','type':'table','position':'start',
               'props':{'rows':1,'cols':1,'data':[['keep']]}}
        with pytest.raises(ValueError, match='Mac Word.*table.*end'):
>           api.edit('/source.docx', engine='msoffice', patches=iter([patch]),
                     output='/other.docx', atomic=atomic)

.superpowers/sdd/2026-09-08-microsoft-wps-parity/checkpoint-integration-scratch/test_table_position_patch_review.py:16: 
_ _ _ _ _ _ _ _ _ _ _ _ _ _ _ _ _ _ _ _ _ _ _ _ _ _ _ _ _ _ _ _ _ _ _ _ _ _ _ _ 
skills/WPSComposer/scripts/document_api.py:1177: in edit
    composer = open_document(path, kind=kind, read_only=False, visible=visible, **routing)
_ _ _ _ _ _ _ _ _ _ _ _ _ _ _ _ _ _ _ _ _ _ _ _ _ _ _ _ _ _ _ _ _ _ _ _ _ _ _ _ 

args = ('/source.docx',)
kwargs = {'engine': 'msoffice', 'kind': None, 'read_only': False, 'visible': False}

    def open_native(*args, **kwargs):
        opened.append(True)
>       raise RuntimeError('native opener reached')
E       RuntimeError: native opener reached

.superpowers/sdd/2026-09-08-microsoft-wps-parity/checkpoint-integration-scratch/test_table_position_patch_review.py:11: RuntimeError
_______ test_patch_supplied_structural_op_is_rejected_before_open[False] _______

mac_ms = None
monkeypatch = <_pytest.monkeypatch.MonkeyPatch object at 0x108689b50>
atomic = False

    @pytest.mark.parametrize('atomic', [True, False])
    def test_patch_supplied_structural_op_is_rejected_before_open(mac_ms, monkeypatch, atomic):
        opened=[]
        def open_native(*args, **kwargs):
            opened.append(True)
            raise RuntimeError('native opener reached')
        monkeypatch.setattr(api, 'open_document', open_native)
        patch={'op':'insert','type':'table','position':'start',
               'props':{'rows':1,'cols':1,'data':[['keep']]}}
        with pytest.raises(ValueError, match='Mac Word.*table.*end'):
>           api.edit('/source.docx', engine='msoffice', patches=iter([patch]),
                     output='/other.docx', atomic=atomic)

.superpowers/sdd/2026-09-08-microsoft-wps-parity/checkpoint-integration-scratch/test_table_position_patch_review.py:16: 
_ _ _ _ _ _ _ _ _ _ _ _ _ _ _ _ _ _ _ _ _ _ _ _ _ _ _ _ _ _ _ _ _ _ _ _ _ _ _ _ 
skills/WPSComposer/scripts/document_api.py:1177: in edit
    composer = open_document(path, kind=kind, read_only=False, visible=visible, **routing)
_ _ _ _ _ _ _ _ _ _ _ _ _ _ _ _ _ _ _ _ _ _ _ _ _ _ _ _ _ _ _ _ _ _ _ _ _ _ _ _ 

args = ('/source.docx',)
kwargs = {'engine': 'msoffice', 'kind': None, 'read_only': False, 'visible': False}

    def open_native(*args, **kwargs):
        opened.append(True)
>       raise RuntimeError('native opener reached')
E       RuntimeError: native opener reached

.superpowers/sdd/2026-09-08-microsoft-wps-parity/checkpoint-integration-scratch/test_table_position_patch_review.py:11: RuntimeError
=========================== short test summary info ============================
FAILED .superpowers/sdd/2026-09-08-microsoft-wps-parity/checkpoint-integration-scratch/test_table_position_patch_review.py::test_patch_supplied_structural_op_is_rejected_before_open[True]
FAILED .superpowers/sdd/2026-09-08-microsoft-wps-parity/checkpoint-integration-scratch/test_table_position_patch_review.py::test_patch_supplied_structural_op_is_rejected_before_open[False]
2 failed in 0.51s
