table-2-content-hash:0: set qt to table 2 of boundDoc
table-2-content-hash:1: set recoveryTask to current application's NSTask's alloc()'s init()
table-2-content-hash:2: recoveryTask's setLaunchPath:"/usr/bin/shasum"
table-2-content-hash:3: recoveryTask's setArguments:{"-a", "256"}
table-2-content-hash:4: set recoveryInput to current application's NSPipe's pipe()
table-2-content-hash:5: set recoveryOutput to current application's NSPipe's pipe()
table-2-content-hash:6: recoveryTask's setStandardInput:recoveryInput
table-2-content-hash:7: recoveryTask's setStandardOutput:recoveryOutput
table-2-content-hash:8: recoveryTask's setStandardError:(current application's NSFileHandle's fileHandleWithNullDevice())
table-2-content-hash:9: set recoveryData to (current application's NSString's stringWithString:(content of text object of qt as text))'s dataUsingEncoding:4
table-2-content-hash:10: recoveryTask's |launch|()
table-2-content-hash:11: (recoveryInput's fileHandleForWriting())'s writeData:recoveryData
table-2-content-hash:12: (recoveryInput's fileHandleForWriting())'s closeFile()
table-2-content-hash:13: set recoveryDigestData to (recoveryOutput's fileHandleForReading())'s readDataToEndOfFile()
table-2-content-hash:14: recoveryTask's waitUntilExit()
table-2-content-hash:15: if (recoveryTask's terminationStatus() as integer) is not 0 then error "WPSC_CHECKPOINT_HASH_FAILED"
table-2-content-hash:16: set recoveryDigestText to (current application's NSString's alloc()'s initWithData:recoveryDigestData |encoding|:4) as text
table-2-content-hash:17: if (length of recoveryDigestText) is not 68 then error "WPSC_CHECKPOINT_HASH_FAILED"
table-2-content-hash:18: if text 65 thru 68 of recoveryDigestText is not "  -" & linefeed then error "WPSC_CHECKPOINT_HASH_FAILED"
table-2-content-hash:19: set probeTableHash to text 1 thru 64 of recoveryDigestText
table-2-content-hash:20: set probeRows to {{"table-hash",probeTableHash}}

["WPSCOMPOSER_WORD_SESSION_OK",[["read-ok",[["table-hash","d1ccc02ce94b65788df797c2b5be5183cc2522fe4c5315c6946a9bd4b3a7d8e5"]]]]]
