node:internal/modules/cjs/loader:1520
  throw err;
  ^

Error: Cannot find module 'express/package.json'
Require stack:
- /private/var/folders/0n/49qgdd8x7kgcvh719fw743mh0000gn/T/wps-qs-baseline-l_5d89b8/macos/wps-jsapi-probe/package.json
    at Module._resolveFilename (node:internal/modules/cjs/loader:1517:15)
    at wrapResolveFilename (node:internal/modules/cjs/loader:1071:27)
    at resolveForCJSWithHooks (node:internal/modules/cjs/loader:1122:12)
    at require.resolve (node:internal/modules/helpers:171:31)
    at Object.<anonymous> (/private/var/folders/0n/49qgdd8x7kgcvh719fw743mh0000gn/T/wps-qs-baseline-l_5d89b8/tests/macos_probe/qs_dependency_regressions.cjs:13:54)
    at Module._compile (node:internal/modules/cjs/loader:1871:14)
    at Object..js (node:internal/modules/cjs/loader:2002:10)
    at Module.load (node:internal/modules/cjs/loader:1594:32)
    at Module._load (node:internal/modules/cjs/loader:1396:12)
    at wrapModuleLoad (node:internal/modules/cjs/loader:255:19) {
  code: 'MODULE_NOT_FOUND',
  requireStack: [
    '/private/var/folders/0n/49qgdd8x7kgcvh719fw743mh0000gn/T/wps-qs-baseline-l_5d89b8/macos/wps-jsapi-probe/package.json'
  ]
}

Node.js v24.18.0
✖ /var/folders/0n/49qgdd8x7kgcvh719fw743mh0000gn/T/wps-qs-baseline-l_5d89b8/tests/macos_probe/qs_dependency_regressions.cjs (26.314833ms)
ℹ tests 1
ℹ suites 0
ℹ pass 0
ℹ fail 1
ℹ cancelled 0
ℹ skipped 0
ℹ todo 0
ℹ duration_ms 29.780625

✖ failing tests:

test at ../../../../../../../var/folders/0n/49qgdd8x7kgcvh719fw743mh0000gn/T/wps-qs-baseline-l_5d89b8/tests/macos_probe/qs_dependency_regressions.cjs:1:1
✖ /var/folders/0n/49qgdd8x7kgcvh719fw743mh0000gn/T/wps-qs-baseline-l_5d89b8/tests/macos_probe/qs_dependency_regressions.cjs (26.314833ms)
  'test failed'
